Component: ARM Compiler 5.06 update 6 (build 750) Tool: armlink [4d35ed]

==============================================================================

Section Cross References

    startup_stm32l475xx.o(RESET) refers to startup_stm32l475xx.o(STACK) for __initial_sp
    startup_stm32l475xx.o(RESET) refers to startup_stm32l475xx.o(.text) for Reset_Handler
    startup_stm32l475xx.o(RESET) refers to stm32l4xx_it.o(i.NMI_Handler) for NMI_Handler
    startup_stm32l475xx.o(RESET) refers to stm32l4xx_it.o(i.HardFault_Handler) for HardFault_Handler
    startup_stm32l475xx.o(RESET) refers to stm32l4xx_it.o(i.MemManage_Handler) for MemManage_Handler
    startup_stm32l475xx.o(RESET) refers to stm32l4xx_it.o(i.BusFault_Handler) for BusFault_Handler
    startup_stm32l475xx.o(RESET) refers to stm32l4xx_it.o(i.UsageFault_Handler) for UsageFault_Handler
    startup_stm32l475xx.o(RESET) refers to stm32l4xx_it.o(i.SVC_Handler) for SVC_Handler
    startup_stm32l475xx.o(RESET) refers to stm32l4xx_it.o(i.DebugMon_Handler) for DebugMon_Handler
    startup_stm32l475xx.o(RESET) refers to stm32l4xx_it.o(i.PendSV_Handler) for PendSV_Handler
    startup_stm32l475xx.o(RESET) refers to stm32l4xx_it.o(i.SysTick_Handler) for SysTick_Handler
    startup_stm32l475xx.o(.text) refers to system_stm32l4xx.o(i.SystemInit) for SystemInit
    startup_stm32l475xx.o(.text) refers to entry.o(.ARM.Collect$$$$00000000) for __main
    pnet.o(i.ai_pnet_create) refers to ai_platform_interface.o(i.ai_platform_network_create) for ai_platform_network_create
    pnet.o(i.ai_pnet_create) refers to pnet.o(.data) for .data
    pnet.o(i.ai_pnet_destroy) refers to ai_platform_interface.o(i.ai_platform_network_destroy) for ai_platform_network_destroy
    pnet.o(i.ai_pnet_forward) refers to ai_platform_interface.o(i.ai_platform_network_process) for ai_platform_network_process
    pnet.o(i.ai_pnet_get_error) refers to ai_platform_interface.o(i.ai_platform_network_get_error) for ai_platform_network_get_error
    pnet.o(i.ai_pnet_get_info) refers to ai_platform_interface.o(i.ai_platform_context_acquire) for ai_platform_context_acquire
    pnet.o(i.ai_pnet_get_info) refers to memcpya.o(.text) for __aeabi_memcpy4
    pnet.o(i.ai_pnet_get_info) refers to ai_platform_interface.o(i.ai_platform_runtime_get_revision) for ai_platform_runtime_get_revision
    pnet.o(i.ai_pnet_get_info) refers to ai_platform_interface.o(i.ai_platform_runtime_get_version) for ai_platform_runtime_get_version
    pnet.o(i.ai_pnet_get_info) refers to ai_platform_interface.o(i.ai_platform_api_get_version) for ai_platform_api_get_version
    pnet.o(i.ai_pnet_get_info) refers to ai_platform_interface.o(i.ai_platform_interface_api_get_version) for ai_platform_interface_api_get_version
    pnet.o(i.ai_pnet_get_info) refers to ai_platform_interface.o(i.ai_platform_api_get_network_report) for ai_platform_api_get_network_report
    pnet.o(i.ai_pnet_get_info) refers to pnet.o(.constdata) for .constdata
    pnet.o(i.ai_pnet_init) refers to ai_platform_interface.o(i.ai_platform_network_init) for ai_platform_network_init
    pnet.o(i.ai_pnet_init) refers to pnet.o(i.pnet_configure_weights) for pnet_configure_weights
    pnet.o(i.ai_pnet_init) refers to pnet.o(.data) for .data
    pnet.o(i.ai_pnet_run) refers to ai_platform_interface.o(i.ai_platform_network_process) for ai_platform_network_process
    pnet.o(i.pnet_configure_weights) refers to pnet.o(.data) for .data
    pnet.o(.constdata) refers to pnet.o(.data) for <Data39>
    pnet.o(.constdata) refers to pnet.o(.data) for <Data46>
    pnet.o(.constdata) refers to pnet.o(.data) for <Data52>
    pnet.o(.constdata) refers to pnet.o(.data) for <Data58>
    pnet.o(.constdata) refers to pnet.o(.conststring) for .conststring
    pnet.o(.data) refers to pnet.o(.data) for input_1_output
    pnet.o(.data) refers to pnet.o(.data) for conv1_output
    pnet.o(.data) refers to pnet.o(.data) for conv1_weights
    pnet.o(.data) refers to pnet.o(.data) for conv1_bias
    pnet.o(.data) refers to pnet.o(.data) for conv1_alpha
    pnet.o(.data) refers to pnet.o(.data) for conv1_scratch0
    pnet.o(.data) refers to pnet.o(.data) for <Data35>
    pnet.o(.data) refers to pnet.o(.data) for <Data36>
    pnet.o(.data) refers to pnet.o(.data) for <Data37>
    pnet.o(.data) refers to pnet.o(.data) for <Data38>
    pnet.o(.data) refers to pnet.o(.data) for conv1_output
    pnet.o(.data) refers to pnet.o(.data) for conv2_output
    pnet.o(.data) refers to pnet.o(.data) for conv2_weights
    pnet.o(.data) refers to pnet.o(.data) for conv2_bias
    pnet.o(.data) refers to pnet.o(.data) for conv2_alpha
    pnet.o(.data) refers to pnet.o(.data) for <Data42>
    pnet.o(.data) refers to pnet.o(.data) for <Data43>
    pnet.o(.data) refers to pnet.o(.data) for <Data44>
    pnet.o(.data) refers to pnet.o(.data) for <Data45>
    pnet.o(.data) refers to pnet.o(.data) for conv2_output
    pnet.o(.data) refers to pnet.o(.data) for conv3_output
[...]
    acoshf.o(i.acoshf) refers (Special) to iusefp.o(.text) for __I$use$fp
    acoshf.o(i.acoshf) refers to acoshf.o(i.__hardfp_acoshf) for __hardfp_acoshf
    acoshf_x.o(i.____hardfp_acoshf$lsc) refers (Special) to iusefp.o(.text) for __I$use$fp
    acoshf_x.o(i.____hardfp_acoshf$lsc) refers to errno.o(i.__set_errno) for __set_errno
    acoshf_x.o(i.____hardfp_acoshf$lsc) refers to funder.o(i.__mathlib_flt_infnan) for __mathlib_flt_infnan
    acoshf_x.o(i.____hardfp_acoshf$lsc) refers to logf.o(i.__hardfp_logf) for __mathlib_logf
    acoshf_x.o(i.____hardfp_acoshf$lsc) refers to sqrtf.o(i.sqrtf) for sqrtf
    acoshf_x.o(i.____hardfp_acoshf$lsc) refers to log1pf_i.o(i.__mathlib_log1pf) for __mathlib_log1pf
    acoshf_x.o(i.____softfp_acoshf$lsc) refers (Special) to iusefp.o(.text) for __I$use$fp
    acoshf_x.o(i.____softfp_acoshf$lsc) refers to acoshf_x.o(i.____hardfp_acoshf$lsc) for ____hardfp_acoshf$lsc
    acoshf_x.o(i.__acoshf$lsc) refers (Special) to iusefp.o(.text) for __I$use$fp
    acoshf_x.o(i.__acoshf$lsc) refers to acoshf_x.o(i.____hardfp_acoshf$lsc) for ____hardfp_acoshf$lsc
    asinf.o(i.__hardfp_asinf) refers (Special) to iusefp.o(.text) for __I$use$fp
    asinf.o(i.__hardfp_asinf) refers to sqrtf.o(i.sqrtf) for sqrtf
    asinf.o(i.__hardfp_asinf) refers to fpclassifyf.o(i.__ARM_fpclassifyf) for __ARM_fpclassifyf
    asinf.o(i.__hardfp_asinf) refers to funder.o(i.__mathlib_flt_underflow) for __mathlib_flt_underflow
    asinf.o(i.__hardfp_asinf) refers to funder.o(i.__mathlib_flt_infnan) for __mathlib_flt_infnan
    asinf.o(i.__hardfp_asinf) refers to errno.o(i.__set_errno) for __set_errno
    asinf.o(i.__hardfp_asinf) refers to funder.o(i.__mathlib_flt_invalid) for __mathlib_flt_invalid
    asinf.o(i.__softfp_asinf) refers (Special) to iusefp.o(.text) for __I$use$fp
    asinf.o(i.__softfp_asinf) refers to asinf.o(i.__hardfp_asinf) for __hardfp_asinf
    asinf.o(i.asinf) refers (Special) to iusefp.o(.text) for __I$use$fp
    asinf.o(i.asinf) refers to asinf.o(i.__hardfp_asinf) for __hardfp_asinf
    asinf_x.o(i.____hardfp_asinf$lsc) refers (Special) to iusefp.o(.text) for __I$use$fp
    asinf_x.o(i.____hardfp_asinf$lsc) refers to sqrtf.o(i.sqrtf) for sqrtf
    asinf_x.o(i.____hardfp_asinf$lsc) refers to funder.o(i.__mathlib_flt_infnan) for __mathlib_flt_infnan
    asinf_x.o(i.____hardfp_asinf$lsc) refers to errno.o(i.__set_errno) for __set_errno
    asinf_x.o(i.____softfp_asinf$lsc) refers (Special) to iusefp.o(.text) for __I$use$fp
    asinf_x.o(i.____softfp_asinf$lsc) refers to asinf_x.o(i.____hardfp_asinf$lsc) for ____hardfp_asinf$lsc
    asinf_x.o(i.__asinf$lsc) refers (Special) to iusefp.o(.text) for __I$use$fp
    asinf_x.o(i.__asinf$lsc) refers to asinf_x.o(i.____hardfp_asinf$lsc) for ____hardfp_asinf$lsc
    asinhf.o(i.__hardfp_asinhf) refers (Special) to iusefp.o(.text) for __I$use$fp
    asinhf.o(i.__hardfp_asinhf) refers to funder.o(i.__mathlib_flt_infnan) for __mathlib_flt_infnan
    asinhf.o(i.__hardfp_asinhf) refers to fpclassifyf.o(i.__ARM_fpclassifyf) for __ARM_fpclassifyf
    asinhf.o(i.__hardfp_asinhf) refers to funder.o(i.__mathlib_flt_underflow) for __mathlib_flt_underflow
    asinhf.o(i.__hardfp_asinhf) refers to logf.o(i.__hardfp_logf) for __mathlib_logf
    asinhf.o(i.__hardfp_asinhf) refers to sqrtf.o(i.sqrtf) for sqrtf
    asinhf.o(i.__hardfp_asinhf) refers to log1pf_i.o(i.__mathlib_log1pf) for __mathlib_log1pf
    asinhf.o(i.__softfp_asinhf) refers (Special) to iusefp.o(.text) for __I$use$fp
    asinhf.o(i.__softfp_asinhf) refers to asinhf.o(i.__hardfp_asinhf) for __hardfp_asinhf
    asinhf.o(i.asinhf) refers (Special) to iusefp.o(.text) for __I$use$fp
    asinhf.o(i.asinhf) refers to asinhf.o(i.__hardfp_asinhf) for __hardfp_asinhf
    asinhf_x.o(i.____hardfp_asinhf$lsc) refers (Special) to iusefp.o(.text) for __I$use$fp
    asinhf_x.o(i.____hardfp_asinhf$lsc) refers to funder.o(i.__mathlib_flt_infnan) for __mathlib_flt_infnan
    asinhf_x.o(i.____hardfp_asinhf$lsc) refers to logf.o(i.__hardfp_logf) for __mathlib_logf
    asinhf_x.o(i.____hardfp_asinhf$lsc) refers to sqrtf.o(i.sqrtf) for sqrtf
    asinhf_x.o(i.____hardfp_asinhf$lsc) refers to log1pf_i.o(i.__mathlib_log1pf) for __mathlib_log1pf
    asinhf_x.o(i.____softfp_asinhf$lsc) refers (Special) to iusefp.o(.text) for __I$use$fp
    asinhf_x.o(i.____softfp_asinhf$lsc) refers to asinhf_x.o(i.____hardfp_asinhf$lsc) for ____hardfp_asinhf$lsc
    asinhf_x.o(i.__asinhf$lsc) refers (Special) to iusefp.o(.text) for __I$use$fp
    asinhf_x.o(i.__asinhf$lsc) refers to asinhf_x.o(i.____hardfp_asinhf$lsc) for ____hardfp_asinhf$lsc
    atanf.o(i.__hardfp_atanf) refers (Special) to iusefp.o(.text) for __I$use$fp
    atanf.o(i.__hardfp_atanf) refers to fpclassifyf.o(i.__ARM_fpclassifyf) for __ARM_fpclassifyf
    atanf.o(i.__hardfp_atanf) refers to funder.o(i.__mathlib_flt_underflow) for __mathlib_flt_underflow
    atanf.o(i.__hardfp_atanf) refers to funder.o(i.__mathlib_flt_infnan) for __mathlib_flt_infnan
    atanf.o(i.__softfp_atanf) refers (Special) to iusefp.o(.text) for __I$use$fp
    atanf.o(i.__softfp_atanf) refers to atanf.o(i.__hardfp_atanf) for __hardfp_atanf
    atanf.o(i.atanf) refers (Special) to iusefp.o(.text) for __I$use$fp
    atanf.o(i.atanf) refers to atanf.o(i.__hardfp_atanf) for __hardfp_atanf
    atanf_x.o(i.____hardfp_atanf$lsc) refers (Special) to iusefp.o(.text) for __I$use$fp
    atanf_x.o(i.____hardfp_atanf$lsc) refers to funder.o(i.__mathlib_flt_infnan) for __mathlib_flt_infnan
    atanf_x.o(i.____softfp_atanf$lsc) refers (Special) to iusefp.o(.text) for __I$use$fp
    atanf_x.o(i.____softfp_atanf$lsc) refers to atanf_x.o(i.____hardfp_atanf$lsc) for ____hardfp_atanf$lsc
    atanf_x.o(i.__atanf$lsc) refers (Special) to iusefp.o(.text) for __I$use$fp
    atanf_x.o(i.__atanf$lsc) refers to atanf_x.o(i.____hardfp_atanf$lsc) for ____hardfp_atanf$lsc
    atanhf.o(i.__hardfp_atanhf) refers (Special) to iusefp.o(.text) for __I$use$fp
    atanhf.o(i.__hardfp_atanhf) refers to funder.o(i.__mathlib_flt_infnan) for __mathlib_flt_infnan
    atanhf.o(i.__hardfp_atanhf) refers to errno.o(i.__set_errno) for __set_errno
    atanhf.o(i.__hardfp_atanhf) refers to funder.o(i.__mathlib_flt_invalid) for __mathlib_flt_invalid
    atanhf.o(i.__hardfp_atanhf) refers to funder.o(i.__mathlib_flt_divzero) for __mathlib_flt_divzero
    atanhf.o(i.__hardfp_atanhf) refers to fpclassifyf.o(i.__ARM_fpclassifyf) for __ARM_fpclassifyf
    atanhf.o(i.__hardfp_atanhf) refers to funder.o(i.__mathlib_flt_underflow) for __mathlib_flt_underflow
    atanhf.o(i.__hardfp_atanhf) refers to log1pf_i.o(i.__mathlib_log1pf) for __mathlib_log1pf
    atanhf.o(i.__softfp_atanhf) refers (Special) to iusefp.o(.text) for __I$use$fp
    atanhf.o(i.__softfp_atanhf) refers to atanhf.o(i.__hardfp_atanhf) for __hardfp_atanhf
    atanhf.o(i.atanhf) refers (Special) to iusefp.o(.text) for __I$use$fp
    atanhf.o(i.atanhf) refers to atanhf.o(i.__hardfp_atanhf) for __hardfp_atanhf
    atanhf_x.o(i.____hardfp_atanhf$lsc) refers (Special) to iusefp.o(.text) for __I$use$fp
    atanhf_x.o(i.____hardfp_atanhf$lsc) refers to funder.o(i.__mathlib_flt_infnan) for __mathlib_flt_infnan
    atanhf_x.o(i.____hardfp_atanhf$lsc) refers to errno.o(i.__set_errno) for __set_errno
    atanhf_x.o(i.____hardfp_atanhf$lsc) refers to log1pf_i.o(i.__mathlib_log1pf) for __mathlib_log1pf
    atanhf_x.o(i.____softfp_atanhf$lsc) refers (Special) to iusefp.o(.text) for __I$use$fp
    atanhf_x.o(i.____softfp_atanhf$lsc) refers to atanhf_x.o(i.____hardfp_atanhf$lsc) for ____hardfp_atanhf$lsc
    atanhf_x.o(i.__atanhf$lsc) refers (Special) to iusefp.o(.text) for __I$use$fp
    atanhf_x.o(i.__atanhf$lsc) refers to atanhf_x.o(i.____hardfp_atanhf$lsc) for ____hardfp_atanhf$lsc
    ceilf.o(i.__hardfp_ceilf) refers (Special) to iusefp.o(.text) for __I$use$fp
    ceilf.o(i.__softfp_ceilf) refers (Special) to iusefp.o(.text) for __I$use$fp
    ceilf.o(i.ceilf) refers (Special) to iusefp.o(.text) for __I$use$fp
    cosf.o(i.__hardfp_cosf) refers (Special) to iusefp.o(.text) for __I$use$fp
    cosf.o(i.__hardfp_cosf) refers to rredf.o(i.__mathlib_rredf2) for __mathlib_rredf2
    cosf.o(i.__hardfp_cosf) refers to errno.o(i.__set_errno) for __set_errno
    cosf.o(i.__hardfp_cosf) refers to funder.o(i.__mathlib_flt_invalid) for __mathlib_flt_invalid
    cosf.o(i.__hardfp_cosf) refers to funder.o(i.__mathlib_flt_infnan) for __mathlib_flt_infnan
    cosf.o(i.__softfp_cosf) refers (Special) to iusefp.o(.text) for __I$use$fp
    cosf.o(i.__softfp_cosf) refers to cosf.o(i.__hardfp_cosf) for __hardfp_cosf
    cosf.o(i.cosf) refers (Special) to iusefp.o(.text) for __I$use$fp
    cosf.o(i.cosf) refers to cosf.o(i.__hardfp_cosf) for __hardfp_cosf
    cosf_x.o(i.____hardfp_cosf$lsc) refers (Special) to iusefp.o(.text) for __I$use$fp
    cosf_x.o(i.____hardfp_cosf$lsc) refers to rredf.o(i.__mathlib_rredf2) for __mathlib_rredf2
    cosf_x.o(i.____hardfp_cosf$lsc) refers to errno.o(i.__set_errno) for __set_errno
    cosf_x.o(i.____hardfp_cosf$lsc) refers to funder.o(i.__mathlib_flt_infnan) for __mathlib_flt_infnan
    cosf_x.o(i.____softfp_cosf$lsc) refers (Special) to iusefp.o(.text) for __I$use$fp
    cosf_x.o(i.____softfp_cosf$lsc) refers to cosf_x.o(i.____hardfp_cosf$lsc) for ____hardfp_cosf$lsc
    cosf_x.o(i.__cosf$lsc) refers (Special) to iusefp.o(.text) for __I$use$fp
    cosf_x.o(i.__cosf$lsc) refers to cosf_x.o(i.____hardfp_cosf$lsc) for ____hardfp_cosf$lsc
    coshf.o(i.__hardfp_coshf) refers (Special) to iusefp.o(.text) for __I$use$fp
    coshf.o(i.__hardfp_coshf) refers to expf.o(i.__hardfp_expf) for __hardfp_expf
    coshf.o(i.__hardfp_coshf) refers to errno.o(i.__set_errno) for __set_errno
    coshf.o(i.__hardfp_coshf) refers to funder.o(i.__mathlib_flt_overflow) for __mathlib_flt_overflow
    coshf.o(i.__hardfp_coshf) refers to funder.o(i.__mathlib_flt_infnan) for __mathlib_flt_infnan
    coshf.o(i.__softfp_coshf) refers (Special) to iusefp.o(.text) for __I$use$fp
    coshf.o(i.__softfp_coshf) refers to coshf.o(i.__hardfp_coshf) for __hardfp_coshf
    coshf.o(i.coshf) refers (Special) to iusefp.o(.text) for __I$use$fp
    coshf.o(i.coshf) refers to coshf.o(i.__hardfp_coshf) for __hardfp_coshf
    coshf_x.o(i.____hardfp_coshf$lsc) refers (Special) to iusefp.o(.text) for __I$use$fp
    coshf_x.o(i.____hardfp_coshf$lsc) refers to expf.o(i.__hardfp_expf) for __hardfp_expf
    coshf_x.o(i.____hardfp_coshf$lsc) refers to fpstat.o(.text) for __ieee_status
    coshf_x.o(i.____hardfp_coshf$lsc) refers to errno.o(i.__set_errno) for __set_errno
    coshf_x.o(i.____hardfp_coshf$lsc) refers to funder.o(i.__mathlib_flt_infnan) for __mathlib_flt_infnan
    coshf_x.o(i.____softfp_coshf$lsc) refers (Special) to iusefp.o(.text) for __I$use$fp
    coshf_x.o(i.____softfp_coshf$lsc) refers to coshf_x.o(i.____hardfp_coshf$lsc) for ____hardfp_coshf$lsc
    coshf_x.o(i.__coshf$lsc) refers (Special) to iusefp.o(.text) for __I$use$fp
    coshf_x.o(i.__coshf$lsc) refers to coshf_x.o(i.____hardfp_coshf$lsc) for ____hardfp_coshf$lsc
    erff.o(i.__hardfp_erff) refers (Special) to iusefp.o(.text) for __I$use$fp
    erff.o(i.__hardfp_erff) refers to fpclassifyf.o(i.__ARM_fpclassifyf) for __ARM_fpclassifyf
    erff.o(i.__hardfp_erff) refers to funder.o(i.__mathlib_flt_underflow) for __mathlib_flt_underflow
    erff.o(i.__hardfp_erff) refers to funder.o(i.__mathlib_flt_infnan) for __mathlib_flt_infnan
    erff.o(i.__softfp_erff) refers (Special) to iusefp.o(.text) for __I$use$fp
    erff.o(i.__softfp_erff) refers to erff.o(i.__hardfp_erff) for __hardfp_erff
    erff.o(i.erff) refers (Special) to iusefp.o(.text) for __I$use$fp
    erff.o(i.erff) refers to erff.o(i.__hardfp_erff) for __hardfp_erff
    erff_x.o(i.____hardfp_erff$lsc) refers (Special) to iusefp.o(.text) for __I$use$fp
    erff_x.o(i.____hardfp_erff$lsc) refers to funder.o(i.__mathlib_flt_infnan) for __mathlib_flt_infnan
    erff_x.o(i.____softfp_erff$lsc) refers (Special) to iusefp.o(.text) for __I$use$fp
    erff_x.o(i.____softfp_erff$lsc) refers to erff_x.o(i.____hardfp_erff$lsc) for ____hardfp_erff$lsc
    erff_x.o(i.__erff$lsc) refers (Special) to iusefp.o(.text) for __I$use$fp
    erff_x.o(i.__erff$lsc) refers to erff_x.o(i.____hardfp_erff$lsc) for ____hardfp_erff$lsc
    expf.o(i.__hardfp_expf) refers (Special) to iusefp.o(.text) for __I$use$fp
    expf.o(i.__hardfp_expf) refers to errno.o(i.__set_errno) for __set_errno
    expf.o(i.__hardfp_expf) refers to funder.o(i.__mathlib_flt_underflow) for __mathlib_flt_underflow
    expf.o(i.__hardfp_expf) refers to funder.o(i.__mathlib_flt_infnan) for __mathlib_flt_infnan
    expf.o(i.__hardfp_expf) refers to funder.o(i.__mathlib_flt_overflow) for __mathlib_flt_overflow
    expf.o(i.__hardfp_expf) refers to fpclassifyf.o(i.__ARM_fpclassifyf) for __ARM_fpclassifyf
    expf.o(i.__hardfp_expf) refers to expf.o(.constdata) for .constdata
    expf.o(i.__softfp_expf) refers (Special) to iusefp.o(.text) for __I$use$fp
    expf.o(i.__softfp_expf) refers to expf.o(i.__hardfp_expf) for __hardfp_expf
    expf.o(i.expf) refers (Special) to iusefp.o(.text) for __I$use$fp
    expf.o(i.expf) refers to expf.o(i.__hardfp_expf) for __hardfp_expf
    expf.o(.constdata) refers (Special) to iusefp.o(.text) for __I$use$fp
    expf_x.o(i.____hardfp_expf$lsc) refers (Special) to iusefp.o(.text) for __I$use$fp
    expf_x.o(i.____hardfp_expf$lsc) refers to errno.o(i.__set_errno) for __set_errno
    expf_x.o(i.____hardfp_expf$lsc) refers to funder.o(i.__mathlib_flt_infnan) for __mathlib_flt_infnan
    expf_x.o(i.____hardfp_expf$lsc) refers to fpstat.o(.text) for __ieee_status
    expf_x.o(i.____hardfp_expf$lsc) refers to expf_x.o(.constdata) for .constdata
    expf_x.o(i.____softfp_expf$lsc) refers (Special) to iusefp.o(.text) for __I$use$fp
    expf_x.o(i.____softfp_expf$lsc) refers to expf_x.o(i.____hardfp_expf$lsc) for ____hardfp_expf$lsc
    expf_x.o(i.__expf$lsc) refers (Special) to iusefp.o(.text) for __I$use$fp
    expf_x.o(i.__expf$lsc) refers to expf_x.o(i.____hardfp_expf$lsc) for ____hardfp_expf$lsc
    expf_x.o(.constdata) refers (Special) to iusefp.o(.text) for __I$use$fp
    floorf.o(i.__hardfp_floorf) refers (Special) to iusefp.o(.text) for __I$use$fp
    floorf.o(i.__softfp_floorf) refers (Special) to iusefp.o(.text) for __I$use$fp
    floorf.o(i.floorf) refers (Special) to iusefp.o(.text) for __I$use$fp
    fmodf.o(i.__hardfp_fmodf) refers (Special) to iusefp.o(.text) for __I$use$fp
    fmodf.o(i.__hardfp_fmodf) refers to frem.o(.text) for _frem
    fmodf.o(i.__hardfp_fmodf) refers to errno.o(i.__set_errno) for __set_errno
    fmodf.o(i.__hardfp_fmodf) refers to funder.o(i.__mathlib_flt_invalid) for __mathlib_flt_invalid
    fmodf.o(i.__softfp_fmodf) refers (Special) to iusefp.o(.text) for __I$use$fp
    fmodf.o(i.__softfp_fmodf) refers to fmodf.o(i.__hardfp_fmodf) for __hardfp_fmodf
    fmodf.o(i.fmodf) refers (Special) to iusefp.o(.text) for __I$use$fp
    fmodf.o(i.fmodf) refers to fmodf.o(i.__hardfp_fmodf) for __hardfp_fmodf
    fmodf_x.o(i.____hardfp_fmodf$lsc) refers (Special) to iusefp.o(.text) for __I$use$fp
    fmodf_x.o(i.____hardfp_fmodf$lsc) refers to frem.o(.text) for _frem
    fmodf_x.o(i.____hardfp_fmodf$lsc) refers to errno.o(i.__set_errno) for __set_errno
    fmodf_x.o(i.____softfp_fmodf$lsc) refers (Special) to iusefp.o(.text) for __I$use$fp
    fmodf_x.o(i.____softfp_fmodf$lsc) refers to fmodf_x.o(i.____hardfp_fmodf$lsc) for ____hardfp_fmodf$lsc
    fmodf_x.o(i.__fmodf$lsc) refers (Special) to iusefp.o(.text) for __I$use$fp
    fmodf_x.o(i.__fmodf$lsc) refers to fmodf_x.o(i.____hardfp_fmodf$lsc) for ____hardfp_fmodf$lsc
    logf.o(i.__hardfp_logf) refers (Special) to iusefp.o(.text) for __I$use$fp
    logf.o(i.__hardfp_logf) refers to funder.o(i.__mathlib_flt_infnan) for __mathlib_flt_infnan
    logf.o(i.__hardfp_logf) refers to errno.o(i.__set_errno) for __set_errno
    logf.o(i.__hardfp_logf) refers to funder.o(i.__mathlib_flt_invalid) for __mathlib_flt_invalid
    logf.o(i.__hardfp_logf) refers to funder.o(i.__mathlib_flt_divzero) for __mathlib_flt_divzero
    logf.o(i.__hardfp_logf) refers to logf.o(.constdata) for .constdata
    logf.o(i.__softfp_logf) refers (Special) to iusefp.o(.text) for __I$use$fp
    logf.o(i.__softfp_logf) refers to logf.o(i.__hardfp_logf) for __hardfp_logf
    logf.o(i.logf) refers (Special) to iusefp.o(.text) for __I$use$fp
    logf.o(i.logf) refers to logf.o(i.__hardfp_logf) for __hardfp_logf
    logf.o(.constdata) refers (Special) to iusefp.o(.text) for __I$use$fp
    logf_x.o(i.____hardfp_logf$lsc) refers (Special) to iusefp.o(.text) for __I$use$fp
    logf_x.o(i.____hardfp_logf$lsc) refers to funder.o(i.__mathlib_flt_infnan) for __mathlib_flt_infnan
    logf_x.o(i.____hardfp_logf$lsc) refers to errno.o(i.__set_errno) for __set_errno
    logf_x.o(i.____hardfp_logf$lsc) refers to logf_x.o(.constdata) for .constdata
    logf_x.o(i.____softfp_logf$lsc) refers (Special) to iusefp.o(.text) for __I$use$fp
    logf_x.o(i.____softfp_logf$lsc) refers to logf_x.o(i.____hardfp_logf$lsc) for ____hardfp_logf$lsc
    logf_x.o(i.__logf$lsc) refers (Special) to iusefp.o(.text) for __I$use$fp
    logf_x.o(i.__logf$lsc) refers to logf_x.o(i.____hardfp_logf$lsc) for ____hardfp_logf$lsc
    logf_x.o(.constdata) refers (Special) to iusefp.o(.text) for __I$use$fp
    powf.o(i.__hardfp_powf) refers (Special) to iusefp.o(.text) for __I$use$fp
    powf.o(i.__hardfp_powf) refers to fpstat.o(.text) for __ieee_status
    powf.o(i.__hardfp_powf) refers to errno.o(i.__set_errno) for __set_errno
    powf.o(i.__hardfp_powf) refers to funder.o(i.__mathlib_flt_overflow) for __mathlib_flt_overflow
    powf.o(i.__hardfp_powf) refers to fpclassifyf.o(i.__ARM_fpclassifyf) for __ARM_fpclassifyf
    powf.o(i.__hardfp_powf) refers to funder.o(i.__mathlib_flt_underflow) for __mathlib_flt_underflow
    powf.o(i.__hardfp_powf) refers to funder.o(i.__mathlib_flt_invalid) for __mathlib_flt_invalid
    powf.o(i.__hardfp_powf) refers to powf.o(.constdata) for .constdata
    powf.o(i.__hardfp_powf) refers to funder.o(i.__mathlib_flt_infnan2) for __mathlib_flt_infnan2
    powf.o(i.__hardfp_powf) refers to funder.o(i.__mathlib_flt_divzero) for __mathlib_flt_divzero
    powf.o(i.__softfp_powf) refers (Special) to iusefp.o(.text) for __I$use$fp
    powf.o(i.__softfp_powf) refers to powf.o(i.__hardfp_powf) for __hardfp_powf
    powf.o(i.powf) refers (Special) to iusefp.o(.text) for __I$use$fp
    powf.o(i.powf) refers to powf.o(i.__hardfp_powf) for __hardfp_powf
    powf.o(.constdata) refers (Special) to iusefp.o(.text) for __I$use$fp
    powf_x.o(i.____hardfp_powf$lsc) refers (Special) to iusefp.o(.text) for __I$use$fp
    powf_x.o(i.____hardfp_powf$lsc) refers to fpstat.o(.text) for __ieee_status
    powf_x.o(i.____hardfp_powf$lsc) refers to errno.o(i.__set_errno) for __set_errno
    powf_x.o(i.____hardfp_powf$lsc) refers to powf_x.o(.constdata) for .constdata
    powf_x.o(i.____hardfp_powf$lsc) refers to funder.o(i.__mathlib_flt_infnan2) for __mathlib_flt_infnan2
    powf_x.o(i.____softfp_powf$lsc) refers (Special) to iusefp.o(.text) for __I$use$fp
    powf_x.o(i.____softfp_powf$lsc) refers to powf_x.o(i.____hardfp_powf$lsc) for ____hardfp_powf$lsc
    powf_x.o(i.__powf$lsc) refers (Special) to iusefp.o(.text) for __I$use$fp
    powf_x.o(i.__powf$lsc) refers to powf_x.o(i.____hardfp_powf$lsc) for ____hardfp_powf$lsc
    powf_x.o(.constdata) refers (Special) to iusefp.o(.text) for __I$use$fp
    sinf.o(i.__hardfp_sinf) refers (Special) to iusefp.o(.text) for __I$use$fp
    sinf.o(i.__hardfp_sinf) refers to rredf.o(i.__mathlib_rredf2) for __mathlib_rredf2
    sinf.o(i.__hardfp_sinf) refers to fpclassifyf.o(i.__ARM_fpclassifyf) for __ARM_fpclassifyf
    sinf.o(i.__hardfp_sinf) refers to funder.o(i.__mathlib_flt_underflow) for __mathlib_flt_underflow
    sinf.o(i.__hardfp_sinf) refers to errno.o(i.__set_errno) for __set_errno
    sinf.o(i.__hardfp_sinf) refers to funder.o(i.__mathlib_flt_invalid) for __mathlib_flt_invalid
    sinf.o(i.__hardfp_sinf) refers to funder.o(i.__mathlib_flt_infnan) for __mathlib_flt_infnan
    sinf.o(i.__softfp_sinf) refers (Special) to iusefp.o(.text) for __I$use$fp
    sinf.o(i.__softfp_sinf) refers to sinf.o(i.__hardfp_sinf) for __hardfp_sinf
    sinf.o(i.sinf) refers (Special) to iusefp.o(.text) for __I$use$fp
    sinf.o(i.sinf) refers to sinf.o(i.__hardfp_sinf) for __hardfp_sinf
    sinf_x.o(i.____hardfp_sinf$lsc) refers (Special) to iusefp.o(.text) for __I$use$fp
    sinf_x.o(i.____hardfp_sinf$lsc) refers to rredf.o(i.__mathlib_rredf2) for __mathlib_rredf2
    sinf_x.o(i.____hardfp_sinf$lsc) refers to errno.o(i.__set_errno) for __set_errno
    sinf_x.o(i.____hardfp_sinf$lsc) refers to funder.o(i.__mathlib_flt_infnan) for __mathlib_flt_infnan
    sinf_x.o(i.____softfp_sinf$lsc) refers (Special) to iusefp.o(.text) for __I$use$fp
    sinf_x.o(i.____softfp_sinf$lsc) refers to sinf_x.o(i.____hardfp_sinf$lsc) for ____hardfp_sinf$lsc
    sinf_x.o(i.__sinf$lsc) refers (Special) to iusefp.o(.text) for __I$use$fp
    sinf_x.o(i.__sinf$lsc) refers to sinf_x.o(i.____hardfp_sinf$lsc) for ____hardfp_sinf$lsc
    sinhf.o(i.__hardfp_sinhf) refers (Special) to iusefp.o(.text) for __I$use$fp
    sinhf.o(i.__hardfp_sinhf) refers to expf.o(i.__hardfp_expf) for __hardfp_expf
    sinhf.o(i.__hardfp_sinhf) refers to funder.o(i.__mathlib_flt_infnan) for __mathlib_flt_infnan
    sinhf.o(i.__hardfp_sinhf) refers to errno.o(i.__set_errno) for __set_errno
    sinhf.o(i.__hardfp_sinhf) refers to funder.o(i.__mathlib_flt_overflow) for __mathlib_flt_overflow
    sinhf.o(i.__hardfp_sinhf) refers to fpclassifyf.o(i.__ARM_fpclassifyf) for __ARM_fpclassifyf
    sinhf.o(i.__hardfp_sinhf) refers to funder.o(i.__mathlib_flt_underflow) for __mathlib_flt_underflow
    sinhf.o(i.__softfp_sinhf) refers (Special) to iusefp.o(.text) for __I$use$fp
    sinhf.o(i.__softfp_sinhf) refers to sinhf.o(i.__hardfp_sinhf) for __hardfp_sinhf
    sinhf.o(i.sinhf) refers (Special) to iusefp.o(.text) for __I$use$fp
    sinhf.o(i.sinhf) refers to sinhf.o(i.__hardfp_sinhf) for __hardfp_sinhf
    sinhf_x.o(i.____hardfp_sinhf$lsc) refers (Special) to iusefp.o(.text) for __I$use$fp
    sinhf_x.o(i.____hardfp_sinhf$lsc) refers to expf.o(i.__hardfp_expf) for __hardfp_expf
    sinhf_x.o(i.____hardfp_sinhf$lsc) refers to funder.o(i.__mathlib_flt_infnan) for __mathlib_flt_infnan
    sinhf_x.o(i.____hardfp_sinhf$lsc) refers to errno.o(i.__set_errno) for __set_errno
    sinhf_x.o(i.____softfp_sinhf$lsc) refers (Special) to iusefp.o(.text) for __I$use$fp
    sinhf_x.o(i.____softfp_sinhf$lsc) refers to sinhf_x.o(i.____hardfp_sinhf$lsc) for ____hardfp_sinhf$lsc
    sinhf_x.o(i.__sinhf$lsc) refers (Special) to iusefp.o(.text) for __I$use$fp
    sinhf_x.o(i.__sinhf$lsc) refers to sinhf_x.o(i.____hardfp_sinhf$lsc) for ____hardfp_sinhf$lsc
    sqrtf.o(i.__hardfp_sqrtf) refers (Special) to iusefp.o(.text) for __I$use$fp
    sqrtf.o(i.__hardfp_sqrtf) refers to errno.o(i.__set_errno) for __set_errno
    sqrtf.o(i.__softfp_sqrtf) refers (Special) to iusefp.o(.text) for __I$use$fp
    sqrtf.o(i.__softfp_sqrtf) refers to errno.o(i.__set_errno) for __set_errno
    sqrtf.o(i.sqrtf) refers (Special) to iusefp.o(.text) for __I$use$fp
    sqrtf.o(i.sqrtf) refers to errno.o(i.__set_errno) for __set_errno
    sqrtf_x.o(i.____hardfp_sqrtf$lsc) refers (Special) to iusefp.o(.text) for __I$use$fp
    sqrtf_x.o(i.____hardfp_sqrtf$lsc) refers to errno.o(i.__set_errno) for __set_errno
    sqrtf_x.o(i.____softfp_sqrtf$lsc) refers (Special) to iusefp.o(.text) for __I$use$fp
    sqrtf_x.o(i.____softfp_sqrtf$lsc) refers to errno.o(i.__set_errno) for __set_errno
    sqrtf_x.o(i.__sqrtf$lsc) refers (Special) to iusefp.o(.text) for __I$use$fp
    sqrtf_x.o(i.__sqrtf$lsc) refers to errno.o(i.__set_errno) for __set_errno
    tanf.o(i.__hardfp_tanf) refers (Special) to iusefp.o(.text) for __I$use$fp
    tanf.o(i.__hardfp_tanf) refers to rredf.o(i.__mathlib_rredf2) for __mathlib_rredf2
    tanf.o(i.__hardfp_tanf) refers to fpclassifyf.o(i.__ARM_fpclassifyf) for __ARM_fpclassifyf
    tanf.o(i.__hardfp_tanf) refers to funder.o(i.__mathlib_flt_underflow) for __mathlib_flt_underflow
    tanf.o(i.__hardfp_tanf) refers to errno.o(i.__set_errno) for __set_errno
    tanf.o(i.__hardfp_tanf) refers to funder.o(i.__mathlib_flt_invalid) for __mathlib_flt_invalid
    tanf.o(i.__hardfp_tanf) refers to funder.o(i.__mathlib_flt_infnan) for __mathlib_flt_infnan
    tanf.o(i.__softfp_tanf) refers (Special) to iusefp.o(.text) for __I$use$fp
    tanf.o(i.__softfp_tanf) refers to tanf.o(i.__hardfp_tanf) for __hardfp_tanf
    tanf.o(i.tanf) refers (Special) to iusefp.o(.text) for __I$use$fp
    tanf.o(i.tanf) refers to tanf.o(i.__hardfp_tanf) for __hardfp_tanf
    tanf_x.o(i.____hardfp_tanf$lsc) refers (Special) to iusefp.o(.text) for __I$use$fp
    tanf_x.o(i.____hardfp_tanf$lsc) refers to rredf.o(i.__mathlib_rredf2) for __mathlib_rredf2
    tanf_x.o(i.____hardfp_tanf$lsc) refers to errno.o(i.__set_errno) for __set_errno
    tanf_x.o(i.____hardfp_tanf$lsc) refers to funder.o(i.__mathlib_flt_infnan) for __mathlib_flt_infnan
    tanf_x.o(i.____softfp_tanf$lsc) refers (Special) to iusefp.o(.text) for __I$use$fp
    tanf_x.o(i.____softfp_tanf$lsc) refers to tanf_x.o(i.____hardfp_tanf$lsc) for ____hardfp_tanf$lsc
    tanf_x.o(i.__tanf$lsc) refers (Special) to iusefp.o(.text) for __I$use$fp
    tanf_x.o(i.__tanf$lsc) refers to tanf_x.o(i.____hardfp_tanf$lsc) for ____hardfp_tanf$lsc
    tanhf.o(i.__hardfp_tanhf) refers (Special) to iusefp.o(.text) for __I$use$fp
    tanhf.o(i.__hardfp_tanhf) refers to expf.o(i.__hardfp_expf) for __hardfp_expf
    tanhf.o(i.__hardfp_tanhf) refers to fpclassifyf.o(i.__ARM_fpclassifyf) for __ARM_fpclassifyf
    tanhf.o(i.__hardfp_tanhf) refers to funder.o(i.__mathlib_flt_underflow) for __mathlib_flt_underflow
    tanhf.o(i.__hardfp_tanhf) refers to funder.o(i.__mathlib_flt_infnan) for __mathlib_flt_infnan
    tanhf.o(i.__softfp_tanhf) refers (Special) to iusefp.o(.text) for __I$use$fp
    tanhf.o(i.__softfp_tanhf) refers to tanhf.o(i.__hardfp_tanhf) for __hardfp_tanhf
    tanhf.o(i.tanhf) refers (Special) to iusefp.o(.text) for __I$use$fp
    tanhf.o(i.tanhf) refers to tanhf.o(i.__hardfp_tanhf) for __hardfp_tanhf
    tanhf_x.o(i.____hardfp_tanhf$lsc) refers (Special) to iusefp.o(.text) for __I$use$fp
    tanhf_x.o(i.____hardfp_tanhf$lsc) refers to expf.o(i.__hardfp_expf) for __hardfp_expf
    tanhf_x.o(i.____hardfp_tanhf$lsc) refers to funder.o(i.__mathlib_flt_infnan) for __mathlib_flt_infnan
    tanhf_x.o(i.____softfp_tanhf$lsc) refers (Special) to iusefp.o(.text) for __I$use$fp
    tanhf_x.o(i.____softfp_tanhf$lsc) refers to tanhf_x.o(i.____hardfp_tanhf$lsc) for ____hardfp_tanhf$lsc
    tanhf_x.o(i.__tanhf$lsc) refers (Special) to iusefp.o(.text) for __I$use$fp
    tanhf_x.o(i.__tanhf$lsc) refers to tanhf_x.o(i.____hardfp_tanhf$lsc) for ____hardfp_tanhf$lsc
    roundf.o(i.__hardfp_roundf) refers (Special) to iusefp.o(.text) for __I$use$fp
    roundf.o(i.__hardfp_roundf) refers to frnd.o(.text) for _frnd
    roundf.o(i.roundf) refers (Special) to iusefp.o(.text) for __I$use$fp
    roundf.o(i.roundf) refers to roundf.o(i.__hardfp_roundf) for __hardfp_roundf
    entry.o(.ARM.Collect$$$$00000000) refers (Special) to entry10a.o(.ARM.Collect$$$$0000000D) for __rt_final_cpp
    entry.o(.ARM.Collect$$$$00000000) refers (Special) to entry11a.o(.ARM.Collect$$$$0000000F) for __rt_final_exit
    entry.o(.ARM.Collect$$$$00000000) refers (Special) to entry7b.o(.ARM.Collect$$$$00000008) for _main_clock
    entry.o(.ARM.Collect$$$$00000000) refers (Special) to entry8b.o(.ARM.Collect$$$$0000000A) for _main_cpp_init
    entry.o(.ARM.Collect$$$$00000000) refers (Special) to entry9a.o(.ARM.Collect$$$$0000000B) for _main_init
    entry.o(.ARM.Collect$$$$00000000) refers (Special) to entry5.o(.ARM.Collect$$$$00000004) for _main_scatterload
    entry.o(.ARM.Collect$$$$00000000) refers (Special) to entry2.o(.ARM.Collect$$$$00000001) for _main_stk
    uldiv.o(.text) refers to llushr.o(.text) for __aeabi_llsr
    uldiv.o(.text) refers to llshl.o(.text) for __aeabi_llsl
    printfb.o(i.__0fprintf$bare) refers to printfb.o(i._printf_core) for _printf_core
    printfb.o(i.__0fprintf$bare) refers to aitestutility.o(i.fputc) for fputc
    printfb.o(i.__0printf$bare) refers to printfb.o(i._printf_core) for _printf_core
    printfb.o(i.__0printf$bare) refers to aitestutility.o(i.fputc) for fputc
    printfb.o(i.__0printf$bare) refers to stdout.o(.data) for __stdout
    printfb.o(i.__0snprintf$bare) refers to printfb.o(i._printf_core) for _printf_core
    printfb.o(i.__0snprintf$bare) refers to printfb.o(i._snputc) for _snputc
    printfb.o(i.__0sprintf$bare) refers to printfb.o(i._printf_core) for _printf_core
    printfb.o(i.__0sprintf$bare) refers to printfb.o(i._sputc) for _sputc
    printfb.o(i.__0vfprintf$bare) refers to printfb.o(i._printf_core) for _printf_core
    printfb.o(i.__0vfprintf$bare) refers to aitestutility.o(i.fputc) for fputc
    printfb.o(i.__0vprintf$bare) refers to printfb.o(i._printf_core) for _printf_core
    printfb.o(i.__0vprintf$bare) refers to aitestutility.o(i.fputc) for fputc
    printfb.o(i.__0vprintf$bare) refers to stdout.o(.data) for __stdout
    printfb.o(i.__0vsnprintf$bare) refers to printfb.o(i._printf_core) for _printf_core
    printfb.o(i.__0vsnprintf$bare) refers to printfb.o(i._snputc) for _snputc
    printfb.o(i.__0vsprintf$bare) refers to printfb.o(i._printf_core) for _printf_core
    printfb.o(i.__0vsprintf$bare) refers to printfb.o(i._sputc) for _sputc
    printf0.o(i.__0fprintf$0) refers to printf0.o(i._printf_core) for _printf_core
    printf0.o(i.__0fprintf$0) refers to aitestutility.o(i.fputc) for fputc
    printf0.o(i.__0printf$0) refers to printf0.o(i._printf_core) for _printf_core
    printf0.o(i.__0printf$0) refers to aitestutility.o(i.fputc) for fputc
    printf0.o(i.__0printf$0) refers to stdout.o(.data) for __stdout
    printf0.o(i.__0snprintf$0) refers to printf0.o(i._printf_core) for _printf_core
    printf0.o(i.__0snprintf$0) refers to printf0.o(i._snputc) for _snputc
    printf0.o(i.__0sprintf$0) refers to printf0.o(i._printf_core) for _printf_core
    printf0.o(i.__0sprintf$0) refers to printf0.o(i._sputc) for _sputc
    printf0.o(i.__0vfprintf$0) refers to printf0.o(i._printf_core) for _printf_core
    printf0.o(i.__0vfprintf$0) refers to aitestutility.o(i.fputc) for fputc
    printf0.o(i.__0vprintf$0) refers to printf0.o(i._printf_core) for _printf_core
    printf0.o(i.__0vprintf$0) refers to aitestutility.o(i.fputc) for fputc
    printf0.o(i.__0vprintf$0) refers to stdout.o(.data) for __stdout
    printf0.o(i.__0vsnprintf$0) refers to printf0.o(i._printf_core) for _printf_core
    printf0.o(i.__0vsnprintf$0) refers to printf0.o(i._snputc) for _snputc
    printf0.o(i.__0vsprintf$0) refers to printf0.o(i._printf_core) for _printf_core
    printf0.o(i.__0vsprintf$0) refers to printf0.o(i._sputc) for _sputc
    printf1.o(i.__0fprintf$1) refers to printf1.o(i._printf_core) for _printf_core
    printf1.o(i.__0fprintf$1) refers to aitestutility.o(i.fputc) for fputc
    printf1.o(i.__0printf$1) refers to printf1.o(i._printf_core) for _printf_core
    printf1.o(i.__0printf$1) refers to aitestutility.o(i.fputc) for fputc
    printf1.o(i.__0printf$1) refers to stdout.o(.data) for __stdout
    printf1.o(i.__0snprintf$1) refers to printf1.o(i._printf_core) for _printf_core
    printf1.o(i.__0snprintf$1) refers to printf1.o(i._snputc) for _snputc
    printf1.o(i.__0sprintf$1) refers to printf1.o(i._printf_core) for _printf_core
    printf1.o(i.__0sprintf$1) refers to printf1.o(i._sputc) for _sputc
    printf1.o(i.__0vfprintf$1) refers to printf1.o(i._printf_core) for _printf_core
    printf1.o(i.__0vfprintf$1) refers to aitestutility.o(i.fputc) for fputc
    printf1.o(i.__0vprintf$1) refers to printf1.o(i._printf_core) for _printf_core
    printf1.o(i.__0vprintf$1) refers to aitestutility.o(i.fputc) for fputc
    printf1.o(i.__0vprintf$1) refers to stdout.o(.data) for __stdout
    printf1.o(i.__0vsnprintf$1) refers to printf1.o(i._printf_core) for _printf_core
    printf1.o(i.__0vsnprintf$1) refers to printf1.o(i._snputc) for _snputc
    printf1.o(i.__0vsprintf$1) refers to printf1.o(i._printf_core) for _printf_core
    printf1.o(i.__0vsprintf$1) refers to printf1.o(i._sputc) for _sputc
    printf1.o(i._printf_core) refers to uidiv.o(.text) for __aeabi_uidivmod
    printf2.o(i.__0fprintf$2) refers to printf2.o(i._printf_core) for _printf_core
    printf2.o(i.__0fprintf$2) refers to aitestutility.o(i.fputc) for fputc
    printf2.o(i.__0printf$2) refers to printf2.o(i._printf_core) for _printf_core
    printf2.o(i.__0printf$2) refers to aitestutility.o(i.fputc) for fputc
    printf2.o(i.__0printf$2) refers to stdout.o(.data) for __stdout
    printf2.o(i.__0snprintf$2) refers to printf2.o(i._printf_core) for _printf_core
    printf2.o(i.__0snprintf$2) refers to printf2.o(i._snputc) for _snputc
    printf2.o(i.__0sprintf$2) refers to printf2.o(i._printf_core) for _printf_core
    printf2.o(i.__0sprintf$2) refers to printf2.o(i._sputc) for _sputc
    printf2.o(i.__0vfprintf$2) refers to printf2.o(i._printf_core) for _printf_core
    printf2.o(i.__0vfprintf$2) refers to aitestutility.o(i.fputc) for fputc
    printf2.o(i.__0vprintf$2) refers to printf2.o(i._printf_core) for _printf_core
    printf2.o(i.__0vprintf$2) refers to aitestutility.o(i.fputc) for fputc
    printf2.o(i.__0vprintf$2) refers to stdout.o(.data) for __stdout
    printf2.o(i.__0vsnprintf$2) refers to printf2.o(i._printf_core) for _printf_core
    printf2.o(i.__0vsnprintf$2) refers to printf2.o(i._snputc) for _snputc
    printf2.o(i.__0vsprintf$2) refers to printf2.o(i._printf_core) for _printf_core
    printf2.o(i.__0vsprintf$2) refers to printf2.o(i._sputc) for _sputc
    printf3.o(i.__0fprintf$3) refers to printf3.o(i._printf_core) for _printf_core
    printf3.o(i.__0fprintf$3) refers to aitestutility.o(i.fputc) for fputc
    printf3.o(i.__0printf$3) refers to printf3.o(i._printf_core) for _printf_core
    printf3.o(i.__0printf$3) refers to aitestutility.o(i.fputc) for fputc
    printf3.o(i.__0printf$3) refers to stdout.o(.data) for __stdout
    printf3.o(i.__0snprintf$3) refers to printf3.o(i._printf_core) for _printf_core
    printf3.o(i.__0snprintf$3) refers to printf3.o(i._snputc) for _snputc
    printf3.o(i.__0sprintf$3) refers to printf3.o(i._printf_core) for _printf_core
    printf3.o(i.__0sprintf$3) refers to printf3.o(i._sputc) for _sputc
    printf3.o(i.__0vfprintf$3) refers to printf3.o(i._printf_core) for _printf_core
    printf3.o(i.__0vfprintf$3) refers to aitestutility.o(i.fputc) for fputc
    printf3.o(i.__0vprintf$3) refers to printf3.o(i._printf_core) for _printf_core
    printf3.o(i.__0vprintf$3) refers to aitestutility.o(i.fputc) for fputc
    printf3.o(i.__0vprintf$3) refers to stdout.o(.data) for __stdout
    printf3.o(i.__0vsnprintf$3) refers to printf3.o(i._printf_core) for _printf_core
    printf3.o(i.__0vsnprintf$3) refers to printf3.o(i._snputc) for _snputc
    printf3.o(i.__0vsprintf$3) refers to printf3.o(i._printf_core) for _printf_core
    printf3.o(i.__0vsprintf$3) refers to printf3.o(i._sputc) for _sputc
    printf3.o(i._printf_core) refers to uidiv.o(.text) for __aeabi_uidivmod
    printf4.o(i.__0fprintf$4) refers to printf4.o(i._printf_core) for _printf_core
    printf4.o(i.__0fprintf$4) refers to aitestutility.o(i.fputc) for fputc
    printf4.o(i.__0printf$4) refers to printf4.o(i._printf_core) for _printf_core
    printf4.o(i.__0printf$4) refers to aitestutility.o(i.fputc) for fputc
    printf4.o(i.__0printf$4) refers to stdout.o(.data) for __stdout
    printf4.o(i.__0snprintf$4) refers to printf4.o(i._printf_core) for _printf_core
    printf4.o(i.__0snprintf$4) refers to printf4.o(i._snputc) for _snputc
    printf4.o(i.__0sprintf$4) refers to printf4.o(i._printf_core) for _printf_core
    printf4.o(i.__0sprintf$4) refers to printf4.o(i._sputc) for _sputc
    printf4.o(i.__0vfprintf$4) refers to printf4.o(i._printf_core) for _printf_core
    printf4.o(i.__0vfprintf$4) refers to aitestutility.o(i.fputc) for fputc
    printf4.o(i.__0vprintf$4) refers to printf4.o(i._printf_core) for _printf_core
    printf4.o(i.__0vprintf$4) refers to aitestutility.o(i.fputc) for fputc
    printf4.o(i.__0vprintf$4) refers to stdout.o(.data) for __stdout
    printf4.o(i.__0vsnprintf$4) refers to printf4.o(i._printf_core) for _printf_core
    printf4.o(i.__0vsnprintf$4) refers to printf4.o(i._snputc) for _snputc
    printf4.o(i.__0vsprintf$4) refers to printf4.o(i._printf_core) for _printf_core
    printf4.o(i.__0vsprintf$4) refers to printf4.o(i._sputc) for _sputc
    printf4.o(i._printf_core) refers to uldiv.o(.text) for __aeabi_uldivmod
    printf5.o(i.__0fprintf$5) refers to printf5.o(i._printf_core) for _printf_core
    printf5.o(i.__0fprintf$5) refers to aitestutility.o(i.fputc) for fputc
    printf5.o(i.__0printf$5) refers to printf5.o(i._printf_core) for _printf_core
    printf5.o(i.__0printf$5) refers to aitestutility.o(i.fputc) for fputc
    printf5.o(i.__0printf$5) refers to stdout.o(.data) for __stdout
    printf5.o(i.__0snprintf$5) refers to printf5.o(i._printf_core) for _printf_core
    printf5.o(i.__0snprintf$5) refers to printf5.o(i._snputc) for _snputc
    printf5.o(i.__0sprintf$5) refers to printf5.o(i._printf_core) for _printf_core
    printf5.o(i.__0sprintf$5) refers to printf5.o(i._sputc) for _sputc
    printf5.o(i.__0vfprintf$5) refers to printf5.o(i._printf_core) for _printf_core
    printf5.o(i.__0vfprintf$5) refers to aitestutility.o(i.fputc) for fputc
    printf5.o(i.__0vprintf$5) refers to printf5.o(i._printf_core) for _printf_core
    printf5.o(i.__0vprintf$5) refers to aitestutility.o(i.fputc) for fputc
    printf5.o(i.__0vprintf$5) refers to stdout.o(.data) for __stdout
    printf5.o(i.__0vsnprintf$5) refers to printf5.o(i._printf_core) for _printf_core
    printf5.o(i.__0vsnprintf$5) refers to printf5.o(i._snputc) for _snputc
    printf5.o(i.__0vsprintf$5) refers to printf5.o(i._printf_core) for _printf_core
    printf5.o(i.__0vsprintf$5) refers to printf5.o(i._sputc) for _sputc
    printf5.o(i._printf_core) refers to uldiv.o(.text) for __aeabi_uldivmod
    printf6.o(i.__0fprintf$6) refers to printf6.o(i._printf_core) for _printf_core
    printf6.o(i.__0fprintf$6) refers to aitestutility.o(i.fputc) for fputc
    printf6.o(i.__0printf$6) refers to printf6.o(i._printf_core) for _printf_core
    printf6.o(i.__0printf$6) refers to aitestutility.o(i.fputc) for fputc
    printf6.o(i.__0printf$6) refers to stdout.o(.data) for __stdout
    printf6.o(i.__0snprintf$6) refers to printf6.o(i._printf_core) for _printf_core
    printf6.o(i.__0snprintf$6) refers to printf6.o(i._snputc) for _snputc
    printf6.o(i.__0sprintf$6) refers to printf6.o(i._printf_core) for _printf_core
    printf6.o(i.__0sprintf$6) refers to printf6.o(i._sputc) for _sputc
    printf6.o(i.__0vfprintf$6) refers to printf6.o(i._printf_core) for _printf_core
    printf6.o(i.__0vfprintf$6) refers to aitestutility.o(i.fputc) for fputc
    printf6.o(i.__0vprintf$6) refers to printf6.o(i._printf_core) for _printf_core
    printf6.o(i.__0vprintf$6) refers to aitestutility.o(i.fputc) for fputc
    printf6.o(i.__0vprintf$6) refers to stdout.o(.data) for __stdout
    printf6.o(i.__0vsnprintf$6) refers to printf6.o(i._printf_core) for _printf_core
    printf6.o(i.__0vsnprintf$6) refers to printf6.o(i._snputc) for _snputc
    printf6.o(i.__0vsprintf$6) refers to printf6.o(i._printf_core) for _printf_core
    printf6.o(i.__0vsprintf$6) refers to printf6.o(i._sputc) for _sputc
    printf6.o(i._printf_core) refers to printf6.o(i._printf_pre_padding) for _printf_pre_padding
    printf6.o(i._printf_core) refers to uidiv.o(.text) for __aeabi_uidivmod
    printf6.o(i._printf_core) refers to printf6.o(i._printf_post_padding) for _printf_post_padding
    printf7.o(i.__0fprintf$7) refers to printf7.o(i._printf_core) for _printf_core
    printf7.o(i.__0fprintf$7) refers to aitestutility.o(i.fputc) for fputc
    printf7.o(i.__0printf$7) refers to printf7.o(i._printf_core) for _printf_core
    printf7.o(i.__0printf$7) refers to aitestutility.o(i.fputc) for fputc
    printf7.o(i.__0printf$7) refers to stdout.o(.data) for __stdout
    printf7.o(i.__0snprintf$7) refers to printf7.o(i._printf_core) for _printf_core
    printf7.o(i.__0snprintf$7) refers to printf7.o(i._snputc) for _snputc
    printf7.o(i.__0sprintf$7) refers to printf7.o(i._printf_core) for _printf_core
    printf7.o(i.__0sprintf$7) refers to printf7.o(i._sputc) for _sputc
    printf7.o(i.__0vfprintf$7) refers to printf7.o(i._printf_core) for _printf_core
    printf7.o(i.__0vfprintf$7) refers to aitestutility.o(i.fputc) for fputc
    printf7.o(i.__0vprintf$7) refers to printf7.o(i._printf_core) for _printf_core
    printf7.o(i.__0vprintf$7) refers to aitestutility.o(i.fputc) for fputc
    printf7.o(i.__0vprintf$7) refers to stdout.o(.data) for __stdout
    printf7.o(i.__0vsnprintf$7) refers to printf7.o(i._printf_core) for _printf_core
    printf7.o(i.__0vsnprintf$7) refers to printf7.o(i._snputc) for _snputc
    printf7.o(i.__0vsprintf$7) refers to printf7.o(i._printf_core) for _printf_core
    printf7.o(i.__0vsprintf$7) refers to printf7.o(i._sputc) for _sputc
    printf7.o(i._printf_core) refers to printf7.o(i._printf_pre_padding) for _printf_pre_padding
    printf7.o(i._printf_core) refers to uldiv.o(.text) for __aeabi_uldivmod
    printf7.o(i._printf_core) refers to printf7.o(i._printf_post_padding) for _printf_post_padding
    printf8.o(i.__0fprintf$8) refers to printf8.o(i._printf_core) for _printf_core
    printf8.o(i.__0fprintf$8) refers to aitestutility.o(i.fputc) for fputc
    printf8.o(i.__0printf$8) refers to printf8.o(i._printf_core) for _printf_core
    printf8.o(i.__0printf$8) refers to aitestutility.o(i.fputc) for fputc
    printf8.o(i.__0printf$8) refers to stdout.o(.data) for __stdout
    printf8.o(i.__0snprintf$8) refers to printf8.o(i._printf_core) for _printf_core
    printf8.o(i.__0snprintf$8) refers to printf8.o(i._snputc) for _snputc
    printf8.o(i.__0sprintf$8) refers to printf8.o(i._printf_core) for _printf_core
    printf8.o(i.__0sprintf$8) refers to printf8.o(i._sputc) for _sputc
    printf8.o(i.__0vfprintf$8) refers to printf8.o(i._printf_core) for _printf_core
    printf8.o(i.__0vfprintf$8) refers to aitestutility.o(i.fputc) for fputc
    printf8.o(i.__0vprintf$8) refers to printf8.o(i._printf_core) for _printf_core
    printf8.o(i.__0vprintf$8) refers to aitestutility.o(i.fputc) for fputc
    printf8.o(i.__0vprintf$8) refers to stdout.o(.data) for __stdout
    printf8.o(i.__0vsnprintf$8) refers to printf8.o(i._printf_core) for _printf_core
    printf8.o(i.__0vsnprintf$8) refers to printf8.o(i._snputc) for _snputc
    printf8.o(i.__0vsprintf$8) refers to printf8.o(i._printf_core) for _printf_core
    printf8.o(i.__0vsprintf$8) refers to printf8.o(i._sputc) for _sputc
    printf8.o(i._printf_core) refers to printf8.o(i._printf_pre_padding) for _printf_pre_padding
    printf8.o(i._printf_core) refers to uldiv.o(.text) for __aeabi_uldivmod
    printf8.o(i._printf_core) refers to printf8.o(i._printf_post_padding) for _printf_post_padding
    printfa.o(i.__0fprintf) refers (Special) to iusefp.o(.text) for __I$use$fp
    printfa.o(i.__0fprintf) refers to printfa.o(i._printf_core) for _printf_core
    printfa.o(i.__0fprintf) refers to aitestutility.o(i.fputc) for fputc
    printfa.o(i.__0printf) refers (Special) to iusefp.o(.text) for __I$use$fp
    printfa.o(i.__0printf) refers to printfa.o(i._printf_core) for _printf_core
    printfa.o(i.__0printf) refers to aitestutility.o(i.fputc) for fputc
    printfa.o(i.__0printf) refers to stdout.o(.data) for __stdout
    printfa.o(i.__0snprintf) refers (Special) to iusefp.o(.text) for __I$use$fp
    printfa.o(i.__0snprintf) refers to printfa.o(i._printf_core) for _printf_core
    printfa.o(i.__0snprintf) refers to printfa.o(i._snputc) for _snputc
    printfa.o(i.__0sprintf) refers (Special) to iusefp.o(.text) for __I$use$fp
    printfa.o(i.__0sprintf) refers to printfa.o(i._printf_core) for _printf_core
    printfa.o(i.__0sprintf) refers to printfa.o(i._sputc) for _sputc
    printfa.o(i.__0vfprintf) refers (Special) to iusefp.o(.text) for __I$use$fp
    printfa.o(i.__0vfprintf) refers to printfa.o(i._printf_core) for _printf_core
    printfa.o(i.__0vfprintf) refers to aitestutility.o(i.fputc) for fputc
    printfa.o(i.__0vprintf) refers (Special) to iusefp.o(.text) for __I$use$fp
    printfa.o(i.__0vprintf) refers to printfa.o(i._printf_core) for _printf_core
    printfa.o(i.__0vprintf) refers to aitestutility.o(i.fputc) for fputc
    printfa.o(i.__0vprintf) refers to stdout.o(.data) for __stdout
    printfa.o(i.__0vsnprintf) refers (Special) to iusefp.o(.text) for __I$use$fp
    printfa.o(i.__0vsnprintf) refers to printfa.o(i._printf_core) for _printf_core
    printfa.o(i.__0vsnprintf) refers to printfa.o(i._snputc) for _snputc
    printfa.o(i.__0vsprintf) refers (Special) to iusefp.o(.text) for __I$use$fp
    printfa.o(i.__0vsprintf) refers to printfa.o(i._printf_core) for _printf_core
    printfa.o(i.__0vsprintf) refers to printfa.o(i._sputc) for _sputc
    printfa.o(i._fp_digits) refers (Special) to iusefp.o(.text) for __I$use$fp
    printfa.o(i._fp_digits) refers to dmul.o(.text) for __aeabi_dmul
    printfa.o(i._fp_digits) refers to ddiv.o(.text) for __aeabi_ddiv
    printfa.o(i._fp_digits) refers to cdrcmple.o(.text) for __aeabi_cdrcmple
    printfa.o(i._fp_digits) refers to dadd.o(.text) for __aeabi_dadd
    printfa.o(i._fp_digits) refers to dfixul.o(.text) for __aeabi_d2ulz
    printfa.o(i._fp_digits) refers to uldiv.o(.text) for __aeabi_uldivmod
    printfa.o(i._printf_core) refers (Special) to iusefp.o(.text) for __I$use$fp
    printfa.o(i._printf_core) refers to printfa.o(i._printf_pre_padding) for _printf_pre_padding
    printfa.o(i._printf_core) refers to uldiv.o(.text) for __aeabi_uldivmod
    printfa.o(i._printf_core) refers to printfa.o(i._printf_post_padding) for _printf_post_padding
    printfa.o(i._printf_core) refers to printfa.o(i._fp_digits) for _fp_digits
    printfa.o(i._printf_core) refers to uidiv.o(.text) for __aeabi_uidivmod
    printfa.o(i._printf_post_padding) refers (Special) to iusefp.o(.text) for __I$use$fp
    printfa.o(i._printf_pre_padding) refers (Special) to iusefp.o(.text) for __I$use$fp
    printfa.o(i._snputc) refers (Special) to iusefp.o(.text) for __I$use$fp
    printfa.o(i._sputc) refers (Special) to iusefp.o(.text) for __I$use$fp
    malloc.o(i.free) refers to mvars.o(.data) for __microlib_freelist
    malloc.o(i.malloc) refers to mvars.o(.data) for __microlib_freelist_initialised
    malloc.o(i.malloc) refers to mvars.o(.data) for __microlib_freelist
    malloc.o(i.malloc) refers to startup_stm32l475xx.o(HEAP) for __heap_base
    mallocr.o(i.__free$realloc) refers to mvars.o(.data) for __microlib_freelist
    mallocr.o(i.__malloc$realloc) refers to mallocr.o(i.internal_alloc) for internal_alloc
    mallocr.o(i.__malloc$realloc) refers to mvars.o(.data) for __microlib_freelist_initialised
    mallocr.o(i.__malloc$realloc) refers to startup_stm32l475xx.o(HEAP) for __heap_base
    mallocr.o(i.__malloc$realloc) refers to mvars.o(.data) for __microlib_freelist
    mallocr.o(i.internal_alloc) refers to memcpya.o(.text) for __aeabi_memcpy
    mallocr.o(i.internal_alloc) refers to mvars.o(.data) for __microlib_freelist
    mallocr.o(i.realloc) refers to mallocr.o(i.__free$realloc) for free
    mallocr.o(i.realloc) refers to mallocr.o(i.internal_alloc) for internal_alloc
    mallocr.o(i.realloc) refers to mallocr.o(i.__malloc$realloc) for malloc
    mallocr.o(i.realloc) refers to mvars.o(.data) for __microlib_freelist
    malloca.o(i.__aligned_malloc) refers to mvars.o(.data) for __microlib_freelist_initialised
    malloca.o(i.__aligned_malloc) refers to mvars.o(.data) for __microlib_freelist
    malloca.o(i.__aligned_malloc) refers to startup_stm32l475xx.o(HEAP) for __heap_base
    malloca.o(i.__free$memalign) refers to mvars.o(.data) for __microlib_freelist
    malloca.o(i.__malloc$memalign) refers to malloca.o(i.__aligned_malloc) for __aligned_malloc
    mallocra.o(i.__aligned_malloc$realloc) refers to mallocra.o(i.internal_alloc) for internal_alloc
    mallocra.o(i.__aligned_malloc$realloc) refers to mvars.o(.data) for __microlib_freelist_initialised
    mallocra.o(i.__aligned_malloc$realloc) refers to startup_stm32l475xx.o(HEAP) for __heap_base
    mallocra.o(i.__aligned_malloc$realloc) refers to mvars.o(.data) for __microlib_freelist
    mallocra.o(i.__free$realloc$memalign) refers to mvars.o(.data) for __microlib_freelist
    mallocra.o(i.__malloc$realloc$memalign) refers to mallocra.o(i.__aligned_malloc$realloc) for __aligned_malloc$realloc
    mallocra.o(i.__realloc$memalign) refers to mallocra.o(i.__free$realloc$memalign) for __free$realloc$memalign
    mallocra.o(i.__realloc$memalign) refers to mallocra.o(i.internal_alloc) for internal_alloc
    mallocra.o(i.__realloc$memalign) refers to mallocra.o(i.__malloc$realloc$memalign) for __malloc$realloc$memalign
    mallocra.o(i.__realloc$memalign) refers to mvars.o(.data) for __microlib_freelist
    mallocra.o(i.internal_alloc) refers to memcpya.o(.text) for __aeabi_memcpy
    mallocra.o(i.internal_alloc) refers to mvars.o(.data) for __microlib_freelist
    ffltul.o(.text) refers (Special) to iusefp.o(.text) for __I$use$fp
    ffltul.o(.text) refers to fepilogue.o(.text) for _float_epilogue
    f2d.o(.text) refers (Special) to iusefp.o(.text) for __I$use$fp
    log1pf_i.o(i.__mathlib_log1pf) refers (Special) to iusefp.o(.text) for __I$use$fp
    log1pf_i.o(i.__mathlib_log1pf) refers to funder.o(i.__mathlib_flt_infnan) for __mathlib_flt_infnan
    log1pf_i.o(i.__mathlib_log1pf) refers to errno.o(i.__set_errno) for __set_errno
    log1pf_i.o(i.__mathlib_log1pf) refers to funder.o(i.__mathlib_flt_divzero) for __mathlib_flt_divzero
    log1pf_i.o(i.__mathlib_log1pf) refers to funder.o(i.__mathlib_flt_invalid) for __mathlib_flt_invalid
    log1pf_i.o(i.__mathlib_log1pf) refers to fpclassifyf.o(i.__ARM_fpclassifyf) for __ARM_fpclassifyf
    log1pf_i.o(i.__mathlib_log1pf) refers to funder.o(i.__mathlib_flt_underflow) for __mathlib_flt_underflow
    log1pf_i.o(i.__mathlib_log1pf) refers to log1pf_i.o(.constdata) for .constdata
    log1pf_i.o(.constdata) refers (Special) to iusefp.o(.text) for __I$use$fp
    logf_i.o(i.__mathlib_logf) refers (Special) to iusefp.o(.text) for __I$use$fp
    logf_i.o(i.__mathlib_logf) refers to funder.o(i.__mathlib_flt_infnan) for __mathlib_flt_infnan
    logf_i.o(i.__mathlib_logf) refers to errno.o(i.__set_errno) for __set_errno
    logf_i.o(i.__mathlib_logf) refers to funder.o(i.__mathlib_flt_invalid) for __mathlib_flt_invalid
    logf_i.o(i.__mathlib_logf) refers to funder.o(i.__mathlib_flt_divzero) for __mathlib_flt_divzero
    logf_i.o(i.__mathlib_logf) refers to logf_i.o(.constdata) for .constdata
    logf_i.o(.constdata) refers (Special) to iusefp.o(.text) for __I$use$fp
    fpclassifyf.o(i.__ARM_fpclassifyf) refers (Special) to iusefp.o(.text) for __I$use$fp
    log1pf_x.o(i.____hardfp_log1pf$lsc) refers (Special) to iusefp.o(.text) for __I$use$fp
    log1pf_x.o(i.____hardfp_log1pf$lsc) refers to funder.o(i.__mathlib_flt_infnan) for __mathlib_flt_infnan
    log1pf_x.o(i.____hardfp_log1pf$lsc) refers to errno.o(i.__set_errno) for __set_errno
    log1pf_x.o(i.____hardfp_log1pf$lsc) refers to log1pf_x.o(.constdata) for .constdata
    log1pf_x.o(i.____softfp_log1pf$lsc) refers (Special) to iusefp.o(.text) for __I$use$fp
    log1pf_x.o(i.____softfp_log1pf$lsc) refers to log1pf_x.o(i.____hardfp_log1pf$lsc) for ____hardfp_log1pf$lsc
    log1pf_x.o(i.__log1pf$lsc) refers (Special) to iusefp.o(.text) for __I$use$fp
    log1pf_x.o(i.__log1pf$lsc) refers to log1pf_x.o(i.____hardfp_log1pf$lsc) for ____hardfp_log1pf$lsc
    log1pf_x.o(.constdata) refers (Special) to iusefp.o(.text) for __I$use$fp
    rredf.o(i.__mathlib_rredf2) refers (Special) to iusefp.o(.text) for __I$use$fp
    rredf.o(i.__mathlib_rredf2) refers to rredf.o(.constdata) for .constdata
    rredf.o(.constdata) refers (Special) to iusefp.o(.text) for __I$use$fp
    entry2.o(.ARM.Collect$$$$00000001) refers to entry2.o(.ARM.Collect$$$$00002712) for __lit__00000000
    entry2.o(.ARM.Collect$$$$00002712) refers to startup_stm32l475xx.o(STACK) for __initial_sp
    entry2.o(__vectab_stack_and_reset_area) refers to startup_stm32l475xx.o(STACK) for __initial_sp
    entry2.o(__vectab_stack_and_reset_area) refers to entry.o(.ARM.Collect$$$$00000000) for __main
    entry5.o(.ARM.Collect$$$$00000004) refers to init.o(.text) for __scatterload
    entry9a.o(.ARM.Collect$$$$0000000B) refers to main.o(i.main) for main
    entry9b.o(.ARM.Collect$$$$0000000C) refers to main.o(i.main) for main
    errno.o(i.__aeabi_errno_addr) refers to errno.o(.data) for .data
    errno.o(i.__read_errno) refers to errno.o(.data) for .data
    errno.o(i.__set_errno) refers to errno.o(.data) for .data
    frnd.o(.text) refers to fepilogue.o(.text) for _float_round
    frem.o(.text) refers to fepilogue.o(.text) for _float_epilogue
    dadd.o(.text) refers to llshl.o(.text) for __aeabi_llsl
    dadd.o(.text) refers to llsshr.o(.text) for __aeabi_lasr
    dadd.o(.text) refers to depilogue.o(.text) for _double_epilogue
    dmul.o(.text) refers to depilogue.o(.text) for _double_epilogue
    ddiv.o(.text) refers to depilogue.o(.text) for _double_round
    dfixul.o(.text) refers to llushr.o(.text) for __aeabi_llsr
    dfixul.o(.text) refers to llshl.o(.text) for __aeabi_llsl
    init.o(.text) refers to entry5.o(.ARM.Collect$$$$00000004) for __main_after_scatterload
    depilogue.o(.text) refers to llshl.o(.text) for __aeabi_llsl
    depilogue.o(.text) refers to llushr.o(.text) for __aeabi_llsr


==============================================================================

Removing Unused input sections from the image.

    Removing main.o(.rev16_text), (4 bytes).
    Removing main.o(.revsh_text), (4 bytes).
    Removing main.o(.rrx_text), (6 bytes).
    Removing main.o(i.Error_Handler), (2 bytes).
    Removing app_x-cube-ai.o(.rev16_text), (4 bytes).
    Removing app_x-cube-ai.o(.revsh_text), (4 bytes).
    Removing app_x-cube-ai.o(.rrx_text), (6 bytes).
    Removing app_x-cube-ai.o(i.ai_mnetwork_forward), (28 bytes).
    Removing stm32l4xx_it.o(.rev16_text), (4 bytes).
    Removing stm32l4xx_it.o(.revsh_text), (4 bytes).
    Removing stm32l4xx_it.o(.rrx_text), (6 bytes).
    Removing stm32l4xx_hal_msp.o(.rev16_text), (4 bytes).
    Removing stm32l4xx_hal_msp.o(.revsh_text), (4 bytes).
    Removing stm32l4xx_hal_msp.o(.rrx_text), (6 bytes).
    Removing stm32l4xx_hal_msp.o(i.HAL_CRC_MspDeInit), (28 bytes).
    Removing stm32l4xx_hal_msp.o(i.HAL_UART_MspDeInit), (40 bytes).
    Removing aipbmgr.o(.rev16_text), (4 bytes).
    Removing aipbmgr.o(.revsh_text), (4 bytes).
    Removing aipbmgr.o(.rrx_text), (6 bytes).
    Removing aipbmgr.o(i.aiPbMgrSendLog), (92 bytes).
    Removing aitestutility.o(.rev16_text), (4 bytes).
    Removing aitestutility.o(.revsh_text), (4 bytes).
    Removing aitestutility.o(.rrx_text), (6 bytes).
    Removing aitestutility.o(i.dwtCyclesToTime), (148 bytes).
    Removing aitestutility.o(i.systemCoreClock), (4 bytes).
    Removing aivalidation.o(.rev16_text), (4 bytes).
    Removing aivalidation.o(.revsh_text), (4 bytes).
    Removing aivalidation.o(.rrx_text), (6 bytes).
    Removing aivalidation.o(i.aiDeInit), (116 bytes).
    Removing aivalidation.o(i.aiValidationDeInit), (44 bytes).
    Removing pb_decode.o(i.pb_decode_delimited_noinit), (48 bytes).
    Removing pb_decode.o(i.pb_decode_nullterminated), (4 bytes).
    Removing pb_encode.o(i.buf_write), (26 bytes).
    Removing pb_encode.o(i.pb_encode_delimited), (4 bytes).
    Removing pb_encode.o(i.pb_encode_nullterminated), (32 bytes).
    Removing pb_encode.o(i.pb_get_encoded_size), (42 bytes).
    Removing pb_encode.o(i.pb_ostream_from_buffer), (36 bytes).
    Removing stm32l4xx_hal_crc.o(.rev16_text), (4 bytes).
    Removing stm32l4xx_hal_crc.o(.revsh_text), (4 bytes).
    Removing stm32l4xx_hal_crc.o(.rrx_text), (6 bytes).
    Removing stm32l4xx_hal_crc.o(i.CRC_Handle_16), (48 bytes).
    Removing stm32l4xx_hal_crc.o(i.CRC_Handle_8), (102 bytes).
    Removing stm32l4xx_hal_crc.o(i.HAL_CRC_Accumulate), (68 bytes).
    Removing stm32l4xx_hal_crc.o(i.HAL_CRC_Calculate), (76 bytes).
    Removing stm32l4xx_hal_crc.o(i.HAL_CRC_DeInit), (52 bytes).
    Removing stm32l4xx_hal_crc.o(i.HAL_CRC_GetState), (4 bytes).
    Removing stm32l4xx_hal_crc.o(i.HAL_CRC_MspDeInit), (2 bytes).
    Removing stm32l4xx_hal_crc.o(i.HAL_CRC_MspInit), (2 bytes).
    Removing stm32l4xx_hal_crc_ex.o(.rev16_text), (4 bytes).
    Removing stm32l4xx_hal_crc_ex.o(.revsh_text), (4 bytes).
    Removing stm32l4xx_hal_crc_ex.o(.rrx_text), (6 bytes).
    Removing stm32l4xx_hal_crc_ex.o(i.HAL_CRCEx_Input_Data_Reverse), (24 bytes).
    Removing stm32l4xx_hal_crc_ex.o(i.HAL_CRCEx_Output_Data_Reverse), (24 bytes).
    Removing stm32l4xx_hal.o(.rev16_text), (4 bytes).
    Removing stm32l4xx_hal.o(.revsh_text), (4 bytes).
    Removing stm32l4xx_hal.o(.rrx_text), (6 bytes).
    Removing stm32l4xx_hal.o(i.HAL_DBGMCU_DisableDBGSleepMode), (16 bytes).
    Removing stm32l4xx_hal.o(i.HAL_DBGMCU_DisableDBGStandbyMode), (16 bytes).
    Removing stm32l4xx_hal.o(i.HAL_DBGMCU_DisableDBGStopMode), (16 bytes).
    Removing stm32l4xx_hal.o(i.HAL_DBGMCU_EnableDBGSleepMode), (16 bytes).
    Removing stm32l4xx_hal.o(i.HAL_DBGMCU_EnableDBGStandbyMode), (16 bytes).
    Removing stm32l4xx_hal.o(i.HAL_DBGMCU_EnableDBGStopMode), (16 bytes).
    Removing stm32l4xx_hal.o(i.HAL_DeInit), (44 bytes).
    Removing stm32l4xx_hal.o(i.HAL_GetTickFreq), (12 bytes).
    Removing stm32l4xx_hal.o(i.HAL_GetTickPrio), (12 bytes).
    Removing stm32l4xx_hal.o(i.HAL_GetUIDw0), (12 bytes).
    Removing stm32l4xx_hal.o(i.HAL_GetUIDw1), (12 bytes).
    Removing stm32l4xx_hal.o(i.HAL_GetUIDw2), (12 bytes).
    Removing stm32l4xx_hal.o(i.HAL_MspDeInit), (2 bytes).
    Removing stm32l4xx_hal.o(i.HAL_MspInit), (2 bytes).
    Removing stm32l4xx_hal.o(i.HAL_ResumeTick), (14 bytes).
    Removing stm32l4xx_hal.o(i.HAL_SYSCFG_DisableIOAnalogSwitchBooster), (16 bytes).
    Removing stm32l4xx_hal.o(i.HAL_SYSCFG_DisableMemorySwappingBank), (12 bytes).
    Removing stm32l4xx_hal.o(i.HAL_SYSCFG_DisableVREFBUF), (16 bytes).
    Removing stm32l4xx_hal.o(i.HAL_SYSCFG_EnableIOAnalogSwitchBooster), (16 bytes).
    Removing stm32l4xx_hal.o(i.HAL_SYSCFG_EnableMemorySwappingBank), (12 bytes).
    Removing stm32l4xx_hal.o(i.HAL_SYSCFG_EnableVREFBUF), (48 bytes).
    Removing stm32l4xx_hal.o(i.HAL_SYSCFG_SRAM2Erase), (28 bytes).
    Removing stm32l4xx_hal.o(i.HAL_SYSCFG_VREFBUF_HighImpedanceConfig), (20 bytes).
    Removing stm32l4xx_hal.o(i.HAL_SYSCFG_VREFBUF_TrimmingConfig), (20 bytes).
    Removing stm32l4xx_hal.o(i.HAL_SYSCFG_VREFBUF_VoltageScalingConfig), (20 bytes).
    Removing stm32l4xx_hal.o(i.HAL_SetTickFreq), (32 bytes).
    Removing stm32l4xx_hal.o(i.HAL_SuspendTick), (14 bytes).
    Removing stm32l4xx_hal_i2c.o(.rev16_text), (4 bytes).
    Removing stm32l4xx_hal_i2c.o(.revsh_text), (4 bytes).
    Removing stm32l4xx_hal_i2c.o(.rrx_text), (6 bytes).
    Removing stm32l4xx_hal_i2c.o(i.HAL_I2C_AbortCpltCallback), (2 bytes).
    Removing stm32l4xx_hal_i2c.o(i.HAL_I2C_AddrCallback), (2 bytes).
    Removing stm32l4xx_hal_i2c.o(i.HAL_I2C_DeInit), (50 bytes).
    Removing stm32l4xx_hal_i2c.o(i.HAL_I2C_DisableListen_IT), (56 bytes).
    Removing stm32l4xx_hal_i2c.o(i.HAL_I2C_ER_IRQHandler), (104 bytes).
    Removing stm32l4xx_hal_i2c.o(i.HAL_I2C_EV_IRQHandler), (16 bytes).
    Removing stm32l4xx_hal_i2c.o(i.HAL_I2C_EnableListen_IT), (40 bytes).
    Removing stm32l4xx_hal_i2c.o(i.HAL_I2C_ErrorCallback), (2 bytes).
    Removing stm32l4xx_hal_i2c.o(i.HAL_I2C_GetError), (4 bytes).
    Removing stm32l4xx_hal_i2c.o(i.HAL_I2C_GetMode), (6 bytes).
    Removing stm32l4xx_hal_i2c.o(i.HAL_I2C_GetState), (6 bytes).
    Removing stm32l4xx_hal_i2c.o(i.HAL_I2C_Init), (184 bytes).
    Removing stm32l4xx_hal_i2c.o(i.HAL_I2C_IsDeviceReady), (298 bytes).
    Removing stm32l4xx_hal_i2c.o(i.HAL_I2C_ListenCpltCallback), (2 bytes).
    Removing stm32l4xx_hal_i2c.o(i.HAL_I2C_MasterRxCpltCallback), (2 bytes).
    Removing stm32l4xx_hal_i2c.o(i.HAL_I2C_MasterTxCpltCallback), (2 bytes).
    Removing stm32l4xx_hal_i2c.o(i.HAL_I2C_Master_Abort_IT), (124 bytes).
    Removing stm32l4xx_hal_i2c.o(i.HAL_I2C_Master_Receive), (298 bytes).
    Removing stm32l4xx_hal_i2c.o(i.HAL_I2C_Master_Receive_DMA), (304 bytes).
    Removing stm32l4xx_hal_i2c.o(i.HAL_I2C_Master_Receive_IT), (136 bytes).
    Removing stm32l4xx_hal_i2c.o(i.HAL_I2C_Master_Seq_Receive_DMA), (342 bytes).
    Removing stm32l4xx_hal_i2c.o(i.HAL_I2C_Master_Seq_Receive_IT), (164 bytes).
    Removing stm32l4xx_hal_i2c.o(i.HAL_I2C_Master_Seq_Transmit_DMA), (342 bytes).
    Removing stm32l4xx_hal_i2c.o(i.HAL_I2C_Master_Seq_Transmit_IT), (160 bytes).
    Removing stm32l4xx_hal_i2c.o(i.HAL_I2C_Master_Transmit), (298 bytes).
    Removing stm32l4xx_hal_i2c.o(i.HAL_I2C_Master_Transmit_DMA), (304 bytes).
    Removing stm32l4xx_hal_i2c.o(i.HAL_I2C_Master_Transmit_IT), (136 bytes).
    Removing stm32l4xx_hal_i2c.o(i.HAL_I2C_MemRxCpltCallback), (2 bytes).
    Removing stm32l4xx_hal_i2c.o(i.HAL_I2C_MemTxCpltCallback), (2 bytes).
    Removing stm32l4xx_hal_i2c.o(i.HAL_I2C_Mem_Read), (362 bytes).
    Removing stm32l4xx_hal_i2c.o(i.HAL_I2C_Mem_Read_DMA), (326 bytes).
    Removing stm32l4xx_hal_i2c.o(i.HAL_I2C_Mem_Read_IT), (210 bytes).
    Removing stm32l4xx_hal_i2c.o(i.HAL_I2C_Mem_Write), (350 bytes).
    Removing stm32l4xx_hal_i2c.o(i.HAL_I2C_Mem_Write_DMA), (318 bytes).
    Removing stm32l4xx_hal_i2c.o(i.HAL_I2C_Mem_Write_IT), (202 bytes).
    Removing stm32l4xx_hal_i2c.o(i.HAL_I2C_MspDeInit), (2 bytes).
    Removing stm32l4xx_hal_i2c.o(i.HAL_I2C_MspInit), (2 bytes).
    Removing stm32l4xx_hal_i2c.o(i.HAL_I2C_SlaveRxCpltCallback), (2 bytes).
    Removing stm32l4xx_hal_i2c.o(i.HAL_I2C_SlaveTxCpltCallback), (2 bytes).
    Removing stm32l4xx_hal_i2c.o(i.HAL_I2C_Slave_Receive), (304 bytes).
    Removing stm32l4xx_hal_i2c.o(i.HAL_I2C_Slave_Receive_DMA), (224 bytes).
    Removing stm32l4xx_hal_i2c.o(i.HAL_I2C_Slave_Receive_IT), (96 bytes).
    Removing stm32l4xx_hal_i2c.o(i.HAL_I2C_Slave_Seq_Receive_DMA), (364 bytes).
    Removing stm32l4xx_hal_i2c.o(i.HAL_I2C_Slave_Seq_Receive_IT), (200 bytes).
    Removing stm32l4xx_hal_i2c.o(i.HAL_I2C_Slave_Seq_Transmit_DMA), (364 bytes).
    Removing stm32l4xx_hal_i2c.o(i.HAL_I2C_Slave_Seq_Transmit_IT), (200 bytes).
    Removing stm32l4xx_hal_i2c.o(i.HAL_I2C_Slave_Transmit), (308 bytes).
    Removing stm32l4xx_hal_i2c.o(i.HAL_I2C_Slave_Transmit_DMA), (212 bytes).
    Removing stm32l4xx_hal_i2c.o(i.HAL_I2C_Slave_Transmit_IT), (96 bytes).
    Removing stm32l4xx_hal_i2c.o(i.I2C_ConvertOtherXferOptions), (26 bytes).
    Removing stm32l4xx_hal_i2c.o(i.I2C_DMAAbort), (20 bytes).
    Removing stm32l4xx_hal_i2c.o(i.I2C_DMAError), (18 bytes).
    Removing stm32l4xx_hal_i2c.o(i.I2C_DMAMasterReceiveCplt), (82 bytes).
    Removing stm32l4xx_hal_i2c.o(i.I2C_DMAMasterTransmitCplt), (82 bytes).
    Removing stm32l4xx_hal_i2c.o(i.I2C_DMASlaveReceiveCplt), (36 bytes).
    Removing stm32l4xx_hal_i2c.o(i.I2C_DMASlaveTransmitCplt), (30 bytes).
    Removing stm32l4xx_hal_i2c.o(i.I2C_Disable_IRQ), (94 bytes).
    Removing stm32l4xx_hal_i2c.o(i.I2C_Enable_IRQ), (104 bytes).
    Removing stm32l4xx_hal_i2c.o(i.I2C_Flush_TXDR), (34 bytes).
    Removing stm32l4xx_hal_i2c.o(i.I2C_ITAddrCplt), (140 bytes).
    Removing stm32l4xx_hal_i2c.o(i.I2C_ITError), (244 bytes).
    Removing stm32l4xx_hal_i2c.o(i.I2C_ITListenCplt), (100 bytes).
    Removing stm32l4xx_hal_i2c.o(i.I2C_ITMasterCplt), (240 bytes).
    Removing stm32l4xx_hal_i2c.o(i.I2C_ITMasterSeqCplt), (76 bytes).
    Removing stm32l4xx_hal_i2c.o(i.I2C_ITSlaveCplt), (304 bytes).
    Removing stm32l4xx_hal_i2c.o(i.I2C_ITSlaveSeqCplt), (114 bytes).
    Removing stm32l4xx_hal_i2c.o(i.I2C_IsAcknowledgeFailed), (132 bytes).
    Removing stm32l4xx_hal_i2c.o(i.I2C_Master_ISR_DMA), (272 bytes).
    Removing stm32l4xx_hal_i2c.o(i.I2C_Master_ISR_IT), (296 bytes).
    Removing stm32l4xx_hal_i2c.o(i.I2C_RequestMemoryRead), (100 bytes).
    Removing stm32l4xx_hal_i2c.o(i.I2C_RequestMemoryWrite), (100 bytes).
    Removing stm32l4xx_hal_i2c.o(i.I2C_Slave_ISR_DMA), (266 bytes).
    Removing stm32l4xx_hal_i2c.o(i.I2C_Slave_ISR_IT), (288 bytes).
    Removing stm32l4xx_hal_i2c.o(i.I2C_TransferConfig), (44 bytes).
    Removing stm32l4xx_hal_i2c.o(i.I2C_TreatErrorCallback), (42 bytes).
    Removing stm32l4xx_hal_i2c.o(i.I2C_WaitOnFlagUntilTimeout), (88 bytes).
    Removing stm32l4xx_hal_i2c.o(i.I2C_WaitOnRXNEFlagUntilTimeout), (132 bytes).
    Removing stm32l4xx_hal_i2c.o(i.I2C_WaitOnSTOPFlagUntilTimeout), (76 bytes).
    Removing stm32l4xx_hal_i2c.o(i.I2C_WaitOnTXISFlagUntilTimeout), (80 bytes).
    Removing stm32l4xx_hal_i2c_ex.o(.rev16_text), (4 bytes).
    Removing stm32l4xx_hal_i2c_ex.o(.revsh_text), (4 bytes).
    Removing stm32l4xx_hal_i2c_ex.o(.rrx_text), (6 bytes).
    Removing stm32l4xx_hal_i2c_ex.o(i.HAL_I2CEx_ConfigAnalogFilter), (86 bytes).
    Removing stm32l4xx_hal_i2c_ex.o(i.HAL_I2CEx_ConfigDigitalFilter), (82 bytes).
    Removing stm32l4xx_hal_i2c_ex.o(i.HAL_I2CEx_DisableFastModePlus), (40 bytes).
    Removing stm32l4xx_hal_i2c_ex.o(i.HAL_I2CEx_DisableWakeUp), (78 bytes).
    Removing stm32l4xx_hal_i2c_ex.o(i.HAL_I2CEx_EnableFastModePlus), (40 bytes).
    Removing stm32l4xx_hal_i2c_ex.o(i.HAL_I2CEx_EnableWakeUp), (78 bytes).
    Removing stm32l4xx_hal_rcc.o(.rev16_text), (4 bytes).
    Removing stm32l4xx_hal_rcc.o(.revsh_text), (4 bytes).
    Removing stm32l4xx_hal_rcc.o(.rrx_text), (6 bytes).
    Removing stm32l4xx_hal_rcc.o(i.HAL_RCC_CSSCallback), (2 bytes).
    Removing stm32l4xx_hal_rcc.o(i.HAL_RCC_DeInit), (232 bytes).
    Removing stm32l4xx_hal_rcc.o(i.HAL_RCC_EnableCSS), (16 bytes).
    Removing stm32l4xx_hal_rcc.o(i.HAL_RCC_GetClockConfig), (64 bytes).
    Removing stm32l4xx_hal_rcc.o(i.HAL_RCC_GetOscConfig), (224 bytes).
    Removing stm32l4xx_hal_rcc.o(i.HAL_RCC_MCOConfig), (72 bytes).
    Removing stm32l4xx_hal_rcc.o(i.HAL_RCC_NMI_IRQHandler), (24 bytes).
    Removing stm32l4xx_hal_rcc_ex.o(.rev16_text), (4 bytes).
    Removing stm32l4xx_hal_rcc_ex.o(.revsh_text), (4 bytes).
    Removing stm32l4xx_hal_rcc_ex.o(.rrx_text), (6 bytes).
    Removing stm32l4xx_hal_rcc_ex.o(i.HAL_RCCEx_DisableLSCO), (88 bytes).
    Removing stm32l4xx_hal_rcc_ex.o(i.HAL_RCCEx_DisableLSECSS), (28 bytes).
    Removing stm32l4xx_hal_rcc_ex.o(i.HAL_RCCEx_DisableMSIPLLMode), (16 bytes).
    Removing stm32l4xx_hal_rcc_ex.o(i.HAL_RCCEx_DisablePLLSAI1), (80 bytes).
    Removing stm32l4xx_hal_rcc_ex.o(i.HAL_RCCEx_DisablePLLSAI2), (80 bytes).
    Removing stm32l4xx_hal_rcc_ex.o(i.HAL_RCCEx_EnableLSCO), (140 bytes).
    Removing stm32l4xx_hal_rcc_ex.o(i.HAL_RCCEx_EnableLSECSS), (20 bytes).
    Removing stm32l4xx_hal_rcc_ex.o(i.HAL_RCCEx_EnableLSECSS_IT), (56 bytes).
    Removing stm32l4xx_hal_rcc_ex.o(i.HAL_RCCEx_EnableMSIPLLMode), (16 bytes).
    Removing stm32l4xx_hal_rcc_ex.o(i.HAL_RCCEx_EnablePLLSAI1), (156 bytes).
    Removing stm32l4xx_hal_rcc_ex.o(i.HAL_RCCEx_EnablePLLSAI2), (140 bytes).
    Removing stm32l4xx_hal_rcc_ex.o(i.HAL_RCCEx_GetPeriphCLKConfig), (288 bytes).
    Removing stm32l4xx_hal_rcc_ex.o(i.HAL_RCCEx_GetPeriphCLKFreq), (990 bytes).
    Removing stm32l4xx_hal_rcc_ex.o(i.HAL_RCCEx_LSECSS_Callback), (2 bytes).
    Removing stm32l4xx_hal_rcc_ex.o(i.HAL_RCCEx_LSECSS_IRQHandler), (24 bytes).
    Removing stm32l4xx_hal_rcc_ex.o(i.HAL_RCCEx_StandbyMSIRangeConfig), (24 bytes).
    Removing stm32l4xx_hal_rcc_ex.o(i.HAL_RCCEx_WakeUpStopCLKConfig), (20 bytes).
    Removing stm32l4xx_hal_rcc_ex.o(i.RCCEx_GetSAIxPeriphCLKFreq), (228 bytes).
    Removing stm32l4xx_hal_flash.o(.rev16_text), (4 bytes).
    Removing stm32l4xx_hal_flash.o(.revsh_text), (4 bytes).
    Removing stm32l4xx_hal_flash.o(.rrx_text), (6 bytes).
    Removing stm32l4xx_hal_flash.o(i.FLASH_Program_DoubleWord), (28 bytes).
    Removing stm32l4xx_hal_flash.o(i.FLASH_Program_Fast), (44 bytes).
    Removing stm32l4xx_hal_flash.o(i.FLASH_WaitForLastOperation), (96 bytes).
    Removing stm32l4xx_hal_flash.o(i.HAL_FLASH_EndOfOperationCallback), (2 bytes).
    Removing stm32l4xx_hal_flash.o(i.HAL_FLASH_GetError), (12 bytes).
    Removing stm32l4xx_hal_flash.o(i.HAL_FLASH_IRQHandler), (244 bytes).
    Removing stm32l4xx_hal_flash.o(i.HAL_FLASH_Lock), (20 bytes).
    Removing stm32l4xx_hal_flash.o(i.HAL_FLASH_OB_Launch), (24 bytes).
    Removing stm32l4xx_hal_flash.o(i.HAL_FLASH_OB_Lock), (20 bytes).
    Removing stm32l4xx_hal_flash.o(i.HAL_FLASH_OB_Unlock), (36 bytes).
    Removing stm32l4xx_hal_flash.o(i.HAL_FLASH_OperationErrorCallback), (2 bytes).
    Removing stm32l4xx_hal_flash.o(i.HAL_FLASH_Program), (170 bytes).
    Removing stm32l4xx_hal_flash.o(i.HAL_FLASH_Program_IT), (120 bytes).
    Removing stm32l4xx_hal_flash.o(i.HAL_FLASH_Unlock), (40 bytes).
    Removing stm32l4xx_hal_flash.o(.data), (32 bytes).
    Removing stm32l4xx_hal_flash_ex.o(.rev16_text), (4 bytes).
    Removing stm32l4xx_hal_flash_ex.o(.revsh_text), (4 bytes).
    Removing stm32l4xx_hal_flash_ex.o(.rrx_text), (6 bytes).
    Removing stm32l4xx_hal_flash_ex.o(i.FLASH_FlushCaches), (84 bytes).
    Removing stm32l4xx_hal_flash_ex.o(i.FLASH_MassErase), (40 bytes).
    Removing stm32l4xx_hal_flash_ex.o(i.FLASH_OB_GetPCROP), (140 bytes).
    Removing stm32l4xx_hal_flash_ex.o(i.FLASH_OB_PCROPConfig), (196 bytes).
    Removing stm32l4xx_hal_flash_ex.o(i.FLASH_OB_UserConfig), (248 bytes).
    Removing stm32l4xx_hal_flash_ex.o(i.FLASH_OB_WRPConfig), (124 bytes).
    Removing stm32l4xx_hal_flash_ex.o(i.FLASH_PageErase), (52 bytes).
    Removing stm32l4xx_hal_flash_ex.o(i.HAL_FLASHEx_Erase), (234 bytes).
    Removing stm32l4xx_hal_flash_ex.o(i.HAL_FLASHEx_Erase_IT), (148 bytes).
    Removing stm32l4xx_hal_flash_ex.o(i.HAL_FLASHEx_OBGetConfig), (152 bytes).
    Removing stm32l4xx_hal_flash_ex.o(i.HAL_FLASHEx_OBProgram), (172 bytes).
    Removing stm32l4xx_hal_flash_ramfunc.o(.rev16_text), (4 bytes).
    Removing stm32l4xx_hal_flash_ramfunc.o(.revsh_text), (4 bytes).
    Removing stm32l4xx_hal_flash_ramfunc.o(.rrx_text), (6 bytes).
    Removing stm32l4xx_hal_flash_ramfunc.o(i.HAL_FLASHEx_DisableRunPowerDown), (36 bytes).
    Removing stm32l4xx_hal_flash_ramfunc.o(i.HAL_FLASHEx_EnableRunPowerDown), (36 bytes).
    Removing stm32l4xx_hal_gpio.o(.rev16_text), (4 bytes).
    Removing stm32l4xx_hal_gpio.o(.revsh_text), (4 bytes).
    Removing stm32l4xx_hal_gpio.o(.rrx_text), (6 bytes).
    Removing stm32l4xx_hal_gpio.o(i.HAL_GPIO_DeInit), (358 bytes).
    Removing stm32l4xx_hal_gpio.o(i.HAL_GPIO_EXTI_Callback), (2 bytes).
    Removing stm32l4xx_hal_gpio.o(i.HAL_GPIO_EXTI_IRQHandler), (24 bytes).
    Removing stm32l4xx_hal_gpio.o(i.HAL_GPIO_LockPin), (34 bytes).
    Removing stm32l4xx_hal_gpio.o(i.HAL_GPIO_ReadPin), (10 bytes).
    Removing stm32l4xx_hal_gpio.o(i.HAL_GPIO_TogglePin), (14 bytes).
    Removing stm32l4xx_hal_gpio.o(i.HAL_GPIO_WritePin), (10 bytes).
    Removing stm32l4xx_hal_dma.o(.rev16_text), (4 bytes).
    Removing stm32l4xx_hal_dma.o(.revsh_text), (4 bytes).
    Removing stm32l4xx_hal_dma.o(.rrx_text), (6 bytes).
    Removing stm32l4xx_hal_dma.o(i.DMA_SetConfig), (46 bytes).
    Removing stm32l4xx_hal_dma.o(i.HAL_DMA_Abort), (74 bytes).
    Removing stm32l4xx_hal_dma.o(i.HAL_DMA_Abort_IT), (78 bytes).
    Removing stm32l4xx_hal_dma.o(i.HAL_DMA_DeInit), (156 bytes).
    Removing stm32l4xx_hal_dma.o(i.HAL_DMA_GetError), (4 bytes).
    Removing stm32l4xx_hal_dma.o(i.HAL_DMA_GetState), (6 bytes).
    Removing stm32l4xx_hal_dma.o(i.HAL_DMA_IRQHandler), (186 bytes).
    Removing stm32l4xx_hal_dma.o(i.HAL_DMA_Init), (192 bytes).
    Removing stm32l4xx_hal_dma.o(i.HAL_DMA_PollForTransfer), (222 bytes).
    Removing stm32l4xx_hal_dma.o(i.HAL_DMA_RegisterCallback), (74 bytes).
    Removing stm32l4xx_hal_dma.o(i.HAL_DMA_Start), (80 bytes).
    Removing stm32l4xx_hal_dma.o(i.HAL_DMA_Start_IT), (112 bytes).
    Removing stm32l4xx_hal_dma.o(i.HAL_DMA_UnRegisterCallback), (82 bytes).
    Removing stm32l4xx_hal_dma_ex.o(.rev16_text), (4 bytes).
    Removing stm32l4xx_hal_dma_ex.o(.revsh_text), (4 bytes).
    Removing stm32l4xx_hal_dma_ex.o(.rrx_text), (6 bytes).
    Removing stm32l4xx_hal_pwr.o(.rev16_text), (4 bytes).
    Removing stm32l4xx_hal_pwr.o(.revsh_text), (4 bytes).
    Removing stm32l4xx_hal_pwr.o(.rrx_text), (6 bytes).
    Removing stm32l4xx_hal_pwr.o(i.HAL_PWR_ConfigPVD), (128 bytes).
    Removing stm32l4xx_hal_pwr.o(i.HAL_PWR_DeInit), (24 bytes).
    Removing stm32l4xx_hal_pwr.o(i.HAL_PWR_DisableBkUpAccess), (16 bytes).
    Removing stm32l4xx_hal_pwr.o(i.HAL_PWR_DisablePVD), (16 bytes).
    Removing stm32l4xx_hal_pwr.o(i.HAL_PWR_DisableSEVOnPend), (16 bytes).
    Removing stm32l4xx_hal_pwr.o(i.HAL_PWR_DisableSleepOnExit), (16 bytes).
    Removing stm32l4xx_hal_pwr.o(i.HAL_PWR_DisableWakeUpPin), (20 bytes).
    Removing stm32l4xx_hal_pwr.o(i.HAL_PWR_EnableBkUpAccess), (16 bytes).
    Removing stm32l4xx_hal_pwr.o(i.HAL_PWR_EnablePVD), (16 bytes).
    Removing stm32l4xx_hal_pwr.o(i.HAL_PWR_EnableSEVOnPend), (16 bytes).
    Removing stm32l4xx_hal_pwr.o(i.HAL_PWR_EnableSleepOnExit), (16 bytes).
    Removing stm32l4xx_hal_pwr.o(i.HAL_PWR_EnableWakeUpPin), (28 bytes).
    Removing stm32l4xx_hal_pwr.o(i.HAL_PWR_EnterSLEEPMode), (72 bytes).
    Removing stm32l4xx_hal_pwr.o(i.HAL_PWR_EnterSTANDBYMode), (36 bytes).
    Removing stm32l4xx_hal_pwr.o(i.HAL_PWR_EnterSTOPMode), (16 bytes).
    Removing stm32l4xx_hal_pwr.o(i.HAL_PWR_PVDCallback), (2 bytes).
    Removing stm32l4xx_hal_pwr_ex.o(.rev16_text), (4 bytes).
    Removing stm32l4xx_hal_pwr_ex.o(.revsh_text), (4 bytes).
    Removing stm32l4xx_hal_pwr_ex.o(.rrx_text), (6 bytes).
    Removing stm32l4xx_hal_pwr_ex.o(i.HAL_PWREx_ConfigPVM), (400 bytes).
    Removing stm32l4xx_hal_pwr_ex.o(i.HAL_PWREx_DisableBatteryCharging), (16 bytes).
    Removing stm32l4xx_hal_pwr_ex.o(i.HAL_PWREx_DisableGPIOPullDown), (108 bytes).
    Removing stm32l4xx_hal_pwr_ex.o(i.HAL_PWREx_DisableGPIOPullUp), (104 bytes).
    Removing stm32l4xx_hal_pwr_ex.o(i.HAL_PWREx_DisableInternalWakeUpLine), (16 bytes).
    Removing stm32l4xx_hal_pwr_ex.o(i.HAL_PWREx_DisableLowPowerRunMode), (68 bytes).
    Removing stm32l4xx_hal_pwr_ex.o(i.HAL_PWREx_DisablePVM1), (16 bytes).
    Removing stm32l4xx_hal_pwr_ex.o(i.HAL_PWREx_DisablePVM2), (16 bytes).
    Removing stm32l4xx_hal_pwr_ex.o(i.HAL_PWREx_DisablePVM3), (16 bytes).
    Removing stm32l4xx_hal_pwr_ex.o(i.HAL_PWREx_DisablePVM4), (16 bytes).
    Removing stm32l4xx_hal_pwr_ex.o(i.HAL_PWREx_DisablePullUpPullDownConfig), (16 bytes).
    Removing stm32l4xx_hal_pwr_ex.o(i.HAL_PWREx_DisableSRAM2ContentRetention), (6 bytes).
    Removing stm32l4xx_hal_pwr_ex.o(i.HAL_PWREx_DisableVddIO2), (16 bytes).
    Removing stm32l4xx_hal_pwr_ex.o(i.HAL_PWREx_DisableVddUSB), (16 bytes).
    Removing stm32l4xx_hal_pwr_ex.o(i.HAL_PWREx_EnableBatteryCharging), (28 bytes).
    Removing stm32l4xx_hal_pwr_ex.o(i.HAL_PWREx_EnableGPIOPullDown), (160 bytes).
    Removing stm32l4xx_hal_pwr_ex.o(i.HAL_PWREx_EnableGPIOPullUp), (160 bytes).
    Removing stm32l4xx_hal_pwr_ex.o(i.HAL_PWREx_EnableInternalWakeUpLine), (16 bytes).
    Removing stm32l4xx_hal_pwr_ex.o(i.HAL_PWREx_EnableLowPowerRunMode), (16 bytes).
    Removing stm32l4xx_hal_pwr_ex.o(i.HAL_PWREx_EnablePVM1), (16 bytes).
    Removing stm32l4xx_hal_pwr_ex.o(i.HAL_PWREx_EnablePVM2), (16 bytes).
    Removing stm32l4xx_hal_pwr_ex.o(i.HAL_PWREx_EnablePVM3), (16 bytes).
    Removing stm32l4xx_hal_pwr_ex.o(i.HAL_PWREx_EnablePVM4), (16 bytes).
    Removing stm32l4xx_hal_pwr_ex.o(i.HAL_PWREx_EnablePullUpPullDownConfig), (16 bytes).
    Removing stm32l4xx_hal_pwr_ex.o(i.HAL_PWREx_EnableSRAM2ContentRetention), (8 bytes).
    Removing stm32l4xx_hal_pwr_ex.o(i.HAL_PWREx_EnableVddIO2), (16 bytes).
    Removing stm32l4xx_hal_pwr_ex.o(i.HAL_PWREx_EnableVddUSB), (16 bytes).
    Removing stm32l4xx_hal_pwr_ex.o(i.HAL_PWREx_EnterSHUTDOWNMode), (36 bytes).
    Removing stm32l4xx_hal_pwr_ex.o(i.HAL_PWREx_EnterSTOP0Mode), (52 bytes).
    Removing stm32l4xx_hal_pwr_ex.o(i.HAL_PWREx_EnterSTOP1Mode), (56 bytes).
    Removing stm32l4xx_hal_pwr_ex.o(i.HAL_PWREx_EnterSTOP2Mode), (56 bytes).
    Removing stm32l4xx_hal_pwr_ex.o(i.HAL_PWREx_PVD_PVM_IRQHandler), (88 bytes).
    Removing stm32l4xx_hal_pwr_ex.o(i.HAL_PWREx_PVM1Callback), (2 bytes).
    Removing stm32l4xx_hal_pwr_ex.o(i.HAL_PWREx_PVM2Callback), (2 bytes).
    Removing stm32l4xx_hal_pwr_ex.o(i.HAL_PWREx_PVM3Callback), (2 bytes).
    Removing stm32l4xx_hal_pwr_ex.o(i.HAL_PWREx_PVM4Callback), (2 bytes).
    Removing stm32l4xx_hal_pwr_ex.o(i.HAL_PWREx_SetSRAM2ContentRetention), (40 bytes).
    Removing stm32l4xx_hal_cortex.o(.rev16_text), (4 bytes).
    Removing stm32l4xx_hal_cortex.o(.revsh_text), (4 bytes).
    Removing stm32l4xx_hal_cortex.o(.rrx_text), (6 bytes).
    Removing stm32l4xx_hal_cortex.o(i.HAL_MPU_ConfigRegion), (84 bytes).
    Removing stm32l4xx_hal_cortex.o(i.HAL_MPU_Disable), (16 bytes).
    Removing stm32l4xx_hal_cortex.o(i.HAL_MPU_Enable), (24 bytes).
    Removing stm32l4xx_hal_cortex.o(i.HAL_NVIC_ClearPendingIRQ), (26 bytes).
    Removing stm32l4xx_hal_cortex.o(i.HAL_NVIC_DisableIRQ), (34 bytes).
    Removing stm32l4xx_hal_cortex.o(i.HAL_NVIC_EnableIRQ), (26 bytes).
    Removing stm32l4xx_hal_cortex.o(i.HAL_NVIC_GetActive), (36 bytes).
    Removing stm32l4xx_hal_cortex.o(i.HAL_NVIC_GetPendingIRQ), (36 bytes).
    Removing stm32l4xx_hal_cortex.o(i.HAL_NVIC_GetPriority), (82 bytes).
    Removing stm32l4xx_hal_cortex.o(i.HAL_NVIC_GetPriorityGrouping), (16 bytes).
    Removing stm32l4xx_hal_cortex.o(i.HAL_NVIC_SetPendingIRQ), (26 bytes).
    Removing stm32l4xx_hal_cortex.o(i.HAL_NVIC_SystemReset), (36 bytes).
    Removing stm32l4xx_hal_cortex.o(i.HAL_SYSTICK_CLKSourceConfig), (24 bytes).
    Removing stm32l4xx_hal_cortex.o(i.HAL_SYSTICK_Callback), (2 bytes).
    Removing stm32l4xx_hal_cortex.o(i.HAL_SYSTICK_IRQHandler), (8 bytes).
    Removing stm32l4xx_hal_exti.o(.rev16_text), (4 bytes).
    Removing stm32l4xx_hal_exti.o(.revsh_text), (4 bytes).
    Removing stm32l4xx_hal_exti.o(.rrx_text), (6 bytes).
    Removing stm32l4xx_hal_exti.o(i.HAL_EXTI_ClearConfigLine), (128 bytes).
    Removing stm32l4xx_hal_exti.o(i.HAL_EXTI_ClearPending), (28 bytes).
    Removing stm32l4xx_hal_exti.o(i.HAL_EXTI_GenerateSWI), (28 bytes).
    Removing stm32l4xx_hal_exti.o(i.HAL_EXTI_GetConfigLine), (172 bytes).
    Removing stm32l4xx_hal_exti.o(i.HAL_EXTI_GetHandle), (12 bytes).
    Removing stm32l4xx_hal_exti.o(i.HAL_EXTI_GetPending), (32 bytes).
    Removing stm32l4xx_hal_exti.o(i.HAL_EXTI_IRQHandler), (44 bytes).
    Removing stm32l4xx_hal_exti.o(i.HAL_EXTI_RegisterCallback), (14 bytes).
    Removing stm32l4xx_hal_exti.o(i.HAL_EXTI_SetConfigLine), (176 bytes).
    Removing stm32l4xx_hal_tim.o(.rev16_text), (4 bytes).
    Removing stm32l4xx_hal_tim.o(.revsh_text), (4 bytes).
    Removing stm32l4xx_hal_tim.o(.rrx_text), (6 bytes).
    Removing stm32l4xx_hal_tim_ex.o(.rev16_text), (4 bytes).
    Removing stm32l4xx_hal_tim_ex.o(.revsh_text), (4 bytes).
    Removing stm32l4xx_hal_tim_ex.o(.rrx_text), (6 bytes).
    Removing stm32l4xx_hal_uart.o(.rev16_text), (4 bytes).
    Removing stm32l4xx_hal_uart.o(.revsh_text), (4 bytes).
    Removing stm32l4xx_hal_uart.o(.rrx_text), (6 bytes).
    Removing stm32l4xx_hal_uart.o(i.HAL_HalfDuplex_EnableReceiver), (56 bytes).
    Removing stm32l4xx_hal_uart.o(i.HAL_HalfDuplex_EnableTransmitter), (56 bytes).
    Removing stm32l4xx_hal_uart.o(i.HAL_HalfDuplex_Init), (112 bytes).
    Removing stm32l4xx_hal_uart.o(i.HAL_LIN_Init), (136 bytes).
    Removing stm32l4xx_hal_uart.o(i.HAL_LIN_SendBreak), (46 bytes).
    Removing stm32l4xx_hal_uart.o(i.HAL_MultiProcessor_DisableMuteMode), (40 bytes).
    Removing stm32l4xx_hal_uart.o(i.HAL_MultiProcessor_EnableMuteMode), (40 bytes).
    Removing stm32l4xx_hal_uart.o(i.HAL_MultiProcessor_EnterMuteMode), (12 bytes).
    Removing stm32l4xx_hal_uart.o(i.HAL_MultiProcessor_Init), (134 bytes).
    Removing stm32l4xx_hal_uart.o(i.HAL_UART_Abort), (154 bytes).
    Removing stm32l4xx_hal_uart.o(i.HAL_UART_AbortCpltCallback), (2 bytes).
    Removing stm32l4xx_hal_uart.o(i.HAL_UART_AbortReceive), (104 bytes).
    Removing stm32l4xx_hal_uart.o(i.HAL_UART_AbortReceiveCpltCallback), (2 bytes).
    Removing stm32l4xx_hal_uart.o(i.HAL_UART_AbortReceive_IT), (124 bytes).
    Removing stm32l4xx_hal_uart.o(i.HAL_UART_AbortTransmit), (78 bytes).
    Removing stm32l4xx_hal_uart.o(i.HAL_UART_AbortTransmitCpltCallback), (2 bytes).
    Removing stm32l4xx_hal_uart.o(i.HAL_UART_AbortTransmit_IT), (84 bytes).
    Removing stm32l4xx_hal_uart.o(i.HAL_UART_Abort_IT), (192 bytes).
    Removing stm32l4xx_hal_uart.o(i.HAL_UART_DMAPause), (96 bytes).
    Removing stm32l4xx_hal_uart.o(i.HAL_UART_DMAResume), (88 bytes).
    Removing stm32l4xx_hal_uart.o(i.HAL_UART_DMAStop), (114 bytes).
    Removing stm32l4xx_hal_uart.o(i.HAL_UART_DeInit), (58 bytes).
    Removing stm32l4xx_hal_uart.o(i.HAL_UART_DisableReceiverTimeout), (64 bytes).
    Removing stm32l4xx_hal_uart.o(i.HAL_UART_EnableReceiverTimeout), (64 bytes).
    Removing stm32l4xx_hal_uart.o(i.HAL_UART_ErrorCallback), (2 bytes).
    Removing stm32l4xx_hal_uart.o(i.HAL_UART_GetError), (4 bytes).
    Removing stm32l4xx_hal_uart.o(i.HAL_UART_GetState), (10 bytes).
    Removing stm32l4xx_hal_uart.o(i.HAL_UART_IRQHandler), (352 bytes).
    Removing stm32l4xx_hal_uart.o(i.HAL_UART_MspDeInit), (2 bytes).
    Removing stm32l4xx_hal_uart.o(i.HAL_UART_MspInit), (2 bytes).
    Removing stm32l4xx_hal_uart.o(i.HAL_UART_Receive_DMA), (156 bytes).
    Removing stm32l4xx_hal_uart.o(i.HAL_UART_Receive_IT), (172 bytes).
    Removing stm32l4xx_hal_uart.o(i.HAL_UART_ReceiverTimeout_Config), (24 bytes).
    Removing stm32l4xx_hal_uart.o(i.HAL_UART_RxCpltCallback), (2 bytes).
    Removing stm32l4xx_hal_uart.o(i.HAL_UART_RxHalfCpltCallback), (2 bytes).
    Removing stm32l4xx_hal_uart.o(i.HAL_UART_Transmit_DMA), (144 bytes).
    Removing stm32l4xx_hal_uart.o(i.HAL_UART_Transmit_IT), (100 bytes).
    Removing stm32l4xx_hal_uart.o(i.HAL_UART_TxCpltCallback), (2 bytes).
    Removing stm32l4xx_hal_uart.o(i.HAL_UART_TxHalfCpltCallback), (2 bytes).
    Removing stm32l4xx_hal_uart.o(i.UART_DMAAbortOnError), (20 bytes).
    Removing stm32l4xx_hal_uart.o(i.UART_DMAError), (72 bytes).
    Removing stm32l4xx_hal_uart.o(i.UART_DMAReceiveCplt), (60 bytes).
    Removing stm32l4xx_hal_uart.o(i.UART_DMARxAbortCallback), (58 bytes).
    Removing stm32l4xx_hal_uart.o(i.UART_DMARxHalfCplt), (10 bytes).
    Removing stm32l4xx_hal_uart.o(i.UART_DMARxOnlyAbortCallback), (36 bytes).
    Removing stm32l4xx_hal_uart.o(i.UART_DMATransmitCplt), (48 bytes).
    Removing stm32l4xx_hal_uart.o(i.UART_DMATxAbortCallback), (48 bytes).
    Removing stm32l4xx_hal_uart.o(i.UART_DMATxHalfCplt), (10 bytes).
    Removing stm32l4xx_hal_uart.o(i.UART_DMATxOnlyAbortCallback), (20 bytes).
    Removing stm32l4xx_hal_uart.o(i.UART_EndRxTransfer), (30 bytes).
    Removing stm32l4xx_hal_uart.o(i.UART_EndTxTransfer), (16 bytes).
    Removing stm32l4xx_hal_uart.o(i.UART_RxISR_16BIT), (90 bytes).
    Removing stm32l4xx_hal_uart.o(i.UART_RxISR_8BIT), (90 bytes).
    Removing stm32l4xx_hal_uart.o(i.UART_TxISR_16BIT), (64 bytes).
    Removing stm32l4xx_hal_uart.o(i.UART_TxISR_8BIT), (60 bytes).
    Removing stm32l4xx_hal_uart_ex.o(.rev16_text), (4 bytes).
    Removing stm32l4xx_hal_uart_ex.o(.revsh_text), (4 bytes).
    Removing stm32l4xx_hal_uart_ex.o(.rrx_text), (6 bytes).
    Removing stm32l4xx_hal_uart_ex.o(i.HAL_MultiProcessorEx_AddressLength_Set), (46 bytes).
    Removing stm32l4xx_hal_uart_ex.o(i.HAL_RS485Ex_Init), (136 bytes).
    Removing stm32l4xx_hal_uart_ex.o(i.HAL_UARTEx_DisableClockStopMode), (38 bytes).
    Removing stm32l4xx_hal_uart_ex.o(i.HAL_UARTEx_DisableStopMode), (38 bytes).
    Removing stm32l4xx_hal_uart_ex.o(i.HAL_UARTEx_EnableClockStopMode), (38 bytes).
    Removing stm32l4xx_hal_uart_ex.o(i.HAL_UARTEx_EnableStopMode), (38 bytes).
    Removing stm32l4xx_hal_uart_ex.o(i.HAL_UARTEx_StopModeWakeUpSourceConfig), (134 bytes).
    Removing stm32l4xx_hal_uart_ex.o(i.HAL_UARTEx_WakeupCallback), (2 bytes).
    Removing system_stm32l4xx.o(.rev16_text), (4 bytes).
    Removing system_stm32l4xx.o(.revsh_text), (4 bytes).
    Removing system_stm32l4xx.o(.rrx_text), (6 bytes).
    Removing system_stm32l4xx.o(i.SystemCoreClockUpdate), (168 bytes).
    Removing layers_conv2d_generic_float.o(.rev16_text), (4 bytes).
    Removing layers_conv2d_generic_float.o(.revsh_text), (4 bytes).
    Removing layers_conv2d_generic_float.o(.rrx_text), (6 bytes).
    Removing layers_conv2d_generic_float.o(i.arm_mat_gemm_f32), (390 bytes).
    Removing layers_conv2d_generic_float.o(i.forward_gemm), (416 bytes).
    Removing layers_conv2d_generic_float.o(i.forward_matmul), (366 bytes).
    Removing layers_generic_float.o(i._insertion_sort), (274 bytes).
    Removing layers_generic_float.o(i._slice_axis), (38 bytes).
    Removing layers_generic_float.o(i.forward_add), (50 bytes).
    Removing layers_generic_float.o(i.forward_concat), (164 bytes).
    Removing layers_generic_float.o(i.forward_eltwise), (382 bytes).
    Removing layers_generic_float.o(i.forward_instanceNormalization), (462 bytes).
    Removing layers_generic_float.o(i.forward_pad), (850 bytes).
    Removing layers_generic_float.o(i.forward_reduce), (286 bytes).
    Removing layers_generic_float.o(i.forward_slice), (556 bytes).
    Removing layers_generic_float.o(i.forward_split), (48 bytes).
    Removing layers_generic_float.o(i.forward_tile), (222 bytes).
    Removing layers_generic_float.o(i.forward_time_delay), (386 bytes).
    Removing layers_generic_float.o(i.forward_time_distributed), (4 bytes).
    Removing layers_generic_float.o(i.forward_topK), (342 bytes).
    Removing layers_generic_float.o(i.forward_upsample), (926 bytes).
    Removing layers_generic_float.o(i.td_layer_process), (614 bytes).
    Removing layers_generic_float.o(i.td_layer_tensor_update), (48 bytes).
    Removing layers_generic_float.o(.constdata), (224 bytes).
    Removing layers_nl_generic_float.o(i.forward_abs), (94 bytes).
    Removing layers_nl_generic_float.o(i.forward_acos), (94 bytes).
    Removing layers_nl_generic_float.o(i.forward_acosh), (94 bytes).
    Removing layers_nl_generic_float.o(i.forward_asin), (94 bytes).
    Removing layers_nl_generic_float.o(i.forward_asinh), (94 bytes).
    Removing layers_nl_generic_float.o(i.forward_atan), (94 bytes).
    Removing layers_nl_generic_float.o(i.forward_atanh), (94 bytes).
    Removing layers_nl_generic_float.o(i.forward_ceil), (94 bytes).
    Removing layers_nl_generic_float.o(i.forward_clip), (98 bytes).
    Removing layers_nl_generic_float.o(i.forward_cos), (94 bytes).
    Removing layers_nl_generic_float.o(i.forward_cosh), (94 bytes).
    Removing layers_nl_generic_float.o(i.forward_elu), (98 bytes).
    Removing layers_nl_generic_float.o(i.forward_erf), (94 bytes).
    Removing layers_nl_generic_float.o(i.forward_exp), (94 bytes).
    Removing layers_nl_generic_float.o(i.forward_floor), (94 bytes).
    Removing layers_nl_generic_float.o(i.forward_hard_sigmoid), (94 bytes).
    Removing layers_nl_generic_float.o(i.forward_hardmax), (78 bytes).
    Removing layers_nl_generic_float.o(i.forward_log), (94 bytes).
    Removing layers_nl_generic_float.o(i.forward_neg), (94 bytes).
    Removing layers_nl_generic_float.o(i.forward_reciprocal), (94 bytes).
    Removing layers_nl_generic_float.o(i.forward_relu), (154 bytes).
    Removing layers_nl_generic_float.o(i.forward_relu_thresholded), (98 bytes).
    Removing layers_nl_generic_float.o(i.forward_round), (94 bytes).
    Removing layers_nl_generic_float.o(i.forward_rsqrt), (94 bytes).
    Removing layers_nl_generic_float.o(i.forward_selu), (98 bytes).
    Removing layers_nl_generic_float.o(i.forward_sigmoid), (94 bytes).
    Removing layers_nl_generic_float.o(i.forward_sign), (94 bytes).
    Removing layers_nl_generic_float.o(i.forward_sin), (94 bytes).
    Removing layers_nl_generic_float.o(i.forward_sinh), (94 bytes).
    Removing layers_nl_generic_float.o(i.forward_soft_plus), (94 bytes).
    Removing layers_nl_generic_float.o(i.forward_soft_sign), (94 bytes).
    Removing layers_nl_generic_float.o(i.forward_sqrt), (94 bytes).
    Removing layers_nl_generic_float.o(i.forward_tan), (94 bytes).
    Removing layers_nl_generic_float.o(i.forward_tanh), (94 bytes).
    Removing layers_nl_generic_float.o(i.nl_func_abs_array_f32), (44 bytes).
    Removing layers_nl_generic_float.o(i.nl_func_acos_array_f32), (48 bytes).
    Removing layers_nl_generic_float.o(i.nl_func_acosh_array_f32), (48 bytes).
    Removing layers_nl_generic_float.o(i.nl_func_asin_array_f32), (48 bytes).
    Removing layers_nl_generic_float.o(i.nl_func_asinh_array_f32), (48 bytes).
    Removing layers_nl_generic_float.o(i.nl_func_atan_array_f32), (48 bytes).
    Removing layers_nl_generic_float.o(i.nl_func_atanh_array_f32), (48 bytes).
    Removing layers_nl_generic_float.o(i.nl_func_ceil_array_f32), (48 bytes).
    Removing layers_nl_generic_float.o(i.nl_func_clip_array_f32), (94 bytes).
    Removing layers_nl_generic_float.o(i.nl_func_cos_array_f32), (48 bytes).
    Removing layers_nl_generic_float.o(i.nl_func_cosh_array_f32), (48 bytes).
    Removing layers_nl_generic_float.o(i.nl_func_elu_array_f32), (136 bytes).
    Removing layers_nl_generic_float.o(i.nl_func_erf_array_f32), (48 bytes).
    Removing layers_nl_generic_float.o(i.nl_func_exp_array_f32), (48 bytes).
    Removing layers_nl_generic_float.o(i.nl_func_floor_array_f32), (48 bytes).
    Removing layers_nl_generic_float.o(i.nl_func_hard_sigmoid_array_f32), (120 bytes).
    Removing layers_nl_generic_float.o(i.nl_func_hardmax_array_f32), (100 bytes).
    Removing layers_nl_generic_float.o(i.nl_func_log_array_f32), (48 bytes).
    Removing layers_nl_generic_float.o(i.nl_func_neg_array_f32), (44 bytes).
    Removing layers_nl_generic_float.o(i.nl_func_reciprocal_array_f32), (48 bytes).
    Removing layers_nl_generic_float.o(i.nl_func_relu_array_f32), (64 bytes).
    Removing layers_nl_generic_float.o(i.nl_func_relu_generic_array_f32), (192 bytes).
    Removing layers_nl_generic_float.o(i.nl_func_relu_thresholded_array_f32), (68 bytes).
    Removing layers_nl_generic_float.o(i.nl_func_round_array_f32), (48 bytes).
    Removing layers_nl_generic_float.o(i.nl_func_rsqrt_array_f32), (64 bytes).
    Removing layers_nl_generic_float.o(i.nl_func_selu_array_f32), (144 bytes).
    Removing layers_nl_generic_float.o(i.nl_func_sigmoid_array_f32), (72 bytes).
    Removing layers_nl_generic_float.o(i.nl_func_sign_array_f32), (68 bytes).
    Removing layers_nl_generic_float.o(i.nl_func_sin_array_f32), (48 bytes).
    Removing layers_nl_generic_float.o(i.nl_func_sinh_array_f32), (48 bytes).
    Removing layers_nl_generic_float.o(i.nl_func_soft_plus_array_f32), (68 bytes).
    Removing layers_nl_generic_float.o(i.nl_func_soft_sign_array_f32), (56 bytes).
    Removing layers_nl_generic_float.o(i.nl_func_sqrt_array_f32), (48 bytes).
    Removing layers_nl_generic_float.o(i.nl_func_tan_array_f32), (48 bytes).
    Removing layers_nl_generic_float.o(i.nl_func_tanh_array_f32), (48 bytes).
    Removing layers_pool_generic_float.o(i.forward_ap), (372 bytes).
    Removing layers_pool_generic_float.o(i.forward_mp), (342 bytes).
    Removing layers_pool_generic_float.o(i.pool_func_ap_array_f32), (466 bytes).
    Removing layers_pool_generic_float.o(i.pool_func_ap_kernel_array_f32), (124 bytes).
    Removing layers_pool_generic_float.o(i.pool_func_mp_kernel_array_f32), (62 bytes).
    Removing ai_network_inspector.o(i.ai_inspector_run), (46 bytes).
    Removing ai_datatypes_format.o(i.ai_array_fmt_exported), (438 bytes).
    Removing ai_datatypes_format.o(i.ai_array_fmt_get_formats), (12 bytes).
    Removing ai_datatypes_format.o(i.ai_array_fmt_name), (1670 bytes).
    Removing ai_datatypes_format.o(i.ai_array_fmt_valid), (450 bytes).
    Removing ai_datatypes_format.o(i.ai_array_get_data_byte_size), (36 bytes).
    Removing ai_datatypes_format.o(i.ai_array_get_elems_from_size), (64 bytes).
    Removing ai_datatypes_format.o(i.ai_buffer_fmt_get_formats), (12 bytes).
    Removing ai_datatypes_format.o(i.ai_buffer_fmt_name), (680 bytes).
    Removing ai_datatypes_format.o(i.ai_buffer_fmt_valid), (212 bytes).
    Removing ai_datatypes_format.o(i.ai_buffer_to_array_fmt), (224 bytes).
    Removing ai_datatypes_format.o(.constdata), (160 bytes).
    Removing ai_math_helpers.o(.rev16_text), (4 bytes).
    Removing ai_math_helpers.o(.revsh_text), (4 bytes).
    Removing ai_math_helpers.o(.rrx_text), (6 bytes).
    Removing ai_math_helpers.o(i.ai_div), (10 bytes).
    Removing ai_math_helpers.o(i.ai_floor_div), (12 bytes).
    Removing ai_math_helpers.o(i.ai_floor_mod), (4 bytes).
    Removing ai_math_helpers.o(i.ai_math_cosh), (4 bytes).
    Removing ai_math_helpers.o(i.ai_math_exp), (4 bytes).
    Removing ai_math_helpers.o(i.ai_math_hard_sigmoid), (76 bytes).
    Removing ai_math_helpers.o(i.ai_math_pow), (4 bytes).
    Removing ai_math_helpers.o(i.ai_math_prelu), (16 bytes).
    Removing ai_math_helpers.o(i.ai_math_relu), (20 bytes).
    Removing ai_math_helpers.o(i.ai_math_sigmoid), (24 bytes).
    Removing ai_math_helpers.o(i.ai_math_sign), (28 bytes).
    Removing ai_math_helpers.o(i.ai_math_sqrt), (28 bytes).
    Removing ai_math_helpers.o(i.ai_math_tanh), (4 bytes).
    Removing ai_math_helpers.o(i.ai_max), (16 bytes).
    Removing ai_math_helpers.o(i.ai_min), (16 bytes).
    Removing ai_math_helpers.o(i.ai_mul), (6 bytes).
    Removing ai_math_helpers.o(i.ai_sub), (6 bytes).
    Removing ai_math_helpers.o(i.ai_sum), (6 bytes).
    Removing layers.o(i.ai_layers_forward_layer), (4 bytes).
    Removing core_mem_manager.o(i.core_mem_realloc), (50 bytes).
    Removing core_utils.o(i.core_array_clone), (10 bytes).
    Removing core_utils.o(i.core_compute_offsets), (192 bytes).
    Removing core_utils.o(i.core_get_broadcasted_shape), (50 bytes).
    Removing core_utils.o(i.core_tensor_clone), (92 bytes).
    Removing core_utils.o(.constdata), (24 bytes).
    Removing arm_mat_init_f32.o(.rev16_text), (4 bytes).
    Removing arm_mat_init_f32.o(.revsh_text), (4 bytes).
    Removing arm_mat_init_f32.o(.rrx_text), (6 bytes).
    Removing arm_mat_init_f32.o(i.arm_mat_init_f32), (8 bytes).
    Removing core_benchmark.o(.rev16_text), (4 bytes).
    Removing core_benchmark.o(.revsh_text), (4 bytes).
    Removing core_benchmark.o(.rrx_text), (6 bytes).
    Removing core_benchmark.o(i.core_timer_main_test_unit), (124 bytes).
    Removing frnd.o(.text), (60 bytes).
    Removing frem.o(.text), (82 bytes).
    Removing fpstat.o(.text), (4 bytes).

588 unused section(s) (total 47358 bytes) removed from the image.
