Component: ARM Compiler 5.06 update 6 (build 750) Tool: armlink [4d35ed]

==============================================================================

Section Cross References

    startup_stm32l475xx.o(RESET) refers to startup_stm32l475xx.o(STACK) for __initial_sp
    startup_stm32l475xx.o(RESET) refers to startup_stm32l475xx.o(.text) for Reset_Handler
    startup_stm32l475xx.o(RESET) refers to stm32l4xx_it.o(i.NMI_Handler) for NMI_Handler
    startup_stm32l475xx.o(RESET) refers to stm32l4xx_it.o(i.HardFault_Handler) for HardFault_Handler
    startup_stm32l475xx.o(RESET) refers to stm32l4xx_it.o(i.MemManage_Handler) for MemManage_Handler
    startup_stm32l475xx.o(RESET) refers to stm32l4xx_it.o(i.BusFault_Handler) for BusFault_Handler
    startup_stm32l475xx.o(RESET) refers to stm32l4xx_it.o(i.UsageFault_Handler) for UsageFault_Handler
    startup_stm32l475xx.o(RESET) refers to stm32l4xx_it.o(i.SVC_Handler) for SVC_Handler
    startup_stm32l475xx.o(RESET) refers to stm32l4xx_it.o(i.DebugMon_Handler) for DebugMon_Handler
    startup_stm32l475xx.o(RESET) refers to stm32l4xx_it.o(i.PendSV_Handler) for PendSV_Handler
    startup_stm32l475xx.o(RESET) refers to stm32l4xx_it.o(i.SysTick_Handler) for SysTick_Handler
    startup_stm32l475xx.o(.text) refers to system_stm32l4xx.o(i.SystemInit) for SystemInit
    startup_stm32l475xx.o(.text) refers to entry.o(.ARM.Collect$$$$00000000) for __main
    onet.o(i.ai_onet_create) refers to ai_platform_interface.o(i.ai_platform_network_create) for ai_platform_network_create
    onet.o(i.ai_onet_create) refers to onet.o(.data) for .data
    onet.o(i.ai_onet_destroy) refers to ai_platform_interface.o(i.ai_platform_network_destroy) for ai_platform_network_destroy
    onet.o(i.ai_onet_forward) refers to ai_platform_interface.o(i.ai_platform_network_process) for ai_platform_network_process
    onet.o(i.ai_onet_get_error) refers to ai_platform_interface.o(i.ai_platform_network_get_error) for ai_platform_network_get_error
    onet.o(i.ai_onet_get_info) refers to ai_platform_interface.o(i.ai_platform_context_acquire) for ai_platform_context_acquire
    onet.o(i.ai_onet_get_info) refers to memcpya.o(.text) for __aeabi_memcpy4
    onet.o(i.ai_onet_get_info) refers to ai_platform_interface.o(i.ai_platform_runtime_get_revision) for ai_platform_runtime_get_revision
    onet.o(i.ai_onet_get_info) refers to ai_platform_interface.o(i.ai_platform_runtime_get_version) for ai_platform_runtime_get_version
    onet.o(i.ai_onet_get_info) refers to ai_platform_interface.o(i.ai_platform_api_get_version) for ai_platform_api_get_version
    onet.o(i.ai_onet_get_info) refers to ai_platform_interface.o(i.ai_platform_interface_api_get_version) for ai_platform_interface_api_get_version
    onet.o(i.ai_onet_get_info) refers to ai_platform_interface.o(i.ai_platform_api_get_network_report) for ai_platform_api_get_network_report
    onet.o(i.ai_onet_get_info) refers to onet.o(.constdata) for .constdata
    onet.o(i.ai_onet_init) refers to ai_platform_interface.o(i.ai_platform_network_init) for ai_platform_network_init
    onet.o(i.ai_onet_init) refers to onet.o(i.onet_configure_weights) for onet_configure_weights
    onet.o(i.ai_onet_init) refers to onet.o(i.onet_configure_activations) for onet_configure_activations
    onet.o(i.ai_onet_run) refers to ai_platform_interface.o(i.ai_platform_network_process) for ai_platform_network_process
    onet.o(i.onet_configure_activations) refers to onet.o(.data) for .data
    onet.o(i.onet_configure_weights) refers to onet.o(.data) for .data
    onet.o(.constdata) refers to onet.o(.data) for <Data65>
    onet.o(.constdata) refers to onet.o(.data) for <Data72>
    onet.o(.constdata) refers to onet.o(.data) for <Data79>
    onet.o(.constdata) refers to onet.o(.data) for <Data86>
    onet.o(.constdata) refers to onet.o(.data) for <Data92>
    onet.o(.constdata) refers to onet.o(.data) for <Data98>
    onet.o(.constdata) refers to onet.o(.data) for <Data103>
    onet.o(.constdata) refers to onet.o(.data) for <Data108>
    onet.o(.constdata) refers to onet.o(.conststring) for .conststring
    onet.o(.data) refers to onet.o(.data) for input_40_output
    onet.o(.data) refers to onet.o(.data) for conv1_output
    onet.o(.data) refers to onet.o(.data) for conv1_weights
    onet.o(.data) refers to onet.o(.data) for conv1_bias
    onet.o(.data) refers to onet.o(.data) for conv1_alpha
    onet.o(.data) refers to onet.o(.data) for conv1_scratch0
    onet.o(.data) refers to onet.o(.data) for <Data61>
    onet.o(.data) refers to onet.o(.data) for <Data62>
    onet.o(.data) refers to onet.o(.data) for <Data63>
    onet.o(.data) refers to onet.o(.data) for <Data64>
    onet.o(.data) refers to onet.o(.data) for conv1_output
    onet.o(.data) refers to onet.o(.data) for conv2_output
    onet.o(.data) refers to onet.o(.data) for conv2_weights
    onet.o(.data) refers to onet.o(.data) for conv2_bias
    onet.o(.data) refers to onet.o(.data) for conv2_alpha
[...]
    core_timer_init_                         0x080062a1   Thumb Code     2  core_benchmark.o(i.core_timer_init_)
    core_timer_reset                         0x080062a3   Thumb Code    14  core_benchmark.o(i.core_timer_reset)
    core_timer_start                         0x080062b1   Thumb Code    20  core_benchmark.o(i.core_timer_start)
    core_timer_stop                          0x080062c5   Thumb Code    26  core_benchmark.o(i.core_timer_stop)
    core_timer_ticks_                        0x080062df   Thumb Code     4  core_benchmark.o(i.core_timer_ticks_)
    core_utils_compute_crc32                 0x080062e5   Thumb Code    94  core_utils.o(i.core_utils_compute_crc32)
    core_utils_generate_network_signature    0x08006343   Thumb Code    68  core_utils.o(i.core_utils_generate_network_signature)
    crcIpInit                                0x08006389   Thumb Code    34  aitestutility.o(i.crcIpInit)
    disableInts                              0x08006731   Thumb Code     8  aitestutility.o(i.disableInts)
    dwtCyclesToFloatMs                       0x08006739   Thumb Code    52  aitestutility.o(i.dwtCyclesToFloatMs)
    dwtGetCycles                             0x08006771   Thumb Code     6  aitestutility.o(i.dwtGetCycles)
    dwtIpInit                                0x0800677d   Thumb Code    26  aitestutility.o(i.dwtIpInit)
    dwtReset                                 0x080067a5   Thumb Code     8  aitestutility.o(i.dwtReset)
    forward_conv2d                           0x08006a55   Thumb Code   654  layers_conv2d_generic_float.o(i.forward_conv2d)
    forward_conv2d_nl_pool                   0x08006cf1   Thumb Code  1106  layers_conv2d_generic_float.o(i.forward_conv2d_nl_pool)
    forward_dense                            0x08007151   Thumb Code   460  layers_conv2d_generic_float.o(i.forward_dense)
    forward_prelu                            0x08007327   Thumb Code   204  layers_nl_generic_float.o(i.forward_prelu)
    forward_sm                               0x080073f9   Thumb Code   108  layers_nl_generic_float.o(i.forward_sm)
    forward_transpose                        0x08007465   Thumb Code    76  layers_generic_float.o(i.forward_transpose)
    fputc                                    0x080074b1   Thumb Code    26  aitestutility.o(i.fputc)
    getFlashCacheConf                        0x080074d9   Thumb Code     6  aitestutility.o(i.getFlashCacheConf)
    ioDisableWrite                           0x08007561   Thumb Code     8  aitestutility.o(i.ioDisableWrite)
    ioFlushRead                              0x0800756d   Thumb Code    14  aitestutility.o(i.ioFlushRead)
    ioFlushWrite                             0x08007585   Thumb Code    22  aitestutility.o(i.ioFlushWrite)
    logDeviceConf                            0x080075d1   Thumb Code   194  aitestutility.o(i.logDeviceConf)
    main                                     0x0800777d   Thumb Code    62  main.o(i.main)
    nl_func_prelu_array_f32                  0x080077c9   Thumb Code    96  layers_nl_generic_float.o(i.nl_func_prelu_array_f32)
    nl_func_sm_array_f32                     0x0800782d   Thumb Code    76  layers_nl_generic_float.o(i.nl_func_sm_array_f32)
    nl_func_sm_channel_f32                   0x08007879   Thumb Code   138  layers_nl_generic_float.o(i.nl_func_sm_channel_f32)
    pb_close_string_substream                0x08007a13   Thumb Code    34  pb_decode.o(i.pb_close_string_substream)
    pb_decode                                0x08007e25   Thumb Code    30  pb_decode.o(i.pb_decode)
    pb_decode_delimited                      0x08007e43   Thumb Code    48  pb_decode.o(i.pb_decode_delimited)
    pb_decode_fixed32                        0x08007e73   Thumb Code    32  pb_decode.o(i.pb_decode_fixed32)
    pb_decode_fixed64                        0x08007e93   Thumb Code    92  pb_decode.o(i.pb_decode_fixed64)
    pb_decode_noinit                         0x08007ef1   Thumb Code   484  pb_decode.o(i.pb_decode_noinit)
    pb_decode_svarint                        0x08008117   Thumb Code    58  pb_decode.o(i.pb_decode_svarint)
    pb_decode_tag                            0x08008151   Thumb Code    56  pb_decode.o(i.pb_decode_tag)
    pb_decode_varint                         0x08008189   Thumb Code    86  pb_decode.o(i.pb_decode_varint)
    pb_decode_varint32                       0x080081f1   Thumb Code     6  pb_decode.o(i.pb_decode_varint32)
    pb_encode                                0x0800845d   Thumb Code   112  pb_encode.o(i.pb_encode)
    pb_encode_fixed32                        0x080084cd   Thumb Code    36  pb_encode.o(i.pb_encode_fixed32)
    pb_encode_fixed64                        0x080084f1   Thumb Code    72  pb_encode.o(i.pb_encode_fixed64)
    pb_encode_string                         0x08008539   Thumb Code    34  pb_encode.o(i.pb_encode_string)
    pb_encode_submessage                     0x0800855d   Thumb Code   154  pb_encode.o(i.pb_encode_submessage)
    pb_encode_svarint                        0x08008619   Thumb Code    20  pb_encode.o(i.pb_encode_svarint)
    pb_encode_tag                            0x0800862d   Thumb Code    10  pb_encode.o(i.pb_encode_tag)
    pb_encode_tag_for_field                  0x08008639   Thumb Code    58  pb_encode.o(i.pb_encode_tag_for_field)
    pb_encode_varint                         0x08008689   Thumb Code    74  pb_encode.o(i.pb_encode_varint)
    pb_field_iter_begin                      0x080086d3   Thumb Code    36  pb_common.o(i.pb_field_iter_begin)
    pb_field_iter_find                       0x080086f7   Thumb Code    46  pb_common.o(i.pb_field_iter_find)
    pb_field_iter_next                       0x08008725   Thumb Code   132  pb_common.o(i.pb_field_iter_next)
    pb_istream_from_buffer                   0x0800885d   Thumb Code    14  pb_decode.o(i.pb_istream_from_buffer)
    pb_istream_from_uart                     0x08008871   Thumb Code    18  aitestutility.o(i.pb_istream_from_uart)
    pb_make_string_substream                 0x08008889   Thumb Code    62  pb_decode.o(i.pb_make_string_substream)
    pb_ostream_to_uart                       0x08008909   Thumb Code    34  aitestutility.o(i.pb_ostream_to_uart)
    pb_read                                  0x08008931   Thumb Code    98  pb_decode.o(i.pb_read)
    pb_skip_field                            0x08008a01   Thumb Code   100  pb_decode.o(i.pb_skip_field)
    pb_write                                 0x08008a79   Thumb Code    58  pb_encode.o(i.pb_write)
    pool_func_mp_array_f32                   0x08008be1   Thumb Code   424  layers_pool_generic_float.o(i.pool_func_mp_array_f32)
    restoreInts                              0x08008ec5   Thumb Code     6  aitestutility.o(i.restoreInts)
    reqMsg_cmd_default                       0x08032a8c   Data           1  stm32msg.pb.o(.constdata)
    aiBufferShapeMsg_format_default          0x08032a90   Data           4  stm32msg.pb.o(.constdata)
    aiBufferShapeMsg_n_batches_default       0x08032a94   Data           4  stm32msg.pb.o(.constdata)
    aiBufferShapeMsg_height_default          0x08032a98   Data           4  stm32msg.pb.o(.constdata)
    aiBufferShapeMsg_width_default           0x08032a9c   Data           4  stm32msg.pb.o(.constdata)
    aiBufferShapeMsg_channels_default        0x08032aa0   Data           4  stm32msg.pb.o(.constdata)
    aiBufferShapeMsg_scale_default           0x08032aa4   Data           4  stm32msg.pb.o(.constdata)
    aiBufferShapeMsg_zeropoint_default       0x08032aa8   Data           4  stm32msg.pb.o(.constdata)
    reqMsg_fields                            0x08032aac   Data          90  stm32msg.pb.o(.constdata)
    aiRunReportMsg_fields                    0x08032b06   Data          90  stm32msg.pb.o(.constdata)
    aiBufferShapeMsg_fields                  0x08032b60   Data         120  stm32msg.pb.o(.constdata)
    aiNetworkInfoMsg_fields                  0x08032bd8   Data         315  stm32msg.pb.o(.constdata)
    aiBufferByteMsg_fields                   0x08032d13   Data          45  stm32msg.pb.o(.constdata)
    syncMsg_fields                           0x08032d40   Data          45  stm32msg.pb.o(.constdata)
    sysinfoMsg_fields                        0x08032d6d   Data          75  stm32msg.pb.o(.constdata)
    ackMsg_fields                            0x08032db8   Data          45  stm32msg.pb.o(.constdata)
    logMsg_fields                            0x08032de5   Data          45  stm32msg.pb.o(.constdata)
    nodeMsg_fields                           0x08032e12   Data          75  stm32msg.pb.o(.constdata)
    respMsg_fields                           0x08032e5d   Data         150  stm32msg.pb.o(.constdata)
    AHBPrescTable                            0x08032ef4   Data          16  system_stm32l4xx.o(.constdata)
    MSIRangeTable                            0x08032f04   Data          48  system_stm32l4xx.o(.constdata)
    APBPrescTable                            0x08032f34   Data           8  system_stm32l4xx.o(.constdata)
    Region$$Table$$Base                      0x080330cc   Number         0  anon$$obj.o(Region$$Table)
    Region$$Table$$Limit                     0x080330ec   Number         0  anon$$obj.o(Region$$Table)
    _ioWriteAllowed                          0x20001674   Data           1  aitestutility.o(.data)
    uwTickPrio                               0x200016c8   Data           4  stm32l4xx_hal.o(.data)
    uwTickFreq                               0x200016cc   Data           4  stm32l4xx_hal.o(.data)
    uwTick                                   0x200016d0   Data           4  stm32l4xx_hal.o(.data)
    SystemCoreClock                          0x200016d4   Data           4  system_stm32l4xx.o(.data)
    __stdout                                 0x200016e0   Data           4  stdout.o(.data)
    __microlib_freelist                      0x200016e4   Data           4  mvars.o(.data)
    __microlib_freelist_initialised          0x200016e8   Data           4  mvars.o(.data)
    hcrc                                     0x200018a0   Data          36  main.o(.bss)
    huart1                                   0x200018c4   Data         128  main.o(.bss)
    data_in_1                                0x20007390   Data        7500  aivalidation.o(.bss)
    data_out_1                               0x200090dc   Data         784  aivalidation.o(.bss)
    data_out_2                               0x200093ec   Data         392  aivalidation.o(.bss)
    __heap_base                              0x20009598   Data           0  startup_stm32l475xx.o(HEAP)
    __heap_limit                             0x2000b598   Data           0  startup_stm32l475xx.o(HEAP)
    __initial_sp                             0x2000bd98   Data           0  startup_stm32l475xx.o(STACK)



==============================================================================

Memory Map of the image

  Image Entry point : 0x08000189

  Load Region LR_IROM1 (Base: 0x08000000, Size: 0x000347dc, Max: 0x00100000, ABSOLUTE, COMPRESSED[0x00033880])

    Execution Region ER_IROM1 (Exec base: 0x08000000, Load base: 0x08000000, Size: 0x000330ec, Max: 0x00100000, ABSOLUTE)

    Exec Addr    Load Addr    Size         Type   Attr      Idx    E Section Name        Object

    0x08000000   0x08000000   0x00000188   Data   RO            3    RESET               startup_stm32l475xx.o
    0x08000188   0x08000188   0x00000000   Code   RO         5402  * .ARM.Collect$$$$00000000  mc_w.l(entry.o)
    0x08000188   0x08000188   0x00000004   Code   RO         5746    .ARM.Collect$$$$00000001  mc_w.l(entry2.o)
    0x0800018c   0x0800018c   0x00000004   Code   RO         5749    .ARM.Collect$$$$00000004  mc_w.l(entry5.o)
    0x08000190   0x08000190   0x00000000   Code   RO         5751    .ARM.Collect$$$$00000008  mc_w.l(entry7b.o)
    0x08000190   0x08000190   0x00000000   Code   RO         5753    .ARM.Collect$$$$0000000A  mc_w.l(entry8b.o)
    0x08000190   0x08000190   0x00000008   Code   RO         5754    .ARM.Collect$$$$0000000B  mc_w.l(entry9a.o)
    0x08000198   0x08000198   0x00000000   Code   RO         5756    .ARM.Collect$$$$0000000D  mc_w.l(entry10a.o)
    0x08000198   0x08000198   0x00000000   Code   RO         5758    .ARM.Collect$$$$0000000F  mc_w.l(entry11a.o)
    0x08000198   0x08000198   0x00000004   Code   RO         5747    .ARM.Collect$$$$00002712  mc_w.l(entry2.o)
    0x0800019c   0x0800019c   0x00000024   Code   RO            4    .text               startup_stm32l475xx.o
    0x080001c0   0x080001c0   0x00000068   Code   RO         5405    .text               mc_w.l(uldiv.o)
    0x08000228   0x08000228   0x0000001e   Code   RO         5407    .text               mc_w.l(llshl.o)
    0x08000246   0x08000246   0x00000024   Code   RO         5409    .text               mc_w.l(memcpya.o)
    0x0800026a   0x0800026a   0x00000024   Code   RO         5411    .text               mc_w.l(memseta.o)
    0x0800028e   0x0800028e   0x0000000e   Code   RO         5413    .text               mc_w.l(strlen.o)
    0x0800029c   0x0800029c   0x0000001a   Code   RO         5415    .text               mc_w.l(memcmp.o)
    0x080002b6   0x080002b6   0x0000001e   Code   RO         5417    .text               mc_w.l(strncmp.o)
    0x080002d4   0x080002d4   0x0000001c   Code   RO         5710    .text               mf_w.l(ffltul.o)
    0x080002f0   0x080002f0   0x00000026   Code   RO         5712    .text               mf_w.l(f2d.o)
    0x08000316   0x08000316   0x0000002c   Code   RO         5761    .text               mc_w.l(uidiv.o)
    0x08000342   0x08000342   0x00000020   Code   RO         5763    .text               mc_w.l(llushr.o)
    0x08000362   0x08000362   0x00000000   Code   RO         5774    .text               mc_w.l(iusefp.o)
    0x08000362   0x08000362   0x0000006e   Code   RO         5775    .text               mf_w.l(fepilogue.o)
    0x080003d0   0x080003d0   0x0000015e   Code   RO         5781    .text               mf_w.l(dadd.o)
    0x0800052e   0x0800052e   0x000000ea   Code   RO         5783    .text               mf_w.l(dmul.o)
    0x08000618   0x08000618   0x000000de   Code   RO         5785    .text               mf_w.l(ddiv.o)
    0x080006f6   0x080006f6   0x00000030   Code   RO         5787    .text               mf_w.l(dfixul.o)
    0x08000726   0x08000726   0x00000002   PAD
    0x08000728   0x08000728   0x00000030   Code   RO         5789    .text               mf_w.l(cdrcmple.o)
    0x08000758   0x08000758   0x00000024   Code   RO         5793    .text               mc_w.l(init.o)
    0x0800077c   0x0800077c   0x00000024   Code   RO         5795    .text               mc_w.l(llsshr.o)
    0x080007a0   0x080007a0   0x000000ba   Code   RO         5797    .text               mf_w.l(depilogue.o)
    0x0800085a   0x0800085a   0x00000056   Code   RO         5807    .text               mc_w.l(__dczerorl2.o)
    0x080008b0   0x080008b0   0x00000002   Code   RO         1060    i.BusFault_Handler  stm32l4xx_it.o
    0x080008b2   0x080008b2   0x00000002   PAD
    0x080008b4   0x080008b4   0x00000038   Code   RO         4701    i.CRC_Lock          NetworkRuntime500_CM4_Keil.lib(ai_platform_interface.o)
    0x080008ec   0x080008ec   0x00000002   Code   RO         1061    i.DebugMon_Handler  stm32l4xx_it.o
    0x080008ee   0x080008ee   0x0000004e   Code   RO         2197    i.HAL_CRCEx_Polynomial_Set  stm32l4xx_hal_crc_ex.o
    0x0800093c   0x0800093c   0x00000074   Code   RO         2131    i.HAL_CRC_Init      stm32l4xx_hal_crc.o
    0x080009b0   0x080009b0   0x00000028   Code   RO         1136    i.HAL_CRC_MspInit   stm32l4xx_hal_msp.o
    0x080009d8   0x080009d8   0x00000024   Code   RO         2238    i.HAL_Delay         stm32l4xx_hal.o
    0x080009fc   0x080009fc   0x00000266   Code   RO         3441    i.HAL_GPIO_Init     stm32l4xx_hal_gpio.o
    0x08000c62   0x08000c62   0x00000002   PAD
    0x08000c64   0x08000c64   0x00000010   Code   RO         2239    i.HAL_GetDEVID      stm32l4xx_hal.o
    0x08000c74   0x08000c74   0x00000008   Code   RO         2240    i.HAL_GetHalVersion  stm32l4xx_hal.o
    0x08000c7c   0x08000c7c   0x0000000c   Code   RO         2241    i.HAL_GetREVID      stm32l4xx_hal.o
    0x08000c88   0x08000c88   0x0000000c   Code   RO         2242    i.HAL_GetTick       stm32l4xx_hal.o
    0x08000c94   0x08000c94   0x00000010   Code   RO         2248    i.HAL_IncTick       stm32l4xx_hal.o
    0x08000ca4   0x08000ca4   0x0000001e   Code   RO         2249    i.HAL_Init          stm32l4xx_hal.o
    0x08000cc2   0x08000cc2   0x00000002   PAD
    0x08000cc4   0x08000cc4   0x00000044   Code   RO         2250    i.HAL_InitTick      stm32l4xx_hal.o
    0x08000d08   0x08000d08   0x0000002c   Code   RO         1137    i.HAL_MspInit       stm32l4xx_hal_msp.o
    0x08000d34   0x08000d34   0x00000040   Code   RO         3994    i.HAL_NVIC_SetPriority  stm32l4xx_hal_cortex.o
    0x08000d74   0x08000d74   0x00000024   Code   RO         3995    i.HAL_NVIC_SetPriorityGrouping  stm32l4xx_hal_cortex.o
    0x08000d98   0x08000d98   0x00000068   Code   RO         3732    i.HAL_PWREx_ControlVoltageScaling  stm32l4xx_hal_pwr_ex.o
    0x08000e00   0x08000e00   0x00000010   Code   RO         3763    i.HAL_PWREx_GetVoltageRange  stm32l4xx_hal_pwr_ex.o
    0x08000e10   0x08000e10   0x000003ae   Code   RO         3097    i.HAL_RCCEx_PeriphCLKConfig  stm32l4xx_hal_rcc_ex.o
    0x080011be   0x080011be   0x00000002   PAD
    0x080011c0   0x080011c0   0x00000120   Code   RO         2982    i.HAL_RCC_ClockConfig  stm32l4xx_hal_rcc.o
    0x080012e0   0x080012e0   0x0000000c   Code   RO         2986    i.HAL_RCC_GetHCLKFreq  stm32l4xx_hal_rcc.o
    0x080012ec   0x080012ec   0x00000024   Code   RO         2988    i.HAL_RCC_GetPCLK1Freq  stm32l4xx_hal_rcc.o
    0x08001310   0x08001310   0x00000024   Code   RO         2989    i.HAL_RCC_GetPCLK2Freq  stm32l4xx_hal_rcc.o
    0x08001334   0x08001334   0x000000a4   Code   RO         2990    i.HAL_RCC_GetSysClockFreq  stm32l4xx_hal_rcc.o
    0x080013d8   0x080013d8   0x00000528   Code   RO         2993    i.HAL_RCC_OscConfig  stm32l4xx_hal_rcc.o
    0x08001900   0x08001900   0x00000028   Code   RO         3999    i.HAL_SYSTICK_Config  stm32l4xx_hal_cortex.o
    0x08001928   0x08001928   0x00000066   Code   RO         4254    i.HAL_UART_Init     stm32l4xx_hal_uart.o
    0x0800198e   0x0800198e   0x00000002   PAD
    0x08001990   0x08001990   0x00000064   Code   RO         1139    i.HAL_UART_MspInit  stm32l4xx_hal_msp.o
    0x080019f4   0x080019f4   0x000000f4   Code   RO         4257    i.HAL_UART_Receive  stm32l4xx_hal_uart.o
    0x08001ae8   0x08001ae8   0x000000b6   Code   RO         4263    i.HAL_UART_Transmit  stm32l4xx_hal_uart.o
    0x08001b9e   0x08001b9e   0x00000002   Code   RO         1062    i.HardFault_Handler  stm32l4xx_it.o
    0x08001ba0   0x08001ba0   0x0000002c   Code   RO          794    i.MX_USART1_UART_Init  main.o
    0x08001bcc   0x08001bcc   0x0000000e   Code   RO          941    i.MX_X_CUBE_AI_Init  app_x-cube-ai.o
    0x08001bda   0x08001bda   0x00000004   Code   RO          942    i.MX_X_CUBE_AI_Process  app_x-cube-ai.o
    0x08001bde   0x08001bde   0x00000002   Code   RO         1063    i.MemManage_Handler  stm32l4xx_it.o
    0x08001be0   0x08001be0   0x00000002   Code   RO         1064    i.NMI_Handler       stm32l4xx_it.o
    0x08001be2   0x08001be2   0x00000002   Code   RO         1065    i.PendSV_Handler    stm32l4xx_it.o
    0x08001be4   0x08001be4   0x0000012c   Code   RO         3101    i.RCCEx_PLLSAI1_Config  stm32l4xx_hal_rcc_ex.o
    0x08001d10   0x08001d10   0x00000108   Code   RO         3102    i.RCCEx_PLLSAI2_Config  stm32l4xx_hal_rcc_ex.o
    0x08001e18   0x08001e18   0x0000007c   Code   RO         2994    i.RCC_SetFlashLatencyFromMSIRange  stm32l4xx_hal_rcc.o
    0x08001e94   0x08001e94   0x00000002   Code   RO         1066    i.SVC_Handler       stm32l4xx_it.o
    0x08001e96   0x08001e96   0x00000004   Code   RO         1067    i.SysTick_Handler   stm32l4xx_it.o
    0x08001e9a   0x08001e9a   0x00000070   Code   RO          795    i.SystemClock_Config  main.o
    0x08001f0a   0x08001f0a   0x00000002   PAD
    0x08001f0c   0x08001f0c   0x00000044   Code   RO         4667    i.SystemInit        system_stm32l4xx.o
    0x08001f50   0x08001f50   0x000000c8   Code   RO         4268    i.UART_AdvFeatureConfig  stm32l4xx_hal_uart.o
    0x08002018   0x08002018   0x00000058   Code   RO         4269    i.UART_CheckIdleState  stm32l4xx_hal_uart.o
    0x08002070   0x08002070   0x00000294   Code   RO         4284    i.UART_SetConfig    stm32l4xx_hal_uart.o
    0x08002304   0x08002304   0x000000a4   Code   RO         4287    i.UART_WaitOnFlagUntilTimeout  stm32l4xx_hal_uart.o
    0x080023a8   0x080023a8   0x00000002   Code   RO         1068    i.UsageFault_Handler  stm32l4xx_it.o
    0x080023aa   0x080023aa   0x00000002   PAD
    0x080023ac   0x080023ac   0x00000020   Code   RO         5654    i.__0printf         mc_w.l(printfa.o)
    0x080023cc   0x080023cc   0x00000026   Code   RO         5720    i.__ARM_fpclassifyf  m_wm.l(fpclassifyf.o)
    0x080023f2   0x080023f2   0x00000020   Code   RO         4001    i.__NVIC_SetPriority  stm32l4xx_hal_cortex.o
    0x08002412   0x08002412   0x00000002   PAD
    0x08002414   0x08002414   0x0000005c   Code   RO         5686    i.__free$realloc    mc_w.l(mallocr.o)
    0x08002470   0x08002470   0x000001e8   Code   RO         5278    i.__hardfp_expf     m_wm.l(expf.o)
    0x08002658   0x08002658   0x00000050   Code   RO         5687    i.__malloc$realloc  mc_w.l(mallocr.o)
    0x080026a8   0x080026a8   0x00000006   Code   RO         5723    i.__mathlib_flt_infnan  m_wm.l(funder.o)
    0x080026ae   0x080026ae   0x00000002   PAD
    0x080026b0   0x080026b0   0x00000010   Code   RO         5726    i.__mathlib_flt_overflow  m_wm.l(funder.o)
    0x080026c0   0x080026c0   0x00000010   Code   RO         5728    i.__mathlib_flt_underflow  m_wm.l(funder.o)
    0x080026d0   0x080026d0   0x0000000e   Code   RO         5801    i.__scatterload_copy  mc_w.l(handlers.o)
    0x080026de   0x080026de   0x00000002   Code   RO         5802    i.__scatterload_null  mc_w.l(handlers.o)
    0x080026e0   0x080026e0   0x0000000e   Code   RO         5803    i.__scatterload_zeroinit  mc_w.l(handlers.o)
    0x080026ee   0x080026ee   0x00000002   PAD
    0x080026f0   0x080026f0   0x0000000c   Code   RO         5769    i.__set_errno       mc_w.l(errno.o)
    0x080026fc   0x080026fc   0x000000b0   Code   RO         4702    i._ai_platform_get_io_buffers_info  NetworkRuntime500_CM4_Keil.lib(ai_platform_interface.o)
    0x080027ac   0x080027ac   0x0000000e   Code   RO         5097    i._check_array_flags_set  NetworkRuntime500_CM4_Keil.lib(core_net_inspect.o)
    0x080027ba   0x080027ba   0x00000002   PAD
    0x080027bc   0x080027bc   0x0000037a   Code   RO         5098    i._core_inspect_forward_validate  NetworkRuntime500_CM4_Keil.lib(core_net_inspect.o)
    0x08002b36   0x08002b36   0x00000002   PAD
    0x08002b38   0x08002b38   0x000000f6   Code   RO         5099    i._core_inspect_net_activations  NetworkRuntime500_CM4_Keil.lib(core_net_inspect.o)
    0x08002c2e   0x08002c2e   0x00000052   Code   RO         5100    i._core_inspect_set_buffer  NetworkRuntime500_CM4_Keil.lib(core_net_inspect.o)
    0x08002c80   0x08002c80   0x00000012   Code   RO         5101    i._core_inspect_snapshot_callback  NetworkRuntime500_CM4_Keil.lib(core_net_inspect.o)
    0x08002c92   0x08002c92   0x00000002   PAD
    0x08002c94   0x08002c94   0x00000156   Code   RO         5102    i._core_inspect_snapshot_init_report_node  NetworkRuntime500_CM4_Keil.lib(core_net_inspect.o)
    0x08002dea   0x08002dea   0x00000002   PAD
    0x08002dec   0x08002dec   0x00000146   Code   RO         5103    i._core_inspect_snapshot_push  NetworkRuntime500_CM4_Keil.lib(core_net_inspect.o)
    0x08002f32   0x08002f32   0x0000005c   Code   RO         5104    i._core_inspect_tensor_list  NetworkRuntime500_CM4_Keil.lib(core_net_inspect.o)
    0x08002f8e   0x08002f8e   0x00000002   PAD
    0x08002f90   0x08002f90   0x0000018a   Code   RO         5661    i._fp_digits        mc_w.l(printfa.o)
    0x0800311a   0x0800311a   0x0000001c   Code   RO         4983    i._inspector_find_entry  NetworkRuntime500_CM4_Keil.lib(ai_network_inspector.o)
    0x08003136   0x08003136   0x0000003c   Code   RO         4984    i._inspector_unbind_network  NetworkRuntime500_CM4_Keil.lib(ai_network_inspector.o)
    0x08003172   0x08003172   0x00000214   Code   RO         4703    i._platform_network_io_bind  NetworkRuntime500_CM4_Keil.lib(ai_platform_interface.o)
    0x08003386   0x08003386   0x00000038   Code   RO         4704    i._platform_network_state_setup  NetworkRuntime500_CM4_Keil.lib(ai_platform_interface.o)
    0x080033be   0x080033be   0x00000068   Code   RO         4705    i._platform_network_state_update_input  NetworkRuntime500_CM4_Keil.lib(ai_platform_interface.o)
    0x08003426   0x08003426   0x00000080   Code   RO         4706    i._platform_network_state_update_output  NetworkRuntime500_CM4_Keil.lib(ai_platform_interface.o)
    0x080034a6   0x080034a6   0x00000002   PAD
    0x080034a8   0x080034a8   0x000006e2   Code   RO         5662    i._printf_core      mc_w.l(printfa.o)
    0x08003b8a   0x08003b8a   0x00000024   Code   RO         5663    i._printf_post_padding  mc_w.l(printfa.o)
    0x08003bae   0x08003bae   0x0000002e   Code   RO         5664    i._printf_pre_padding  mc_w.l(printfa.o)
    0x08003bdc   0x08003bdc   0x00000164   Code   RO         1548    i.aiBootstrap       aivalidation.o
    0x08003d40   0x08003d40   0x0000000c   Code   RO         1337    i.aiBufferSize      aitestutility.o
    0x08003d4c   0x08003d4c   0x0000006c   Code   RO         1550    i.aiExecCtx         aivalidation.o
    0x08003db8   0x08003db8   0x000000b8   Code   RO         1551    i.aiInit            aivalidation.o
    0x08003e70   0x08003e70   0x00000084   Code   RO         1552    i.aiInspectorInitAndBind  aivalidation.o
    0x08003ef4   0x08003ef4   0x00000074   Code   RO         1553    i.aiInspectorSendReport  aivalidation.o
    0x08003f68   0x08003f68   0x0000001c   Code   RO         1554    i.aiInspectorUnBind  aivalidation.o
    0x08003f84   0x08003f84   0x00000060   Code   RO         1338    i.aiLogErr          aitestutility.o
    0x08003fe4   0x08003fe4   0x0000008e   Code   RO         1555    i.aiOnExecNode_cb   aivalidation.o
    0x08004072   0x08004072   0x00000016   Code   RO         1183    i.aiPbAiBufferSize  aipbmgr.o
    0x08004088   0x08004088   0x0000009e   Code   RO         1184    i.aiPbBuffer_read_cb3  aipbmgr.o
    0x08004126   0x08004126   0x00000042   Code   RO         1185    i.aiPbBuffer_write_cb3  aipbmgr.o
    0x08004168   0x08004168   0x00000034   Code   RO         1556    i.aiPbCmdNNInfo     aivalidation.o
    0x0800419c   0x0800419c   0x000001ea   Code   RO         1557    i.aiPbCmdNNRun      aivalidation.o
    0x08004386   0x08004386   0x0000001c   Code   RO         1186    i.aiPbCmdSync       aipbmgr.o
    0x080043a2   0x080043a2   0x00000030   Code   RO         1187    i.aiPbCmdSysInfo    aipbmgr.o
    0x080043d2   0x080043d2   0x00000002   PAD
    0x080043d4   0x080043d4   0x00000054   Code   RO         1188    i.aiPbMgrInit       aipbmgr.o
    0x08004428   0x08004428   0x00000080   Code   RO         1189    i.aiPbMgrReceiveAiBuffer3  aipbmgr.o
    0x080044a8   0x080044a8   0x00000012   Code   RO         1190    i.aiPbMgrSendAck    aipbmgr.o
    0x080044ba   0x080044ba   0x00000002   PAD
    0x080044bc   0x080044bc   0x00000084   Code   RO         1191    i.aiPbMgrSendAiBuffer3  aipbmgr.o
    0x08004540   0x08004540   0x000000ec   Code   RO         1193    i.aiPbMgrSendNNInfo  aipbmgr.o
    0x0800462c   0x0800462c   0x00000024   Code   RO         1194    i.aiPbMgrSendResp   aipbmgr.o
    0x08004650   0x08004650   0x00000070   Code   RO         1195    i.aiPbMgrSetMetaInfo  aipbmgr.o
    0x080046c0   0x080046c0   0x00000024   Code   RO         1196    i.aiPbMgrWaitAck    aipbmgr.o
    0x080046e4   0x080046e4   0x00000078   Code   RO         1197    i.aiPbMgrWaitAndProcess  aipbmgr.o
    0x0800475c   0x0800475c   0x00000048   Code   RO         1198    i.aiPbStrCopy       aipbmgr.o
    0x080047a4   0x080047a4   0x00000012   Code   RO         1199    i.aiPbVersionToUint32  aipbmgr.o
    0x080047b6   0x080047b6   0x00000002   PAD
    0x080047b8   0x080047b8   0x00000180   Code   RO         1339    i.aiPrintLayoutBuffer  aitestutility.o
    0x08004938   0x08004938   0x00000274   Code   RO         1340    i.aiPrintNetworkInfo  aitestutility.o
    0x08004bac   0x08004bac   0x0000006c   Code   RO         1341    i.aiTestHeader      aitestutility.o
    0x08004c18   0x08004c18   0x00000038   Code   RO         1559    i.aiValidationInit  aivalidation.o
    0x08004c50   0x08004c50   0x00000154   Code   RO         1560    i.aiValidationProcess  aivalidation.o
    0x08004da4   0x08004da4   0x0000003e   Code   RO         5006    i.ai_array_get_byte_size  NetworkRuntime500_CM4_Keil.lib(ai_datatypes_format.o)
    0x08004de2   0x08004de2   0x00000002   PAD
    0x08004de4   0x08004de4   0x000000e8   Code   RO         5009    i.ai_array_to_buffer_fmt  NetworkRuntime500_CM4_Keil.lib(ai_datatypes_format.o)
    0x08004ecc   0x08004ecc   0x0000002c   Code   RO         5069    i.ai_check_custom_types  NetworkRuntime500_CM4_Keil.lib(layers.o)
    0x08004ef8   0x08004ef8   0x00000126   Code   RO         4743    i.ai_conv2d_kernel_depthwise_f32  NetworkRuntime500_CM4_Keil.lib(layers_conv2d_generic_float.o)
    0x0800501e   0x0800501e   0x000000b8   Code   RO         4744    i.ai_conv2d_kernel_f32  NetworkRuntime500_CM4_Keil.lib(layers_conv2d_generic_float.o)
    0x080050d6   0x080050d6   0x00000002   PAD
    0x080050d8   0x080050d8   0x0000016a   Code   RO         4745    i.ai_conv2d_kernel_group_f32  NetworkRuntime500_CM4_Keil.lib(layers_conv2d_generic_float.o)
    0x08005242   0x08005242   0x00000002   PAD
    0x08005244   0x08005244   0x00000102   Code   RO         4746    i.ai_conv2d_kernel_simple_f32  NetworkRuntime500_CM4_Keil.lib(layers_conv2d_generic_float.o)
    0x08005346   0x08005346   0x00000092   Code   RO         4747    i.ai_conv2d_stripe_f32  NetworkRuntime500_CM4_Keil.lib(layers_conv2d_generic_float.o)
    0x080053d8   0x080053d8   0x0000012c   Code   RO         4748    i.ai_dict4_dot_array_f32  NetworkRuntime500_CM4_Keil.lib(layers_conv2d_generic_float.o)
    0x08005504   0x08005504   0x000000e8   Code   RO         4749    i.ai_dict8_dot_array_f32  NetworkRuntime500_CM4_Keil.lib(layers_conv2d_generic_float.o)
    0x080055ec   0x080055ec   0x0000007a   Code   RO         4750    i.ai_dict_decompress_f32  NetworkRuntime500_CM4_Keil.lib(layers_conv2d_generic_float.o)
    0x08005666   0x08005666   0x00000012   Code   RO         5070    i.ai_forward_layer  NetworkRuntime500_CM4_Keil.lib(layers.o)
    0x08005678   0x08005678   0x00000074   Code   RO         4985    i.ai_inspector_bind_network  NetworkRuntime500_CM4_Keil.lib(ai_network_inspector.o)
    0x080056ec   0x080056ec   0x00000064   Code   RO         4986    i.ai_inspector_create  NetworkRuntime500_CM4_Keil.lib(ai_network_inspector.o)
    0x08005750   0x08005750   0x00000014   Code   RO         4987    i.ai_inspector_default_config  NetworkRuntime500_CM4_Keil.lib(ai_network_inspector.o)
    0x08005764   0x08005764   0x0000002e   Code   RO         4988    i.ai_inspector_destroy  NetworkRuntime500_CM4_Keil.lib(ai_network_inspector.o)
    0x08005792   0x08005792   0x0000002a   Code   RO         4989    i.ai_inspector_get_report  NetworkRuntime500_CM4_Keil.lib(ai_network_inspector.o)
    0x080057bc   0x080057bc   0x0000002c   Code   RO         4991    i.ai_inspector_unbind_network  NetworkRuntime500_CM4_Keil.lib(ai_network_inspector.o)
    0x080057e8   0x080057e8   0x00000032   Code   RO         5071    i.ai_layer_type_is_valid  NetworkRuntime500_CM4_Keil.lib(layers.o)
    0x0800581a   0x0800581a   0x00000002   PAD
    0x0800581c   0x0800581c   0x0000018c   Code   RO         5072    i.ai_layer_type_name  NetworkRuntime500_CM4_Keil.lib(layers.o)
    0x080059a8   0x080059a8   0x00000018   Code   RO         5073    i.ai_layers_forward_all  NetworkRuntime500_CM4_Keil.lib(layers.o)
    0x080059c0   0x080059c0   0x00000078   Code   RO          943    i.ai_mnetwork_create  app_x-cube-ai.o
    0x08005a38   0x08005a38   0x0000004c   Code   RO          944    i.ai_mnetwork_destroy  app_x-cube-ai.o
    0x08005a84   0x08005a84   0x00000038   Code   RO          945    i.ai_mnetwork_find  app_x-cube-ai.o
    0x08005abc   0x08005abc   0x00000028   Code   RO          947    i.ai_mnetwork_get_error  app_x-cube-ai.o
    0x08005ae4   0x08005ae4   0x00000026   Code   RO          948    i.ai_mnetwork_get_ext_data_activations  app_x-cube-ai.o
    0x08005b0a   0x08005b0a   0x0000001c   Code   RO          949    i.ai_mnetwork_get_info  app_x-cube-ai.o
    0x08005b26   0x08005b26   0x0000002a   Code   RO          950    i.ai_mnetwork_get_private_handle  app_x-cube-ai.o
    0x08005b50   0x08005b50   0x00000034   Code   RO          951    i.ai_mnetwork_handle  app_x-cube-ai.o
    0x08005b84   0x08005b84   0x0000005a   Code   RO          952    i.ai_mnetwork_init  app_x-cube-ai.o
    0x08005bde   0x08005bde   0x00000034   Code   RO          953    i.ai_mnetwork_is_valid  app_x-cube-ai.o
    0x08005c12   0x08005c12   0x00000022   Code   RO          954    i.ai_mnetwork_run   app_x-cube-ai.o
    0x08005c34   0x08005c34   0x00000070   Code   RO         5105    i.ai_network_inspect_destroy  NetworkRuntime500_CM4_Keil.lib(core_net_inspect.o)
    0x08005ca4   0x08005ca4   0x00000028   Code   RO         5106    i.ai_network_inspect_get_report  NetworkRuntime500_CM4_Keil.lib(core_net_inspect.o)
    0x08005ccc   0x08005ccc   0x0000008c   Code   RO         5107    i.ai_network_inspect_init  NetworkRuntime500_CM4_Keil.lib(core_net_inspect.o)
    0x08005d58   0x08005d58   0x000000bc   Code   RO         4707    i.ai_platform_api_get_network_report  NetworkRuntime500_CM4_Keil.lib(ai_platform_interface.o)
    0x08005e14   0x08005e14   0x00000014   Code   RO         4708    i.ai_platform_api_get_version  NetworkRuntime500_CM4_Keil.lib(ai_platform_interface.o)
    0x08005e28   0x08005e28   0x0000001c   Code   RO         4709    i.ai_platform_context_acquire  NetworkRuntime500_CM4_Keil.lib(ai_platform_interface.o)
    0x08005e44   0x08005e44   0x0000000c   Code   RO         4710    i.ai_platform_context_release  NetworkRuntime500_CM4_Keil.lib(ai_platform_interface.o)
    0x08005e50   0x08005e50   0x00000014   Code   RO         4711    i.ai_platform_interface_api_get_version  NetworkRuntime500_CM4_Keil.lib(ai_platform_interface.o)
    0x08005e64   0x08005e64   0x00000070   Code   RO         4712    i.ai_platform_network_create  NetworkRuntime500_CM4_Keil.lib(ai_platform_interface.o)
    0x08005ed4   0x08005ed4   0x00000012   Code   RO         4713    i.ai_platform_network_destroy  NetworkRuntime500_CM4_Keil.lib(ai_platform_interface.o)
    0x08005ee6   0x08005ee6   0x00000002   PAD
    0x08005ee8   0x08005ee8   0x0000001c   Code   RO         4714    i.ai_platform_network_get_error  NetworkRuntime500_CM4_Keil.lib(ai_platform_interface.o)
    0x08005f04   0x08005f04   0x0000007e   Code   RO         4715    i.ai_platform_network_init  NetworkRuntime500_CM4_Keil.lib(ai_platform_interface.o)
    0x08005f82   0x08005f82   0x00000056   Code   RO         4716    i.ai_platform_network_process  NetworkRuntime500_CM4_Keil.lib(ai_platform_interface.o)
    0x08005fd8   0x08005fd8   0x0000000c   Code   RO         4717    i.ai_platform_network_set_error  NetworkRuntime500_CM4_Keil.lib(ai_platform_interface.o)
    0x08005fe4   0x08005fe4   0x00000010   Code   RO         4718    i.ai_platform_runtime_get_revision  NetworkRuntime500_CM4_Keil.lib(ai_platform_interface.o)
    0x08005ff4   0x08005ff4   0x00000014   Code   RO         4719    i.ai_platform_runtime_get_version  NetworkRuntime500_CM4_Keil.lib(ai_platform_interface.o)
    0x08006008   0x08006008   0x00000018   Code   RO          602    i.ai_pnet_create    pnet.o
    0x08006020   0x08006020   0x00000008   Code   RO          774    i.ai_pnet_data_weights_get  pnet_data.o
    0x08006028   0x08006028   0x00000004   Code   RO          603    i.ai_pnet_destroy   pnet.o
    0x0800602c   0x0800602c   0x00000006   Code   RO          604    i.ai_pnet_forward   pnet.o
    0x08006032   0x08006032   0x00000004   Code   RO          605    i.ai_pnet_get_error  pnet.o
    0x08006036   0x08006036   0x00000002   PAD
    0x08006038   0x08006038   0x00000058   Code   RO          606    i.ai_pnet_get_info  pnet.o
    0x08006090   0x08006090   0x00000054   Code   RO          607    i.ai_pnet_init      pnet.o
    0x080060e4   0x080060e4   0x00000004   Code   RO          608    i.ai_pnet_run       pnet.o
    0x080060e8   0x080060e8   0x00000018   Code   RO          354    i.ai_rnet_create    rnet.o
    0x08006100   0x08006100   0x00000008   Code   RO          586    i.ai_rnet_data_weights_get  rnet_data.o
    0x08006108   0x08006108   0x00000004   Code   RO          355    i.ai_rnet_destroy   rnet.o
    0x0800610c   0x0800610c   0x00000006   Code   RO          356    i.ai_rnet_forward   rnet.o
    0x08006112   0x08006112   0x00000004   Code   RO          357    i.ai_rnet_get_error  rnet.o
    0x08006116   0x08006116   0x00000002   PAD
    0x08006118   0x08006118   0x00000058   Code   RO          358    i.ai_rnet_get_info  rnet.o
    0x08006170   0x08006170   0x00000022   Code   RO          359    i.ai_rnet_init      rnet.o
    0x08006192   0x08006192   0x00000004   Code   RO          360    i.ai_rnet_run       rnet.o
    0x08006196   0x08006196   0x0000001a   Code   RO         4821    i.ai_shape_get_size  NetworkRuntime500_CM4_Keil.lib(layers_nl_generic_float.o)
    0x080061b0   0x080061b0   0x0000001c   Code   RO         1719    i.buf_read          pb_decode.o
    0x080061cc   0x080061cc   0x0000000c   Code   RO         5081    i.core_get_error    NetworkRuntime500_CM4_Keil.lib(core_common.o)
    0x080061d8   0x080061d8   0x00000004   Code   RO         5082    i.core_init         NetworkRuntime500_CM4_Keil.lib(core_common.o)
    0x080061dc   0x080061dc   0x00000016   Code   RO         5087    i.core_mem_alloc    NetworkRuntime500_CM4_Keil.lib(core_mem_manager.o)
    0x080061f2   0x080061f2   0x0000000a   Code   RO         5088    i.core_mem_free     NetworkRuntime500_CM4_Keil.lib(core_mem_manager.o)
    0x080061fc   0x080061fc   0x0000001a   Code   RO         5089    i.core_mem_free_    NetworkRuntime500_CM4_Keil.lib(core_mem_manager.o)
    0x08006216   0x08006216   0x00000012   Code   RO         5091    i.core_mem_unmarshal_  NetworkRuntime500_CM4_Keil.lib(core_mem_manager.o)
    0x08006228   0x08006228   0x0000000e   Code   RO         4752    i.core_nl_get_params_byte_size  NetworkRuntime500_CM4_Keil.lib(layers_conv2d_generic_float.o)
    0x08006236   0x08006236   0x00000012   Code   RO         4753    i.core_nl_get_params_ptr  NetworkRuntime500_CM4_Keil.lib(layers_conv2d_generic_float.o)
    0x08006248   0x08006248   0x0000000a   Code   RO         4754    i.core_nl_get_params_stride  NetworkRuntime500_CM4_Keil.lib(layers_conv2d_generic_float.o)
    0x08006252   0x08006252   0x0000001a   Code   RO         5083    i.core_set_error    NetworkRuntime500_CM4_Keil.lib(core_common.o)
    0x0800626c   0x0800626c   0x00000034   Code   RO         5146    i.core_timer_init   NetworkRuntime500_CM4_Keil.lib(core_benchmark.o)
    0x080062a0   0x080062a0   0x00000002   Code   RO         5147    i.core_timer_init_  NetworkRuntime500_CM4_Keil.lib(core_benchmark.o)
    0x080062a2   0x080062a2   0x0000000e   Code   RO         5149    i.core_timer_reset  NetworkRuntime500_CM4_Keil.lib(core_benchmark.o)
    0x080062b0   0x080062b0   0x00000014   Code   RO         5150    i.core_timer_start  NetworkRuntime500_CM4_Keil.lib(core_benchmark.o)
    0x080062c4   0x080062c4   0x0000001a   Code   RO         5151    i.core_timer_stop   NetworkRuntime500_CM4_Keil.lib(core_benchmark.o)
    0x080062de   0x080062de   0x00000004   Code   RO         5152    i.core_timer_ticks_  NetworkRuntime500_CM4_Keil.lib(core_benchmark.o)
    0x080062e2   0x080062e2   0x00000002   PAD
    0x080062e4   0x080062e4   0x0000005e   Code   RO         5124    i.core_utils_compute_crc32  NetworkRuntime500_CM4_Keil.lib(core_utils.o)
    0x08006342   0x08006342   0x00000044   Code   RO         5125    i.core_utils_generate_network_signature  NetworkRuntime500_CM4_Keil.lib(core_utils.o)
    0x08006386   0x08006386   0x00000002   PAD
    0x08006388   0x08006388   0x0000004c   Code   RO         1342    i.crcIpInit         aitestutility.o
    0x080063d4   0x080063d4   0x000000a4   Code   RO         1720    i.decode_callback_field  pb_decode.o
    0x08006478   0x08006478   0x00000058   Code   RO         1721    i.decode_field      pb_decode.o
    0x080064d0   0x080064d0   0x00000134   Code   RO         1722    i.decode_static_field  pb_decode.o
    0x08006604   0x08006604   0x0000012c   Code   RO         1343    i.devIdToStr        aitestutility.o
    0x08006730   0x08006730   0x00000008   Code   RO         1344    i.disableInts       aitestutility.o
    0x08006738   0x08006738   0x00000038   Code   RO         1345    i.dwtCyclesToFloatMs  aitestutility.o
    0x08006770   0x08006770   0x0000000c   Code   RO         1347    i.dwtGetCycles      aitestutility.o
    0x0800677c   0x0800677c   0x00000028   Code   RO         1348    i.dwtIpInit         aitestutility.o
    0x080067a4   0x080067a4   0x0000000c   Code   RO         1349    i.dwtReset          aitestutility.o
    0x080067b0   0x080067b0   0x00000134   Code   RO         1924    i.encode_array      pb_encode.o
    0x080068e4   0x080068e4   0x00000104   Code   RO         1925    i.encode_basic_field  pb_encode.o
    0x080069e8   0x080069e8   0x0000006c   Code   RO         1926    i.encode_field      pb_encode.o
    0x08006a54   0x08006a54   0x0000029a   Code   RO         4755    i.forward_conv2d    NetworkRuntime500_CM4_Keil.lib(layers_conv2d_generic_float.o)
    0x08006cee   0x08006cee   0x00000002   PAD
    0x08006cf0   0x08006cf0   0x0000045e   Code   RO         4756    i.forward_conv2d_nl_pool  NetworkRuntime500_CM4_Keil.lib(layers_conv2d_generic_float.o)
    0x0800714e   0x0800714e   0x00000002   PAD
    0x08007150   0x08007150   0x000001d6   Code   RO         4757    i.forward_dense     NetworkRuntime500_CM4_Keil.lib(layers_conv2d_generic_float.o)
    0x08007326   0x08007326   0x000000d2   Code   RO         4841    i.forward_prelu     NetworkRuntime500_CM4_Keil.lib(layers_nl_generic_float.o)
    0x080073f8   0x080073f8   0x0000006c   Code   RO         4852    i.forward_sm        NetworkRuntime500_CM4_Keil.lib(layers_nl_generic_float.o)
    0x08007464   0x08007464   0x0000004c   Code   RO         4796    i.forward_transpose  NetworkRuntime500_CM4_Keil.lib(layers_generic_float.o)
    0x080074b0   0x080074b0   0x00000024   Code   RO         1350    i.fputc             aitestutility.o
    0x080074d4   0x080074d4   0x00000002   Code   RO         4760    i.func_dummy        NetworkRuntime500_CM4_Keil.lib(layers_conv2d_generic_float.o)
    0x080074d6   0x080074d6   0x00000002   PAD
    0x080074d8   0x080074d8   0x0000000c   Code   RO         1351    i.getFlashCacheConf  aitestutility.o
    0x080074e4   0x080074e4   0x0000002a   Code   RO         1200    i.init_aibuffer_msg  aipbmgr.o
    0x0800750e   0x0800750e   0x00000002   PAD
    0x08007510   0x08007510   0x00000050   Code   RO         5688    i.internal_alloc    mc_w.l(mallocr.o)
    0x08007560   0x08007560   0x0000000c   Code   RO         1352    i.ioDisableWrite    aitestutility.o
    0x0800756c   0x0800756c   0x00000018   Code   RO         1353    i.ioFlushRead       aitestutility.o
    0x08007584   0x08007584   0x0000001c   Code   RO         1354    i.ioFlushWrite      aitestutility.o
    0x080075a0   0x080075a0   0x0000002e   Code   RO         1723    i.iter_from_extension  pb_decode.o
    0x080075ce   0x080075ce   0x00000002   PAD
    0x080075d0   0x080075d0   0x000001ac   Code   RO         1355    i.logDeviceConf     aitestutility.o
    0x0800777c   0x0800777c   0x0000004c   Code   RO          796    i.main              main.o
    0x080077c8   0x080077c8   0x00000064   Code   RO         4877    i.nl_func_prelu_array_f32  NetworkRuntime500_CM4_Keil.lib(layers_nl_generic_float.o)
    0x0800782c   0x0800782c   0x0000004c   Code   RO         4889    i.nl_func_sm_array_f32  NetworkRuntime500_CM4_Keil.lib(layers_nl_generic_float.o)
    0x08007878   0x08007878   0x00000090   Code   RO         4890    i.nl_func_sm_channel_f32  NetworkRuntime500_CM4_Keil.lib(layers_nl_generic_float.o)
    0x08007908   0x08007908   0x00000010   Code   RO         1201    i.nn_inputs_w_cb    aipbmgr.o
    0x08007918   0x08007918   0x00000010   Code   RO         1202    i.nn_outputs_w_cb   aipbmgr.o
    0x08007928   0x08007928   0x0000004c   Code   RO         1203    i.nn_shape_w_cb     aipbmgr.o
    0x08007974   0x08007974   0x0000009e   Code   RO         1927    i.pb_check_proto3_default_value  pb_encode.o
    0x08007a12   0x08007a12   0x00000022   Code   RO         1724    i.pb_close_string_substream  pb_decode.o
    0x08007a34   0x08007a34   0x00000090   Code   RO         1725    i.pb_dec_bytes      pb_decode.o
    0x08007ac4   0x08007ac4   0x00000006   Code   RO         1726    i.pb_dec_fixed32    pb_decode.o
    0x08007aca   0x08007aca   0x00000006   Code   RO         1727    i.pb_dec_fixed64    pb_decode.o
    0x08007ad0   0x08007ad0   0x00000088   Code   RO         1728    i.pb_dec_fixed_length_bytes  pb_decode.o
    0x08007b58   0x08007b58   0x0000008c   Code   RO         1729    i.pb_dec_string     pb_decode.o
    0x08007be4   0x08007be4   0x00000078   Code   RO         1730    i.pb_dec_submessage  pb_decode.o
    0x08007c5c   0x08007c5c   0x00000098   Code   RO         1731    i.pb_dec_svarint    pb_decode.o
    0x08007cf4   0x08007cf4   0x00000098   Code   RO         1732    i.pb_dec_uvarint    pb_decode.o
    0x08007d8c   0x08007d8c   0x00000098   Code   RO         1733    i.pb_dec_varint     pb_decode.o
    0x08007e24   0x08007e24   0x0000001e   Code   RO         1734    i.pb_decode         pb_decode.o
    0x08007e42   0x08007e42   0x00000030   Code   RO         1735    i.pb_decode_delimited  pb_decode.o
    0x08007e72   0x08007e72   0x00000020   Code   RO         1737    i.pb_decode_fixed32  pb_decode.o
    0x08007e92   0x08007e92   0x0000005c   Code   RO         1738    i.pb_decode_fixed64  pb_decode.o
    0x08007eee   0x08007eee   0x00000002   PAD
    0x08007ef0   0x08007ef0   0x00000226   Code   RO         1739    i.pb_decode_noinit  pb_decode.o
    0x08008116   0x08008116   0x0000003a   Code   RO         1741    i.pb_decode_svarint  pb_decode.o
    0x08008150   0x08008150   0x00000038   Code   RO         1742    i.pb_decode_tag     pb_decode.o
    0x08008188   0x08008188   0x00000068   Code   RO         1743    i.pb_decode_varint  pb_decode.o
    0x080081f0   0x080081f0   0x00000006   Code   RO         1744    i.pb_decode_varint32  pb_decode.o
    0x080081f6   0x080081f6   0x00000002   PAD
    0x080081f8   0x080081f8   0x0000009c   Code   RO         1745    i.pb_decode_varint32_eof  pb_decode.o
    0x08008294   0x08008294   0x00000048   Code   RO         1928    i.pb_enc_bytes      pb_encode.o
    0x080082dc   0x080082dc   0x00000006   Code   RO         1929    i.pb_enc_fixed32    pb_encode.o
    0x080082e2   0x080082e2   0x00000006   Code   RO         1930    i.pb_enc_fixed64    pb_encode.o
    0x080082e8   0x080082e8   0x0000000c   Code   RO         1931    i.pb_enc_fixed_length_bytes  pb_encode.o
    0x080082f4   0x080082f4   0x00000038   Code   RO         1932    i.pb_enc_string     pb_encode.o
    0x0800832c   0x0800832c   0x00000034   Code   RO         1933    i.pb_enc_submessage  pb_encode.o
    0x08008360   0x08008360   0x00000054   Code   RO         1934    i.pb_enc_svarint    pb_encode.o
    0x080083b4   0x080083b4   0x00000054   Code   RO         1935    i.pb_enc_uvarint    pb_encode.o
    0x08008408   0x08008408   0x00000054   Code   RO         1936    i.pb_enc_varint     pb_encode.o
    0x0800845c   0x0800845c   0x00000070   Code   RO         1937    i.pb_encode         pb_encode.o
    0x080084cc   0x080084cc   0x00000024   Code   RO         1939    i.pb_encode_fixed32  pb_encode.o
    0x080084f0   0x080084f0   0x00000048   Code   RO         1940    i.pb_encode_fixed64  pb_encode.o
    0x08008538   0x08008538   0x00000022   Code   RO         1942    i.pb_encode_string  pb_encode.o
    0x0800855a   0x0800855a   0x00000002   PAD
    0x0800855c   0x0800855c   0x000000bc   Code   RO         1943    i.pb_encode_submessage  pb_encode.o
    0x08008618   0x08008618   0x00000014   Code   RO         1944    i.pb_encode_svarint  pb_encode.o
    0x0800862c   0x0800862c   0x0000000a   Code   RO         1945    i.pb_encode_tag     pb_encode.o
    0x08008636   0x08008636   0x00000002   PAD
    0x08008638   0x08008638   0x00000050   Code   RO         1946    i.pb_encode_tag_for_field  pb_encode.o
    0x08008688   0x08008688   0x0000004a   Code   RO         1947    i.pb_encode_varint  pb_encode.o
    0x080086d2   0x080086d2   0x00000024   Code   RO         1692    i.pb_field_iter_begin  pb_common.o
    0x080086f6   0x080086f6   0x0000002e   Code   RO         1693    i.pb_field_iter_find  pb_common.o
    0x08008724   0x08008724   0x00000084   Code   RO         1694    i.pb_field_iter_next  pb_common.o
    0x080087a8   0x080087a8   0x000000b2   Code   RO         1746    i.pb_field_set_to_default  pb_decode.o
    0x0800885a   0x0800885a   0x00000002   PAD
    0x0800885c   0x0800885c   0x00000014   Code   RO         1747    i.pb_istream_from_buffer  pb_decode.o
    0x08008870   0x08008870   0x00000018   Code   RO         1356    i.pb_istream_from_uart  aitestutility.o
    0x08008888   0x08008888   0x00000058   Code   RO         1748    i.pb_make_string_substream  pb_decode.o
    0x080088e0   0x080088e0   0x00000026   Code   RO         1749    i.pb_message_set_to_defaults  pb_decode.o
    0x08008906   0x08008906   0x00000002   PAD
    0x08008908   0x08008908   0x00000028   Code   RO         1357    i.pb_ostream_to_uart  aitestutility.o
    0x08008930   0x08008930   0x00000084   Code   RO         1750    i.pb_read           pb_decode.o
    0x080089b4   0x080089b4   0x0000004c   Code   RO         1751    i.pb_readbyte       pb_decode.o
    0x08008a00   0x08008a00   0x00000078   Code   RO         1752    i.pb_skip_field     pb_decode.o
    0x08008a78   0x08008a78   0x00000054   Code   RO         1950    i.pb_write          pb_encode.o
    0x08008acc   0x08008acc   0x00000114   Code   RO          609    i.pnet_configure_weights  pnet.o
    0x08008be0   0x08008be0   0x000001b2   Code   RO         4975    i.pool_func_mp_array_f32  NetworkRuntime500_CM4_Keil.lib(layers_pool_generic_float.o)
    0x08008d92   0x08008d92   0x00000002   PAD
    0x08008d94   0x08008d94   0x00000084   Code   RO         1358    i.read_callback     aitestutility.o
    0x08008e18   0x08008e18   0x0000002c   Code   RO         1359    i.read_packet       aitestutility.o
    0x08008e44   0x08008e44   0x00000080   Code   RO         1753    i.read_raw_value    pb_decode.o
    0x08008ec4   0x08008ec4   0x00000006   Code   RO         1360    i.restoreInts       aitestutility.o
    0x08008eca   0x08008eca   0x00000002   PAD
    0x08008ecc   0x08008ecc   0x00000078   Code   RO          361    i.rnet_configure_activations  rnet.o
    0x08008f44   0x08008f44   0x00000170   Code   RO          362    i.rnet_configure_weights  rnet.o
    0x080090b4   0x080090b4   0x000000ba   Code   RO         5126    i.serialize_signature_buffer_  NetworkRuntime500_CM4_Keil.lib(core_utils.o)
    0x0800916e   0x0800916e   0x000000c8   Code   RO         4800    i.transpose_items   NetworkRuntime500_CM4_Keil.lib(layers_generic_float.o)
    0x08009236   0x08009236   0x00000002   PAD
    0x08009238   0x08009238   0x0000004c   Code   RO         1362    i.write_callback    aitestutility.o
    0x08009284   0x08009284   0x00000024   Code   RO         1363    i.write_packet      aitestutility.o
    0x080092a8   0x080092a8   0x00000008   Data   RO          372    .constdata          rnet.o
    0x080092b0   0x080092b0   0x00000008   Data   RO          373    .constdata          rnet.o
    0x080092b8   0x080092b8   0x00000008   Data   RO          374    .constdata          rnet.o
    0x080092c0   0x080092c0   0x00000008   Data   RO          375    .constdata          rnet.o
    0x080092c8   0x080092c8   0x00000008   Data   RO          376    .constdata          rnet.o
    0x080092d0   0x080092d0   0x00000008   Data   RO          377    .constdata          rnet.o
    0x080092d8   0x080092d8   0x00000008   Data   RO          378    .constdata          rnet.o
    0x080092e0   0x080092e0   0x00000008   Data   RO          379    .constdata          rnet.o
    0x080092e8   0x080092e8   0x00000008   Data   RO          380    .constdata          rnet.o
    0x080092f0   0x080092f0   0x00000074   Data   RO          381    .constdata          rnet.o
    0x08009364   0x08009364   0x00022d88   Data   RO          587    .constdata          rnet_data.o
    0x0802c0ec   0x0802c0ec   0x00000008   Data   RO          621    .constdata          pnet.o
    0x0802c0f4   0x0802c0f4   0x00000008   Data   RO          622    .constdata          pnet.o
    0x0802c0fc   0x0802c0fc   0x00000008   Data   RO          623    .constdata          pnet.o
    0x0802c104   0x0802c104   0x00000008   Data   RO          624    .constdata          pnet.o
    0x0802c10c   0x0802c10c   0x00000008   Data   RO          625    .constdata          pnet.o
    0x0802c114   0x0802c114   0x00000074   Data   RO          626    .constdata          pnet.o
    0x0802c188   0x0802c188   0x000067a0   Data   RO          775    .constdata          pnet_data.o
    0x08032928   0x08032928   0x000000c0   Data   RO          956    .constdata          app_x-cube-ai.o
    0x080329e8   0x080329e8   0x00000024   Data   RO         1365    .constdata          aitestutility.o
    0x08032a0c   0x08032a0c   0x00000030   Data   RO         1565    .constdata          aivalidation.o
    0x08032a3c   0x08032a3c   0x00000028   Data   RO         1754    .constdata          pb_decode.o
    0x08032a64   0x08032a64   0x00000028   Data   RO         1951    .constdata          pb_encode.o
    0x08032a8c   0x08032a8c   0x00000001   Data   RO         2092    .constdata          stm32msg.pb.o
    0x08032a8d   0x08032a8d   0x00000003   PAD
    0x08032a90   0x08032a90   0x00000004   Data   RO         2093    .constdata          stm32msg.pb.o
    0x08032a94   0x08032a94   0x00000004   Data   RO         2094    .constdata          stm32msg.pb.o
    0x08032a98   0x08032a98   0x00000004   Data   RO         2095    .constdata          stm32msg.pb.o
    0x08032a9c   0x08032a9c   0x00000004   Data   RO         2096    .constdata          stm32msg.pb.o
    0x08032aa0   0x08032aa0   0x00000004   Data   RO         2097    .constdata          stm32msg.pb.o
    0x08032aa4   0x08032aa4   0x00000004   Data   RO         2098    .constdata          stm32msg.pb.o
    0x08032aa8   0x08032aa8   0x00000004   Data   RO         2099    .constdata          stm32msg.pb.o
    0x08032aac   0x08032aac   0x0000005a   Data   RO         2100    .constdata          stm32msg.pb.o
    0x08032b06   0x08032b06   0x0000005a   Data   RO         2101    .constdata          stm32msg.pb.o
    0x08032b60   0x08032b60   0x00000078   Data   RO         2102    .constdata          stm32msg.pb.o
    0x08032bd8   0x08032bd8   0x0000013b   Data   RO         2103    .constdata          stm32msg.pb.o
    0x08032d13   0x08032d13   0x0000002d   Data   RO         2104    .constdata          stm32msg.pb.o
    0x08032d40   0x08032d40   0x0000002d   Data   RO         2105    .constdata          stm32msg.pb.o
    0x08032d6d   0x08032d6d   0x0000004b   Data   RO         2106    .constdata          stm32msg.pb.o
    0x08032db8   0x08032db8   0x0000002d   Data   RO         2107    .constdata          stm32msg.pb.o
    0x08032de5   0x08032de5   0x0000002d   Data   RO         2108    .constdata          stm32msg.pb.o
    0x08032e12   0x08032e12   0x0000004b   Data   RO         2109    .constdata          stm32msg.pb.o
    0x08032e5d   0x08032e5d   0x00000096   Data   RO         2110    .constdata          stm32msg.pb.o
    0x08032ef3   0x08032ef3   0x00000001   PAD
    0x08032ef4   0x08032ef4   0x00000040   Data   RO         4668    .constdata          system_stm32l4xx.o
    0x08032f34   0x08032f34   0x00000008   Data   RO         4669    .constdata          system_stm32l4xx.o
    0x08032f3c   0x08032f3c   0x00000020   Data   RO         4720    .constdata          NetworkRuntime500_CM4_Keil.lib(ai_platform_interface.o)
    0x08032f5c   0x08032f5c   0x00000030   Data   RO         5281    .constdata          m_wm.l(expf.o)
    0x08032f8c   0x08032f8c   0x00000069   Data   RO          382    .conststring        rnet.o
    0x08032ff5   0x08032ff5   0x00000003   PAD
    0x08032ff8   0x08032ff8   0x00000045   Data   RO          627    .conststring        pnet.o
    0x0803303d   0x0803303d   0x00000003   PAD
    0x08033040   0x08033040   0x00000044   Data   RO         1366    .conststring        aitestutility.o
    0x08033084   0x08033084   0x00000046   Data   RO         1566    .conststring        aivalidation.o
    0x080330ca   0x080330ca   0x00000002   PAD
    0x080330cc   0x080330cc   0x00000020   Data   RO         5799    Region$$Table       anon$$obj.o


    Execution Region RW_IRAM2 (Exec base: 0x10000000, Load base: 0x08033880, Size: 0x00000000, Max: 0x00008000, ABSOLUTE)

    **** No section assigned to this execution region ****


    Execution Region RW_IRAM1 (Exec base: 0x20000000, Load base: 0x080330ec, Size: 0x0000bd98, Max: 0x00018000, ABSOLUTE, COMPRESSED[0x00000794])

    Exec Addr    Load Addr    Size         Type   Attr      Idx    E Section Name        Object

    0x20000000   COMPRESSED   0x00000010   Data   RW          383    .data               rnet.o
    0x20000010   COMPRESSED   0x00000010   Data   RW          384    .data               rnet.o
    0x20000020   COMPRESSED   0x00000010   Data   RW          385    .data               rnet.o
    0x20000030   COMPRESSED   0x00000010   Data   RW          386    .data               rnet.o
    0x20000040   COMPRESSED   0x00000010   Data   RW          387    .data               rnet.o
    0x20000050   COMPRESSED   0x00000010   Data   RW          388    .data               rnet.o
    0x20000060   COMPRESSED   0x00000010   Data   RW          389    .data               rnet.o
    0x20000070   COMPRESSED   0x00000010   Data   RW          390    .data               rnet.o
    0x20000080   COMPRESSED   0x00000010   Data   RW          391    .data               rnet.o
    0x20000090   COMPRESSED   0x00000010   Data   RW          392    .data               rnet.o
    0x200000a0   COMPRESSED   0x00000010   Data   RW          393    .data               rnet.o
    0x200000b0   COMPRESSED   0x00000010   Data   RW          394    .data               rnet.o
    0x200000c0   COMPRESSED   0x00000010   Data   RW          395    .data               rnet.o
    0x200000d0   COMPRESSED   0x00000010   Data   RW          396    .data               rnet.o
    0x200000e0   COMPRESSED   0x00000010   Data   RW          397    .data               rnet.o
    0x200000f0   COMPRESSED   0x00000010   Data   RW          398    .data               rnet.o
    0x20000100   COMPRESSED   0x00000010   Data   RW          399    .data               rnet.o
    0x20000110   COMPRESSED   0x00000010   Data   RW          400    .data               rnet.o
    0x20000120   COMPRESSED   0x00000010   Data   RW          401    .data               rnet.o
    0x20000130   COMPRESSED   0x00000010   Data   RW          402    .data               rnet.o
    0x20000140   COMPRESSED   0x00000010   Data   RW          403    .data               rnet.o
    0x20000150   COMPRESSED   0x00000010   Data   RW          404    .data               rnet.o
    0x20000160   COMPRESSED   0x00000010   Data   RW          405    .data               rnet.o
    0x20000170   COMPRESSED   0x00000010   Data   RW          406    .data               rnet.o
    0x20000180   COMPRESSED   0x00000010   Data   RW          407    .data               rnet.o
    0x20000190   COMPRESSED   0x00000010   Data   RW          408    .data               rnet.o
    0x200001a0   COMPRESSED   0x00000010   Data   RW          409    .data               rnet.o
    0x200001b0   COMPRESSED   0x00000010   Data   RW          410    .data               rnet.o
    0x200001c0   COMPRESSED   0x00000010   Data   RW          411    .data               rnet.o
    0x200001d0   COMPRESSED   0x00000010   Data   RW          412    .data               rnet.o
    0x200001e0   COMPRESSED   0x00000010   Data   RW          413    .data               rnet.o
    0x200001f0   COMPRESSED   0x00000010   Data   RW          414    .data               rnet.o
    0x20000200   COMPRESSED   0x00000010   Data   RW          415    .data               rnet.o
    0x20000210   COMPRESSED   0x00000010   Data   RW          416    .data               rnet.o
    0x20000220   COMPRESSED   0x00000010   Data   RW          417    .data               rnet.o
    0x20000230   COMPRESSED   0x00000010   Data   RW          418    .data               rnet.o
    0x20000240   COMPRESSED   0x00000010   Data   RW          419    .data               rnet.o
    0x20000250   COMPRESSED   0x00000010   Data   RW          420    .data               rnet.o
    0x20000260   COMPRESSED   0x00000010   Data   RW          421    .data               rnet.o
    0x20000270   COMPRESSED   0x00000010   Data   RW          422    .data               rnet.o
    0x20000280   COMPRESSED   0x00000010   Data   RW          423    .data               rnet.o
    0x20000290   COMPRESSED   0x00000010   Data   RW          424    .data               rnet.o
    0x200002a0   COMPRESSED   0x00000010   Data   RW          425    .data               rnet.o
    0x200002b0   COMPRESSED   0x00000010   Data   RW          426    .data               rnet.o
    0x200002c0   COMPRESSED   0x00000010   Data   RW          427    .data               rnet.o
    0x200002d0   COMPRESSED   0x00000010   Data   RW          428    .data               rnet.o
    0x200002e0   COMPRESSED   0x00000010   Data   RW          429    .data               rnet.o
    0x200002f0   COMPRESSED   0x00000010   Data   RW          430    .data               rnet.o
    0x20000300   COMPRESSED   0x00000010   Data   RW          431    .data               rnet.o
    0x20000310   COMPRESSED   0x00000010   Data   RW          432    .data               rnet.o
    0x20000320   COMPRESSED   0x00000010   Data   RW          433    .data               rnet.o
    0x20000330   COMPRESSED   0x00000010   Data   RW          434    .data               rnet.o
    0x20000340   COMPRESSED   0x00000010   Data   RW          435    .data               rnet.o
    0x20000350   COMPRESSED   0x00000010   Data   RW          436    .data               rnet.o
    0x20000360   COMPRESSED   0x00000010   Data   RW          437    .data               rnet.o
    0x20000370   COMPRESSED   0x00000010   Data   RW          438    .data               rnet.o
    0x20000380   COMPRESSED   0x00000010   Data   RW          439    .data               rnet.o
    0x20000390   COMPRESSED   0x00000010   Data   RW          440    .data               rnet.o
    0x200003a0   COMPRESSED   0x00000004   Data   RW          441    .data               rnet.o
    0x200003a4   COMPRESSED   0x00000004   Data   RW          442    .data               rnet.o
    0x200003a8   COMPRESSED   0x0000000c   Data   RW          443    .data               rnet.o
    0x200003b4   COMPRESSED   0x00000004   Data   RW          444    .data               rnet.o
    0x200003b8   COMPRESSED   0x00000030   Data   RW          445    .data               rnet.o
    0x200003e8   COMPRESSED   0x00000010   Data   RW          446    .data               rnet.o
    0x200003f8   COMPRESSED   0x00000004   Data   RW          447    .data               rnet.o
    0x200003fc   COMPRESSED   0x00000004   Data   RW          448    .data               rnet.o
    0x20000400   COMPRESSED   0x0000000c   Data   RW          449    .data               rnet.o
    0x2000040c   COMPRESSED   0x00000004   Data   RW          450    .data               rnet.o
    0x20000410   COMPRESSED   0x00000030   Data   RW          451    .data               rnet.o
    0x20000440   COMPRESSED   0x00000004   Data   RW          452    .data               rnet.o
    0x20000444   COMPRESSED   0x00000004   Data   RW          453    .data               rnet.o
    0x20000448   COMPRESSED   0x0000000c   Data   RW          454    .data               rnet.o
    0x20000454   COMPRESSED   0x00000004   Data   RW          455    .data               rnet.o
    0x20000458   COMPRESSED   0x00000030   Data   RW          456    .data               rnet.o
    0x20000488   COMPRESSED   0x00000004   Data   RW          457    .data               rnet.o
    0x2000048c   COMPRESSED   0x00000004   Data   RW          458    .data               rnet.o
    0x20000490   COMPRESSED   0x00000004   Data   RW          459    .data               rnet.o
    0x20000494   COMPRESSED   0x00000004   Data   RW          460    .data               rnet.o
    0x20000498   COMPRESSED   0x00000030   Data   RW          461    .data               rnet.o
    0x200004c8   COMPRESSED   0x00000010   Data   RW          462    .data               rnet.o
    0x200004d8   COMPRESSED   0x00000004   Data   RW          463    .data               rnet.o
    0x200004dc   COMPRESSED   0x00000004   Data   RW          464    .data               rnet.o
    0x200004e0   COMPRESSED   0x00000008   Data   RW          465    .data               rnet.o
    0x200004e8   COMPRESSED   0x00000004   Data   RW          466    .data               rnet.o
    0x200004ec   COMPRESSED   0x00000030   Data   RW          467    .data               rnet.o
    0x2000051c   COMPRESSED   0x00000004   Data   RW          468    .data               rnet.o
    0x20000520   COMPRESSED   0x00000004   Data   RW          469    .data               rnet.o
    0x20000524   COMPRESSED   0x00000004   Data   RW          470    .data               rnet.o
    0x20000528   COMPRESSED   0x00000004   Data   RW          471    .data               rnet.o
    0x2000052c   COMPRESSED   0x00000030   Data   RW          472    .data               rnet.o
    0x2000055c   COMPRESSED   0x00000004   Data   RW          473    .data               rnet.o
    0x20000560   COMPRESSED   0x00000004   Data   RW          474    .data               rnet.o
    0x20000564   COMPRESSED   0x00000008   Data   RW          475    .data               rnet.o
    0x2000056c   COMPRESSED   0x00000004   Data   RW          476    .data               rnet.o
    0x20000570   COMPRESSED   0x00000030   Data   RW          477    .data               rnet.o
    0x200005a0   COMPRESSED   0x00000004   Data   RW          478    .data               rnet.o
    0x200005a4   COMPRESSED   0x00000004   Data   RW          479    .data               rnet.o
    0x200005a8   COMPRESSED   0x00000008   Data   RW          480    .data               rnet.o
    0x200005b0   COMPRESSED   0x00000004   Data   RW          481    .data               rnet.o
    0x200005b4   COMPRESSED   0x00000030   Data   RW          482    .data               rnet.o
    0x200005e4   COMPRESSED   0x00000004   Data   RW          483    .data               rnet.o
    0x200005e8   COMPRESSED   0x00000004   Data   RW          484    .data               rnet.o
    0x200005ec   COMPRESSED   0x00000004   Data   RW          485    .data               rnet.o
    0x200005f0   COMPRESSED   0x00000004   Data   RW          486    .data               rnet.o
    0x200005f4   COMPRESSED   0x00000030   Data   RW          487    .data               rnet.o
    0x20000624   COMPRESSED   0x00000004   Data   RW          488    .data               rnet.o
    0x20000628   COMPRESSED   0x00000008   Data   RW          489    .data               rnet.o
    0x20000630   COMPRESSED   0x0000000c   Data   RW          490    .data               rnet.o
    0x2000063c   COMPRESSED   0x00000008   Data   RW          491    .data               rnet.o
    0x20000644   COMPRESSED   0x0000000c   Data   RW          492    .data               rnet.o
    0x20000650   COMPRESSED   0x00000018   Data   RW          493    .data               rnet.o
    0x20000668   COMPRESSED   0x00000218   Data   RW          494    .data               rnet.o
    0x20000880   COMPRESSED   0x0000001c   Data   RW          495    .data               rnet.o
    0x2000089c   COMPRESSED   0x0000001c   Data   RW          496    .data               rnet.o
    0x200008b8   COMPRESSED   0x0000001c   Data   RW          497    .data               rnet.o
    0x200008d4   COMPRESSED   0x0000001c   Data   RW          498    .data               rnet.o
    0x200008f0   COMPRESSED   0x0000001c   Data   RW          499    .data               rnet.o
    0x2000090c   COMPRESSED   0x0000001c   Data   RW          500    .data               rnet.o
    0x20000928   COMPRESSED   0x0000001c   Data   RW          501    .data               rnet.o
    0x20000944   COMPRESSED   0x0000001c   Data   RW          502    .data               rnet.o
    0x20000960   COMPRESSED   0x0000001c   Data   RW          503    .data               rnet.o
    0x2000097c   COMPRESSED   0x0000001c   Data   RW          504    .data               rnet.o
    0x20000998   COMPRESSED   0x0000001c   Data   RW          505    .data               rnet.o
    0x200009b4   COMPRESSED   0x0000001c   Data   RW          506    .data               rnet.o
    0x200009d0   COMPRESSED   0x0000001c   Data   RW          507    .data               rnet.o
    0x200009ec   COMPRESSED   0x0000001c   Data   RW          508    .data               rnet.o
    0x20000a08   COMPRESSED   0x0000001c   Data   RW          509    .data               rnet.o
    0x20000a24   COMPRESSED   0x0000001c   Data   RW          510    .data               rnet.o
    0x20000a40   COMPRESSED   0x0000001c   Data   RW          511    .data               rnet.o
    0x20000a5c   COMPRESSED   0x0000001c   Data   RW          512    .data               rnet.o
    0x20000a78   COMPRESSED   0x0000001c   Data   RW          513    .data               rnet.o
    0x20000a94   COMPRESSED   0x0000001c   Data   RW          514    .data               rnet.o
    0x20000ab0   COMPRESSED   0x0000001c   Data   RW          515    .data               rnet.o
    0x20000acc   COMPRESSED   0x0000001c   Data   RW          516    .data               rnet.o
    0x20000ae8   COMPRESSED   0x0000001c   Data   RW          517    .data               rnet.o
    0x20000b04   COMPRESSED   0x0000001c   Data   RW          518    .data               rnet.o
    0x20000b20   COMPRESSED   0x0000001c   Data   RW          519    .data               rnet.o
    0x20000b3c   COMPRESSED   0x0000001c   Data   RW          520    .data               rnet.o
    0x20000b58   COMPRESSED   0x0000001c   Data   RW          521    .data               rnet.o
    0x20000b74   COMPRESSED   0x0000001c   Data   RW          522    .data               rnet.o
    0x20000b90   COMPRESSED   0x0000001c   Data   RW          523    .data               rnet.o
    0x20000bac   COMPRESSED   0x00000058   Data   RW          524    .data               rnet.o
    0x20000c04   COMPRESSED   0x00000058   Data   RW          525    .data               rnet.o
    0x20000c5c   COMPRESSED   0x0000003c   Data   RW          526    .data               rnet.o
    0x20000c98   COMPRESSED   0x00000020   Data   RW          527    .data               rnet.o
    0x20000cb8   COMPRESSED   0x00000018   Data   RW          528    .data               rnet.o
    0x20000cd0   COMPRESSED   0x0000001c   Data   RW          529    .data               rnet.o
    0x20000cec   COMPRESSED   0x00000018   Data   RW          530    .data               rnet.o
    0x20000d04   COMPRESSED   0x00000018   Data   RW          531    .data               rnet.o
    0x20000d1c   COMPRESSED   0x0000001c   Data   RW          532    .data               rnet.o
    0x20000d38   COMPRESSED   0x00000010   Data   RW          628    .data               pnet.o
    0x20000d48   COMPRESSED   0x00000010   Data   RW          629    .data               pnet.o
    0x20000d58   COMPRESSED   0x00000010   Data   RW          630    .data               pnet.o
    0x20000d68   COMPRESSED   0x00000010   Data   RW          631    .data               pnet.o
    0x20000d78   COMPRESSED   0x00000010   Data   RW          632    .data               pnet.o
    0x20000d88   COMPRESSED   0x00000010   Data   RW          633    .data               pnet.o
    0x20000d98   COMPRESSED   0x00000010   Data   RW          634    .data               pnet.o
    0x20000da8   COMPRESSED   0x00000010   Data   RW          635    .data               pnet.o
    0x20000db8   COMPRESSED   0x00000010   Data   RW          636    .data               pnet.o
    0x20000dc8   COMPRESSED   0x00000010   Data   RW          637    .data               pnet.o
    0x20000dd8   COMPRESSED   0x00000010   Data   RW          638    .data               pnet.o
    0x20000de8   COMPRESSED   0x00000010   Data   RW          639    .data               pnet.o
    0x20000df8   COMPRESSED   0x00000010   Data   RW          640    .data               pnet.o
    0x20000e08   COMPRESSED   0x00000010   Data   RW          641    .data               pnet.o
    0x20000e18   COMPRESSED   0x00000010   Data   RW          642    .data               pnet.o
    0x20000e28   COMPRESSED   0x00000010   Data   RW          643    .data               pnet.o
    0x20000e38   COMPRESSED   0x00000010   Data   RW          644    .data               pnet.o
    0x20000e48   COMPRESSED   0x00000010   Data   RW          645    .data               pnet.o
    0x20000e58   COMPRESSED   0x00000010   Data   RW          646    .data               pnet.o
    0x20000e68   COMPRESSED   0x00000010   Data   RW          647    .data               pnet.o
    0x20000e78   COMPRESSED   0x00000010   Data   RW          648    .data               pnet.o
    0x20000e88   COMPRESSED   0x00000010   Data   RW          649    .data               pnet.o
    0x20000e98   COMPRESSED   0x00000010   Data   RW          650    .data               pnet.o
    0x20000ea8   COMPRESSED   0x00000010   Data   RW          651    .data               pnet.o
    0x20000eb8   COMPRESSED   0x00000010   Data   RW          652    .data               pnet.o
    0x20000ec8   COMPRESSED   0x00000010   Data   RW          653    .data               pnet.o
    0x20000ed8   COMPRESSED   0x00000010   Data   RW          654    .data               pnet.o
    0x20000ee8   COMPRESSED   0x00000010   Data   RW          655    .data               pnet.o
    0x20000ef8   COMPRESSED   0x00000010   Data   RW          656    .data               pnet.o
    0x20000f08   COMPRESSED   0x00000010   Data   RW          657    .data               pnet.o
    0x20000f18   COMPRESSED   0x00000010   Data   RW          658    .data               pnet.o
    0x20000f28   COMPRESSED   0x00000010   Data   RW          659    .data               pnet.o
    0x20000f38   COMPRESSED   0x00000010   Data   RW          660    .data               pnet.o
    0x20000f48   COMPRESSED   0x00000010   Data   RW          661    .data               pnet.o
    0x20000f58   COMPRESSED   0x00000010   Data   RW          662    .data               pnet.o
    0x20000f68   COMPRESSED   0x00000010   Data   RW          663    .data               pnet.o
    0x20000f78   COMPRESSED   0x00000010   Data   RW          664    .data               pnet.o
    0x20000f88   COMPRESSED   0x00000010   Data   RW          665    .data               pnet.o
    0x20000f98   COMPRESSED   0x00000010   Data   RW          666    .data               pnet.o
    0x20000fa8   COMPRESSED   0x00000010   Data   RW          667    .data               pnet.o
    0x20000fb8   COMPRESSED   0x00000004   Data   RW          668    .data               pnet.o
    0x20000fbc   COMPRESSED   0x00000004   Data   RW          669    .data               pnet.o
    0x20000fc0   COMPRESSED   0x0000000c   Data   RW          670    .data               pnet.o
    0x20000fcc   COMPRESSED   0x00000004   Data   RW          671    .data               pnet.o
    0x20000fd0   COMPRESSED   0x00000030   Data   RW          672    .data               pnet.o
    0x20001000   COMPRESSED   0x00000004   Data   RW          673    .data               pnet.o
    0x20001004   COMPRESSED   0x00000004   Data   RW          674    .data               pnet.o
    0x20001008   COMPRESSED   0x0000000c   Data   RW          675    .data               pnet.o
    0x20001014   COMPRESSED   0x00000004   Data   RW          676    .data               pnet.o
    0x20001018   COMPRESSED   0x00000030   Data   RW          677    .data               pnet.o
    0x20001048   COMPRESSED   0x00000004   Data   RW          678    .data               pnet.o
    0x2000104c   COMPRESSED   0x00000004   Data   RW          679    .data               pnet.o
    0x20001050   COMPRESSED   0x0000000c   Data   RW          680    .data               pnet.o
    0x2000105c   COMPRESSED   0x00000004   Data   RW          681    .data               pnet.o
    0x20001060   COMPRESSED   0x00000030   Data   RW          682    .data               pnet.o
    0x20001090   COMPRESSED   0x00000004   Data   RW          683    .data               pnet.o
    0x20001094   COMPRESSED   0x00000004   Data   RW          684    .data               pnet.o
    0x20001098   COMPRESSED   0x0000000c   Data   RW          685    .data               pnet.o
    0x200010a4   COMPRESSED   0x00000004   Data   RW          686    .data               pnet.o
    0x200010a8   COMPRESSED   0x00000030   Data   RW          687    .data               pnet.o
    0x200010d8   COMPRESSED   0x00000004   Data   RW          688    .data               pnet.o
    0x200010dc   COMPRESSED   0x00000004   Data   RW          689    .data               pnet.o
    0x200010e0   COMPRESSED   0x0000000c   Data   RW          690    .data               pnet.o
    0x200010ec   COMPRESSED   0x00000004   Data   RW          691    .data               pnet.o
    0x200010f0   COMPRESSED   0x00000030   Data   RW          692    .data               pnet.o
    0x20001120   COMPRESSED   0x00000004   Data   RW          693    .data               pnet.o
    0x20001124   COMPRESSED   0x00000008   Data   RW          694    .data               pnet.o
    0x2000112c   COMPRESSED   0x0000000c   Data   RW          695    .data               pnet.o
    0x20001138   COMPRESSED   0x00000008   Data   RW          696    .data               pnet.o
    0x20001140   COMPRESSED   0x0000000c   Data   RW          697    .data               pnet.o
    0x2000114c   COMPRESSED   0x00000018   Data   RW          698    .data               pnet.o
    0x20001164   COMPRESSED   0x00000198   Data   RW          699    .data               pnet.o
    0x200012fc   COMPRESSED   0x0000001c   Data   RW          700    .data               pnet.o
    0x20001318   COMPRESSED   0x0000001c   Data   RW          701    .data               pnet.o
    0x20001334   COMPRESSED   0x0000001c   Data   RW          702    .data               pnet.o
    0x20001350   COMPRESSED   0x0000001c   Data   RW          703    .data               pnet.o
    0x2000136c   COMPRESSED   0x0000001c   Data   RW          704    .data               pnet.o
    0x20001388   COMPRESSED   0x0000001c   Data   RW          705    .data               pnet.o
    0x200013a4   COMPRESSED   0x0000001c   Data   RW          706    .data               pnet.o
    0x200013c0   COMPRESSED   0x0000001c   Data   RW          707    .data               pnet.o
    0x200013dc   COMPRESSED   0x0000001c   Data   RW          708    .data               pnet.o
    0x200013f8   COMPRESSED   0x0000001c   Data   RW          709    .data               pnet.o
    0x20001414   COMPRESSED   0x0000001c   Data   RW          710    .data               pnet.o
    0x20001430   COMPRESSED   0x0000001c   Data   RW          711    .data               pnet.o
    0x2000144c   COMPRESSED   0x0000001c   Data   RW          712    .data               pnet.o
    0x20001468   COMPRESSED   0x0000001c   Data   RW          713    .data               pnet.o
    0x20001484   COMPRESSED   0x0000001c   Data   RW          714    .data               pnet.o
    0x200014a0   COMPRESSED   0x0000001c   Data   RW          715    .data               pnet.o
    0x200014bc   COMPRESSED   0x0000001c   Data   RW          716    .data               pnet.o
    0x200014d8   COMPRESSED   0x0000001c   Data   RW          717    .data               pnet.o
    0x200014f4   COMPRESSED   0x0000001c   Data   RW          718    .data               pnet.o
    0x20001510   COMPRESSED   0x0000001c   Data   RW          719    .data               pnet.o
    0x2000152c   COMPRESSED   0x00000058   Data   RW          720    .data               pnet.o
    0x20001584   COMPRESSED   0x0000003c   Data   RW          721    .data               pnet.o
    0x200015c0   COMPRESSED   0x0000003c   Data   RW          722    .data               pnet.o
    0x200015fc   COMPRESSED   0x0000003c   Data   RW          723    .data               pnet.o
    0x20001638   COMPRESSED   0x0000003c   Data   RW          724    .data               pnet.o
    0x20001674   COMPRESSED   0x0000000c   Data   RW         1367    .data               aitestutility.o
    0x20001680   COMPRESSED   0x00000048   Data   RW         1567    .data               aivalidation.o
    0x200016c8   COMPRESSED   0x0000000c   Data   RW         2266    .data               stm32l4xx_hal.o
    0x200016d4   COMPRESSED   0x00000004   Data   RW         4670    .data               system_stm32l4xx.o
    0x200016d8   COMPRESSED   0x00000004   Data   RW         5108    .data               NetworkRuntime500_CM4_Keil.lib(core_net_inspect.o)
    0x200016dc   COMPRESSED   0x00000001   Data   RW         5153    .data               NetworkRuntime500_CM4_Keil.lib(core_benchmark.o)
    0x200016dd   COMPRESSED   0x00000003   PAD
    0x200016e0   COMPRESSED   0x00000004   Data   RW         5760    .data               mc_w.l(stdout.o)
    0x200016e4   COMPRESSED   0x00000004   Data   RW         5765    .data               mc_w.l(mvars.o)
    0x200016e8   COMPRESSED   0x00000004   Data   RW         5766    .data               mc_w.l(mvars.o)
    0x200016ec   COMPRESSED   0x00000004   Data   RW         5770    .data               mc_w.l(errno.o)
    0x200016f0        -       0x00000010   Zero   RW          363    .bss                rnet.o
    0x20001700        -       0x00000010   Zero   RW          364    .bss                rnet.o
    0x20001710        -       0x00000010   Zero   RW          365    .bss                rnet.o
    0x20001720        -       0x00000010   Zero   RW          366    .bss                rnet.o
    0x20001730        -       0x00000018   Zero   RW          367    .bss                rnet.o
    0x20001748        -       0x00000010   Zero   RW          368    .bss                rnet.o
    0x20001758        -       0x00000030   Zero   RW          369    .bss                rnet.o
    0x20001788        -       0x00000020   Zero   RW          370    .bss                rnet.o
    0x200017a8        -       0x00000010   Zero   RW          371    .bss                rnet.o
    0x200017b8        -       0x00000010   Zero   RW          610    .bss                pnet.o
    0x200017c8        -       0x00000010   Zero   RW          611    .bss                pnet.o
    0x200017d8        -       0x00000010   Zero   RW          612    .bss                pnet.o
    0x200017e8        -       0x00000010   Zero   RW          613    .bss                pnet.o
    0x200017f8        -       0x00000010   Zero   RW          614    .bss                pnet.o
    0x20001808        -       0x00000010   Zero   RW          615    .bss                pnet.o
    0x20001818        -       0x00000018   Zero   RW          616    .bss                pnet.o
    0x20001830        -       0x00000010   Zero   RW          617    .bss                pnet.o
    0x20001840        -       0x00000030   Zero   RW          618    .bss                pnet.o
    0x20001870        -       0x00000020   Zero   RW          619    .bss                pnet.o
    0x20001890        -       0x00000010   Zero   RW          620    .bss                pnet.o
    0x200018a0        -       0x000000a4   Zero   RW          797    .bss                main.o
    0x20001944        -       0x00000070   Zero   RW          955    .bss                app_x-cube-ai.o
    0x200019b4        -       0x00000274   Zero   RW         1204    .bss                aipbmgr.o
    0x20001c28        -       0x00000042   Zero   RW         1364    .bss                aitestutility.o
    0x20001c6a   COMPRESSED   0x00000006   PAD
    0x20001c70        -       0x00005720   Zero   RW         1561    .bss                aivalidation.o
    0x20007390        -       0x00001d4c   Zero   RW         1562    .bss                aivalidation.o
    0x200090dc        -       0x00000310   Zero   RW         1563    .bss                aivalidation.o
    0x200093ec        -       0x00000188   Zero   RW         1564    .bss                aivalidation.o
    0x20009574        -       0x00000024   Zero   RW         4992    .bss                NetworkRuntime500_CM4_Keil.lib(ai_network_inspector.o)
    0x20009598        -       0x00002000   Zero   RW            2    HEAP                startup_stm32l475xx.o
    0x2000b598        -       0x00000800   Zero   RW            1    STACK               startup_stm32l475xx.o


==============================================================================

Image component sizes


      Code (inc. data)   RO Data    RW Data    ZI Data      Debug   Object Name

      1464         86          0          0        628      34406   aipbmgr.o
      2630       1260        104         12         66      33720   aitestutility.o
      2004        514        118         72      30980      39947   aivalidation.o
       646         24        192          0        112      10301   app_x-cube-ai.o
       232         22          0          0        164     785892   main.o
         0          0          0          0          0      50448   onet.o
         0          0          0          0          0       8008   onet_data.o
       214          0          0          0          0       2940   pb_common.o
      3588        644         40          0          0      37591   pb_decode.o
      2000        318         40          0          0      27766   pb_encode.o
       490         20        225       2364        232       7997   pnet.o
         8          4      26528          0          0        815   pnet_data.o
       652         54        293       3384        200       9169   rnet.o
         8          4     142728          0          0        815   rnet_data.o
        36          8        392          0      10240        848   startup_stm32l475xx.o
       198         38          0         12          0       6035   stm32l4xx_hal.o
       172         14          0          0          0      33322   stm32l4xx_hal_cortex.o
       116          4          0          0          0       1183   stm32l4xx_hal_crc.o
        78          0          0          0          0       1291   stm32l4xx_hal_crc_ex.o
       614         38          0          0          0       2040   stm32l4xx_hal_gpio.o
       184         28          0          0          0       2175   stm32l4xx_hal_msp.o
       120         20          0          0          0       1394   stm32l4xx_hal_pwr_ex.o
      1980        104          0          0          0       7496   stm32l4xx_hal_rcc.o
      1506         44          0          0          0       4100   stm32l4xx_hal_rcc_ex.o
      1640         68          0          0          0       7992   stm32l4xx_hal_uart.o
        20          0          0          0          0       4202   stm32l4xx_it.o
         0          0       1124          0          0      10257   stm32msg.pb.o
        68         12         72          4          0       1249   system_stm32l4xx.o

    ----------------------------------------------------------------------
     20712       3328     171900       5848      42628    1133399   Object Totals
         0          0         32          0          0          0   (incl. Generated)
        44          0         12          0          6          0   (incl. Padding)

    ----------------------------------------------------------------------

      Code (inc. data)   RO Data    RW Data    ZI Data      Debug   Library Member Name

       294         34          0          0          0        244   ai_datatypes_format.o
       456          4          0          0         36       1032   ai_network_inspector.o
      1738         78         32          0          0       2412   ai_platform_interface.o
       118         10          0          1          0        724   core_benchmark.o
        42          0          0          0          0        348   core_common.o
        76          0          0          0          0        480   core_mem_manager.o
      2302         44          0          4          0       1480   core_net_inspect.o
       348          0          0          0          0        392   core_utils.o
       532        296          0          0          0        612   layers.o
      4196         44          0          0          0       2024   layers_conv2d_generic_float.o
       276          0          0          0          0        272   layers_generic_float.o
       664         10          0          0          0        796   layers_nl_generic_float.o
       434          4          0          0          0        148   layers_pool_generic_float.o
       488         62         48          0          0        236   expf.o
        38          0          0          0          0        116   fpclassifyf.o
        38         12          0          0          0        348   funder.o
        86          0          0          0          0          0   __dczerorl2.o
         0          0          0          0          0          0   entry.o
         0          0          0          0          0          0   entry10a.o
         0          0          0          0          0          0   entry11a.o
         8          4          0          0          0          0   entry2.o
         4          0          0          0          0          0   entry5.o
         0          0          0          0          0          0   entry7b.o
         0          0          0          0          0          0   entry8b.o
         8          4          0          0          0          0   entry9a.o
        12          6          0          4          0         68   errno.o
        30          0          0          0          0          0   handlers.o
        36          8          0          0          0         68   init.o
         0          0          0          0          0          0   iusefp.o
        30          0          0          0          0         68   llshl.o
        36          0          0          0          0         68   llsshr.o
        32          0          0          0          0         68   llushr.o
       252         24          0          0          0        252   mallocr.o
        26          0          0          0          0         80   memcmp.o
        36          0          0          0          0         68   memcpya.o
        36          0          0          0          0        108   memseta.o
         0          0          0          8          0          0   mvars.o
      2270         90          0          0          0        452   printfa.o
         0          0          0          4          0          0   stdout.o
        14          0          0          0          0         68   strlen.o
        30          0          0          0          0         80   strncmp.o
        44          0          0          0          0         80   uidiv.o
       104          0          0          0          0         92   uldiv.o
        48          0          0          0          0         68   cdrcmple.o
       350          0          0          0          0        148   dadd.o
       222          0          0          0          0        100   ddiv.o
       186          0          0          0          0        176   depilogue.o
        48          0          0          0          0         68   dfixul.o
       234          0          0          0          0         96   dmul.o
        38          0          0          0          0         68   f2d.o
       110          0          0          0          0        168   fepilogue.o
        28          0          0          0          0         84   ffltul.o

    ----------------------------------------------------------------------
     16440        734         80         24         36      14260   Library Totals
        42          0          0          3          0          0   (incl. Padding)

    ----------------------------------------------------------------------

      Code (inc. data)   RO Data    RW Data    ZI Data      Debug   Library Name

     11476        524         32          5         36      10964   NetworkRuntime500_CM4_Keil.lib
       564         74         48          0          0        700   m_wm.l
      3094        136          0         16          0       1620   mc_w.l
      1264          0          0          0          0        976   mf_w.l

    ----------------------------------------------------------------------
     16440        734         80         24         36      14260   Library Totals

    ----------------------------------------------------------------------

==============================================================================


      Code (inc. data)   RO Data    RW Data    ZI Data      Debug   

     37152       4062     171980       5872      42664    1119391   Grand Totals
     37152       4062     171980       1940      42664    1119391   ELF Image Totals (compressed)
     37152       4062     171980       1940          0          0   ROM Totals

==============================================================================

    Total RO  Size (Code + RO Data)               209132 ( 204.23kB)
    Total RW  Size (RW Data + ZI Data)             48536 (  47.40kB)
    Total ROM Size (Code + RO Data + RW Data)     211072 ( 206.13kB)

==============================================================================

